[1;34m[TID 14488] 07-14-10:21:31.442 INFO WorldGeneratorGPU: Initialize - Creating noise generator[0m
[1;34m[TID 7860] 07-14-10:21:31.442 INFO WorldGeneratorGPU: Initialize - Set chunk dimensions to 64x128x64[0m
[1;34m[TID 15588] 07-14-10:21:31.441 INFO WorldGeneratorGPU: ChunkGeneratorGPU::Initialize - Setting device pointers[0m
[1;34m[TID 13804] 07-14-10:21:31.492 INFO UnitGPUSimplexNoise: GenNoise: Creating pipeline layout[0m
[1;34m[TID 14488] 07-14-10:21:31.492 INFO UnitGPUSimplexNoise: GenNoise: Loading shader[0m
[1;34m[TID 15588] 07-14-10:21:31.497 INFO UnitGPUSimplexNoise: GenNoise: Creating compute pipeline[0m
[1;34m[TID 7860] 07-14-10:21:31.817 INFO UnitGPUSimplexNoise: GenNoise: Binding pipeline and descriptor sets[0m
[1;34m[TID 13804] 07-14-10:21:31.817 INFO WorldGeneratorGPU: Initialize - Noise generator created[0m
[1;34m[TID 14488] 07-14-10:21:31.817 INFO WorldGeneratorGPU: Initialize - Creating descriptor sets[0m
[1;34m[TID 15588] 07-14-10:21:31.818 INFO WorldGeneratorGPU: Descriptor sets created successfully[0m
[1;34m[TID 7860] 07-14-10:21:31.818 INFO WorldGeneratorGPU: ChunkGeneratorGPU::Initialize - Descriptor sets created[0m
[1;34m[TID 13804] 07-14-10:21:31.818 INFO WorldGeneratorGPU: Initialize - Creating compute pipelines[0m
[1;34m[TID 14488] 07-14-10:21:32.022 INFO WorldGeneratorGPU: Compute pipelines created successfully[0m
[1;34m[TID 15588] 07-14-10:21:32.022 INFO WorldGeneratorGPU: Initialize - Compute pipelines created[0m
[1;34m[TID 13804] 07-14-10:21:32.022 INFO WorldGeneratorGPU: Initialize - Creating noise buffers[0m
[1;34m[TID 7860] 07-14-10:21:32.023 INFO WorldGeneratorGPU: Initialize - Noise buffers created[0m
[1;34m[TID 14488] 07-14-10:21:32.023 INFO WorldGeneratorGPU: Initialize - Creating world output buffers[0m
[1;34m[TID 15588] 07-14-10:21:32.042 INFO WorldGeneratorGPU: Initialize - World output buffers created[0m
[1;34m[TID 7860] 07-14-10:21:32.042 INFO WorldGeneratorGPU: Initialize - Initializing async queue[0m
[1;34m[TID 14488] 07-14-10:21:32.043 INFO WorldGeneratorGPU: WorldGeneratorGPU initialized successfully[0m
[1;34m[TID 13804] 07-14-10:21:32.044 INFO WorldGeneratorGPU: Created lookup table buffers: maxUnitId=256[0m
[1;34m[TID 15588] 07-14-10:21:32.045 INFO WorldGeneratorGPU: Skipping polygon fence generation for integrated GPU[0m
[1;34m[TID 7860] 07-14-10:21:32.052 ERROR BiomeRegistryGPU: Cannot update GPU buffer: registry not initialized[0m
[1;34m[TID 14488] 07-14-10:21:32.053 ERROR UnitRegistryGPU: Cannot update GPU buffer: registry not initialized[0m
[1;34m[TID 13804] 07-14-10:21:32.061 INFO WorldGeneratorGPU: Updated lookup table buffers with 0 units[0m
[1;34m[TID 15588] 07-14-10:21:32.061 INFO WorldGeneratorGPU: Starting chunk generation pipeline for dimensions 64x128x64[0m
[1;34m[TID 7860] 07-14-10:21:32.061 INFO WorldGeneratorGPU: ExecuteNoiseStage: Starting simplex noise generation[0m
[1;34m[TID 14488] 07-14-10:21:32.061 INFO WorldGeneratorGPU: ExecuteNoiseStage: Calling GenNoise[0m
[1;35m[1;33m[1;34m[TID 13804] 07-14-10:21:32.128 FATAL Game: Validation layer: vkCmdBindPipeline(): was called in VkCommandBuffer 0x264d76b2e68 which is now in an invalid state (instead of recording state) because the following objects bound to the command buffer were invalidated
 VkBuffer 0x450000000045 was destroyed
 VkBuffer 0x470000000047 was destroyed
The Vulkan spec states: commandBuffer must be in the recording state (https://docs.vulkan.org/spec/latest/chapters/pipelines.html#VUID-vkCmdBindPipeline-commandBuffer-recording)[0m
[1;35m[1;33m[1;34m[TID 7860] 07-14-10:21:32.579 FATAL Game: Validation layer: vkCmdBindDescriptorSets(): was called in VkCommandBuffer 0x264d76b2e68 which is now in an invalid state (instead of recording state) because the following objects bound to the command buffer were invalidated
 VkBuffer 0x450000000045 was destroyed
 VkBuffer 0x470000000047 was destroyed
The Vulkan spec states: commandBuffer must be in the recording state (https://docs.vulkan.org/spec/latest/chapters/descriptorsets.html#VUID-vkCmdBindDescriptorSets-commandBuffer-recording)[0m
[1;35m[1;33m[1;34m[TID 15588] 07-14-10:21:32.588 FATAL Game: Validation layer: vkCmdPushConstants(): was called in VkCommandBuffer 0x264d76b2e68 which is now in an invalid state (instead of recording state) because the following objects bound to the command buffer were invalidated
 VkBuffer 0x450000000045 was destroyed
 VkBuffer 0x470000000047 was destroyed
The Vulkan spec states: commandBuffer must be in the recording state (https://docs.vulkan.org/spec/latest/chapters/descriptorsets.html#VUID-vkCmdPushConstants-commandBuffer-recording)[0m
[1;35m[1;33m[1;34m[TID 14488] 07-14-10:21:32.595 FATAL Game: Validation layer: vkCmdDispatch(): was called in VkCommandBuffer 0x264d76b2e68 which is now in an invalid state (instead of recording state) because the following objects bound to the command buffer were invalidated
 VkBuffer 0x450000000045 was destroyed
 VkBuffer 0x470000000047 was destroyed
The Vulkan spec states: commandBuffer must be in the recording state (https://docs.vulkan.org/spec/latest/chapters/dispatch.html#VUID-vkCmdDispatch-commandBuffer-recording)[0m
[1;35m[1;33m[1;34m[TID 13804] 07-14-10:21:32.610 FATAL Game: Validation layer: vkCmdPipelineBarrier(): was called in VkCommandBuffer 0x264d76b2e68 which is now in an invalid state (instead of recording state) because the following objects bound to the command buffer were invalidated
 VkBuffer 0x450000000045 was destroyed
 VkBuffer 0x470000000047 was destroyed
The Vulkan spec states: commandBuffer must be in the recording state (https://docs.vulkan.org/spec/latest/chapters/synchronization.html#VUID-vkCmdPipelineBarrier-commandBuffer-recording)[0m
[1;34m[TID 7860] 07-14-10:21:32.622 INFO WorldGeneratorGPU: ExecuteNoiseStage: GenNoise completed[0m
[1;35m[1;33m[1;34m[TID 15588] 07-14-10:21:32.623 FATAL Game: Validation layer: vkCmdPipelineBarrier(): was called in VkCommandBuffer 0x264d76b2e68 which is now in an invalid state (instead of recording state) because the following objects bound to the command buffer were invalidated
 VkBuffer 0x450000000045 was destroyed
 VkBuffer 0x470000000047 was destroyed
The Vulkan spec states: commandBuffer must be in the recording state (https://docs.vulkan.org/spec/latest/chapters/synchronization.html#VUID-vkCmdPipelineBarrier-commandBuffer-recording)[0m
[1;35m[1;33m[1;34m[TID 14488] 07-14-10:21:32.641 FATAL Game: Validation layer: vkCmdBindPipeline(): was called in VkCommandBuffer 0x264d76b2e68 which is now in an invalid state (instead of recording state) because the following objects bound to the command buffer were invalidated
 VkBuffer 0x450000000045 was destroyed
 VkBuffer 0x470000000047 was destroyed
The Vulkan spec states: commandBuffer must be in the recording state (https://docs.vulkan.org/spec/latest/chapters/pipelines.html#VUID-vkCmdBindPipeline-commandBuffer-recording)[0m
[1;35m[1;33m[1;34m[TID 13804] 07-14-10:21:32.652 FATAL Game: Validation layer: vkCmdBindDescriptorSets(): was called in VkCommandBuffer 0x264d76b2e68 which is now in an invalid state (instead of recording state) because the following objects bound to the command buffer were invalidated
 VkBuffer 0x450000000045 was destroyed
 VkBuffer 0x470000000047 was destroyed
The Vulkan spec states: commandBuffer must be in the recording state (https://docs.vulkan.org/spec/latest/chapters/descriptorsets.html#VUID-vkCmdBindDescriptorSets-commandBuffer-recording)[0m
[1;35m[1;33m[1;34m[TID 7860] 07-14-10:21:32.665 FATAL Game: Validation layer: vkCmdPushConstants(): was called in VkCommandBuffer 0x264d76b2e68 which is now in an invalid state (instead of recording state) because the following objects bound to the command buffer were invalidated
 VkBuffer 0x450000000045 was destroyed
 VkBuffer 0x470000000047 was destroyed
The Vulkan spec states: commandBuffer must be in the recording state (https://docs.vulkan.org/spec/latest/chapters/descriptorsets.html#VUID-vkCmdPushConstants-commandBuffer-recording)[0m
[1;35m[1;33m[1;34m[TID 15588] 07-14-10:21:32.683 FATAL Game: Validation layer: vkCmdDispatch(): was called in VkCommandBuffer 0x264d76b2e68 which is now in an invalid state (instead of recording state) because the following objects bound to the command buffer were invalidated
 VkBuffer 0x450000000045 was destroyed
 VkBuffer 0x470000000047 was destroyed
The Vulkan spec states: commandBuffer must be in the recording state (https://docs.vulkan.org/spec/latest/chapters/dispatch.html#VUID-vkCmdDispatch-commandBuffer-recording)[0m
[1;35m[1;33m[1;34m[TID 14488] 07-14-10:21:32.709 FATAL Game: Validation layer: vkCmdPipelineBarrier(): was called in VkCommandBuffer 0x264d76b2e68 which is now in an invalid state (instead of recording state) because the following objects bound to the command buffer were invalidated
 VkBuffer 0x450000000045 was destroyed
 VkBuffer 0x470000000047 was destroyed
The Vulkan spec states: commandBuffer must be in the recording state (https://docs.vulkan.org/spec/latest/chapters/synchronization.html#VUID-vkCmdPipelineBarrier-commandBuffer-recording)[0m
[1;35m[1;33m[1;34m[TID 13804] 07-14-10:21:32.724 FATAL Game: Validation layer: vkCmdPipelineBarrier(): was called in VkCommandBuffer 0x264d76b2e68 which is now in an invalid state (instead of recording state) because the following objects bound to the command buffer were invalidated
 VkBuffer 0x450000000045 was destroyed
 VkBuffer 0x470000000047 was destroyed
The Vulkan spec states: commandBuffer must be in the recording state (https://docs.vulkan.org/spec/latest/chapters/synchronization.html#VUID-vkCmdPipelineBarrier-commandBuffer-recording)[0m
[1;35m[1;33m[1;34m[TID 7860] 07-14-10:21:32.737 FATAL Game: Validation layer: vkCmdPipelineBarrier(): was called in VkCommandBuffer 0x264d76b2e68 which is now in an invalid state (instead of recording state) because the following objects bound to the command buffer were invalidated
 VkBuffer 0x450000000045 was destroyed
 VkBuffer 0x470000000047 was destroyed
The Vulkan spec states: commandBuffer must be in the recording state (https://docs.vulkan.org/spec/latest/chapters/synchronization.html#VUID-vkCmdPipelineBarrier-commandBuffer-recording)[0m
[1;35m[1;33m[1;34m[TID 15588] 07-14-10:21:32.752 FATAL Game: Validation layer: vkCmdPipelineBarrier(): was called in VkCommandBuffer 0x264d76b2e68 which is now in an invalid state (instead of recording state) because the following objects bound to the command buffer were invalidated
 VkBuffer 0x450000000045 was destroyed
 VkBuffer 0x470000000047 was destroyed
The Vulkan spec states: commandBuffer must be in the recording state (https://docs.vulkan.org/spec/latest/chapters/synchronization.html#VUID-vkCmdPipelineBarrier-commandBuffer-recording)[0m
[1;34m[TID 14488] 07-14-10:21:32.769 INFO WorldGeneratorGPU: Noise stage completed[0m
[1;34m[TID 13804] 07-14-10:21:32.770 INFO WorldGeneratorGPU: Executing heightmap stage[0m
[1;35m[1;33m[1;34m[TID 7860] 07-14-10:21:32.770 FATAL Game: Validation layer: vkCmdPipelineBarrier(): was called in VkCommandBuffer 0x264d76b2e68 which is now in an invalid state (instead of recording state) because the following objects bound to the command buffer were invalidated
 VkBuffer 0x450000000045 was destroyed
 VkBuffer 0x470000000047 was destroyed
The Vulkan spec states: commandBuffer must be in the recording state (https://docs.vulkan.org/spec/latest/chapters/synchronization.html#VUID-vkCmdPipelineBarrier-commandBuffer-recording)[0m
[1;35m[1;33m[1;34m[TID 15588] 07-14-10:21:32.793 FATAL Game: Validation layer: vkCmdBindPipeline(): was called in VkCommandBuffer 0x264d76b2e68 which is now in an invalid state (instead of recording state) because the following objects bound to the command buffer were invalidated
 VkBuffer 0x450000000045 was destroyed
 VkBuffer 0x470000000047 was destroyed
The Vulkan spec states: commandBuffer must be in the recording state (https://docs.vulkan.org/spec/latest/chapters/pipelines.html#VUID-vkCmdBindPipeline-commandBuffer-recording)[0m
[1;35m[1;33m[1;34m[TID 14488] 07-14-10:21:32.807 FATAL Game: Validation layer: vkCmdBindDescriptorSets(): was called in VkCommandBuffer 0x264d76b2e68 which is now in an invalid state (instead of recording state) because the following objects bound to the command buffer were invalidated
 VkBuffer 0x450000000045 was destroyed
 VkBuffer 0x470000000047 was destroyed
The Vulkan spec states: commandBuffer must be in the recording state (https://docs.vulkan.org/spec/latest/chapters/descriptorsets.html#VUID-vkCmdBindDescriptorSets-commandBuffer-recording)[0m
[1;35m[1;33m[1;34m[TID 7860] 07-14-10:21:32.828 FATAL Game: Validation layer: vkCmdPushConstants(): was called in VkCommandBuffer 0x264d76b2e68 which is now in an invalid state (instead of recording state) because the following objects bound to the command buffer were invalidated
 VkBuffer 0x450000000045 was destroyed
 VkBuffer 0x470000000047 was destroyed
The Vulkan spec states: commandBuffer must be in the recording state (https://docs.vulkan.org/spec/latest/chapters/descriptorsets.html#VUID-vkCmdPushConstants-commandBuffer-recording)[0m
[1;35m[1;33m[1;34m[TID 13804] 07-14-10:21:32.840 FATAL Game: Validation layer: vkCmdDispatch(): was called in VkCommandBuffer 0x264d76b2e68 which is now in an invalid state (instead of recording state) because the following objects bound to the command buffer were invalidated
 VkBuffer 0x450000000045 was destroyed
 VkBuffer 0x470000000047 was destroyed
The Vulkan spec states: commandBuffer must be in the recording state (https://docs.vulkan.org/spec/latest/chapters/dispatch.html#VUID-vkCmdDispatch-commandBuffer-recording)[0m
[1;35m[1;33m[1;34m[TID 15588] 07-14-10:21:32.906 FATAL Game: Validation layer: vkCmdPipelineBarrier(): was called in VkCommandBuffer 0x264d76b2e68 which is now in an invalid state (instead of recording state) because the following objects bound to the command buffer were invalidated
 VkBuffer 0x450000000045 was destroyed
 VkBuffer 0x470000000047 was destroyed
The Vulkan spec states: commandBuffer must be in the recording state (https://docs.vulkan.org/spec/latest/chapters/synchronization.html#VUID-vkCmdPipelineBarrier-commandBuffer-recording)[0m
[1;34m[TID 14488] 07-14-10:21:32.939 INFO WorldGeneratorGPU: Executing biome stage[0m
[1;35m[1;33m[1;34m[TID 7860] 07-14-10:21:32.939 FATAL Game: Validation layer: vkCmdPipelineBarrier(): was called in VkCommandBuffer 0x264d76b2e68 which is now in an invalid state (instead of recording state) because the following objects bound to the command buffer were invalidated
 VkBuffer 0x450000000045 was destroyed
 VkBuffer 0x470000000047 was destroyed
The Vulkan spec states: commandBuffer must be in the recording state (https://docs.vulkan.org/spec/latest/chapters/synchronization.html#VUID-vkCmdPipelineBarrier-commandBuffer-recording)[0m
[1;35m[1;33m[1;34m[TID 13804] 07-14-10:21:32.978 FATAL Game: Validation layer: (Warning - This VUID has now been reported 10 times, which is the duplicate_message_limit value, this will be the last time reporting it).
vkCmdPipelineBarrier(): was called in VkCommandBuffer 0x264d76b2e68 which is now in an invalid state (instead of recording state) because the following objects bound to the command buffer were invalidated
 VkBuffer 0x450000000045 was destroyed
 VkBuffer 0x470000000047 was destroyed
The Vulkan spec states: commandBuffer must be in the recording state (https://docs.vulkan.org/spec/latest/chapters/synchronization.html#VUID-vkCmdPipelineBarrier-commandBuffer-recording)[0m
[1;35m[1;33m[1;34m[TID 15588] 07-14-10:21:33.003 FATAL Game: Validation layer: vkCmdBindPipeline(): was called in VkCommandBuffer 0x264d76b2e68 which is now in an invalid state (instead of recording state) because the following objects bound to the command buffer were invalidated
 VkBuffer 0x450000000045 was destroyed
 VkBuffer 0x470000000047 was destroyed
The Vulkan spec states: commandBuffer must be in the recording state (https://docs.vulkan.org/spec/latest/chapters/pipelines.html#VUID-vkCmdBindPipeline-commandBuffer-recording)[0m
[1;35m[1;33m[1;34m[TID 14488] 07-14-10:21:33.018 FATAL Game: Validation layer: vkUpdateDescriptorSets(): pDescriptorWrites[3].pBufferInfo[0].buffer is VK_NULL_HANDLE, and descriptorType is VK_DESCRIPTOR_TYPE_STORAGE_BUFFER.
The Vulkan spec states: If the nullDescriptor feature is not enabled, buffer must not be VK_NULL_HANDLE (https://docs.vulkan.org/spec/latest/chapters/descriptorsets.html#VUID-VkDescriptorBufferInfo-buffer-02998)[0m
[1;35m[1;33m[1;34m[TID 7860] 07-14-10:21:33.034 FATAL Game: Validation layer: vkUpdateDescriptorSets(): pDescriptorWrites[3].pBufferInfo[0].buffer found in the template update has an invalid VkBuffer 0x0 (while trying to update a descriptorType of VK_DESCRIPTOR_TYPE_STORAGE_BUFFER).
The Vulkan spec states: If buffer is not VK_NULL_HANDLE, buffer must be a valid VkBuffer handle (https://docs.vulkan.org/spec/latest/chapters/descriptorsets.html#VUID-VkDescriptorBufferInfo-buffer-parameter)[0m
[1;35m[1;33m[1;34m[TID 13804] 07-14-10:21:33.050 FATAL Game: Validation layer: vkCmdBindDescriptorSets(): was called in VkCommandBuffer 0x264d76b2e68 which is now in an invalid state (instead of recording state) because the following objects bound to the command buffer were invalidated
 VkBuffer 0x450000000045 was destroyed
 VkBuffer 0x470000000047 was destroyed
The Vulkan spec states: commandBuffer must be in the recording state (https://docs.vulkan.org/spec/latest/chapters/descriptorsets.html#VUID-vkCmdBindDescriptorSets-commandBuffer-recording)[0m
[1;35m[1;33m[1;34m[TID 15588] 07-14-10:21:33.067 FATAL Game: Validation layer: vkCmdPushConstants(): was called in VkCommandBuffer 0x264d76b2e68 which is now in an invalid state (instead of recording state) because the following objects bound to the command buffer were invalidated
 VkBuffer 0x450000000045 was destroyed
 VkBuffer 0x470000000047 was destroyed
The Vulkan spec states: commandBuffer must be in the recording state (https://docs.vulkan.org/spec/latest/chapters/descriptorsets.html#VUID-vkCmdPushConstants-commandBuffer-recording)[0m
[1;35m[1;33m[1;34m[TID 14488] 07-14-10:21:33.075 FATAL Game: Validation layer: vkCmdDispatch(): was called in VkCommandBuffer 0x264d76b2e68 which is now in an invalid state (instead of recording state) because the following objects bound to the command buffer were invalidated
 VkBuffer 0x450000000045 was destroyed
 VkBuffer 0x470000000047 was destroyed
The Vulkan spec states: commandBuffer must be in the recording state (https://docs.vulkan.org/spec/latest/chapters/dispatch.html#VUID-vkCmdDispatch-commandBuffer-recording)[0m
[1;35m[1;33m[1;34m[TID 7860] 07-14-10:21:33.083 FATAL Game: Validation layer: vkCmdDispatch(): the storage buffer descriptor [VkDescriptorSet 0x210000000021, Set 0, Binding 3, Index 0, variable "biomeReg"] is using buffer VkBuffer 0x0 that is invalid or has been destroyed.
The Vulkan spec states: Descriptors in each bound descriptor set, specified via vkCmdBindDescriptorSets, must be valid if they are accessed as described by descriptor validity by the VkPipeline bound to the pipeline bind point used by this command and the bound VkPipeline was not created with VK_PIPELINE_CREATE_DESCRIPTOR_BUFFER_BIT_EXT (https://docs.vulkan.org/spec/latest/chapters/dispatch.html#VUID-vkCmdDispatch-None-08114)[0m
[1;34m[TID 13804] 07-14-10:21:33.091 INFO WorldGeneratorGPU: Biome stage completed[0m
[1;34m[TID 15588] 07-14-10:21:33.091 INFO WorldGeneratorGPU: Executing unit placement stage[0m
[1;35m[1;33m[1;34m[TID 14488] 07-14-10:21:33.091 FATAL Game: Validation layer: vkCmdBindPipeline(): was called in VkCommandBuffer 0x264d76b2e68 which is now in an invalid state (instead of recording state) because the following objects bound to the command buffer were invalidated
 VkBuffer 0x450000000045 was destroyed
 VkBuffer 0x470000000047 was destroyed
The Vulkan spec states: commandBuffer must be in the recording state (https://docs.vulkan.org/spec/latest/chapters/pipelines.html#VUID-vkCmdBindPipeline-commandBuffer-recording)[0m
[1;35m[1;33m[1;34m[TID 7860] 07-14-10:21:33.114 FATAL Game: Validation layer: vkUpdateDescriptorSets(): pDescriptorWrites[5].pBufferInfo[0].buffer is VK_NULL_HANDLE, and descriptorType is VK_DESCRIPTOR_TYPE_STORAGE_BUFFER.
The Vulkan spec states: If the nullDescriptor feature is not enabled, buffer must not be VK_NULL_HANDLE (https://docs.vulkan.org/spec/latest/chapters/descriptorsets.html#VUID-VkDescriptorBufferInfo-buffer-02998)[0m
[1;35m[1;33m[1;34m[TID 13804] 07-14-10:21:33.124 FATAL Game: Validation layer: vkUpdateDescriptorSets(): pDescriptorWrites[6].pBufferInfo[0].buffer is VK_NULL_HANDLE, and descriptorType is VK_DESCRIPTOR_TYPE_STORAGE_BUFFER.
The Vulkan spec states: If the nullDescriptor feature is not enabled, buffer must not be VK_NULL_HANDLE (https://docs.vulkan.org/spec/latest/chapters/descriptorsets.html#VUID-VkDescriptorBufferInfo-buffer-02998)[0m
[1;35m[1;33m[1;34m[TID 14488] 07-14-10:21:33.133 FATAL Game: Validation layer: vkUpdateDescriptorSets(): pDescriptorWrites[5].pBufferInfo[0].buffer found in the template update has an invalid VkBuffer 0x0 (while trying to update a descriptorType of VK_DESCRIPTOR_TYPE_STORAGE_BUFFER).
The Vulkan spec states: If buffer is not VK_NULL_HANDLE, buffer must be a valid VkBuffer handle (https://docs.vulkan.org/spec/latest/chapters/descriptorsets.html#VUID-VkDescriptorBufferInfo-buffer-parameter)[0m
[1;35m[1;33m[1;34m[TID 15588] 07-14-10:21:33.153 FATAL Game: Validation layer: vkUpdateDescriptorSets(): pDescriptorWrites[6].pBufferInfo[0].buffer found in the template update has an invalid VkBuffer 0x0 (while trying to update a descriptorType of VK_DESCRIPTOR_TYPE_STORAGE_BUFFER).
The Vulkan spec states: If buffer is not VK_NULL_HANDLE, buffer must be a valid VkBuffer handle (https://docs.vulkan.org/spec/latest/chapters/descriptorsets.html#VUID-VkDescriptorBufferInfo-buffer-parameter)[0m
[1;35m[1;33m[1;34m[TID 7860] 07-14-10:21:33.171 FATAL Game: Validation layer: vkCmdBindDescriptorSets(): was called in VkCommandBuffer 0x264d76b2e68 which is now in an invalid state (instead of recording state) because the following objects bound to the command buffer were invalidated
 VkBuffer 0x450000000045 was destroyed
 VkBuffer 0x470000000047 was destroyed
The Vulkan spec states: commandBuffer must be in the recording state (https://docs.vulkan.org/spec/latest/chapters/descriptorsets.html#VUID-vkCmdBindDescriptorSets-commandBuffer-recording)[0m
[1;35m[1;33m[1;34m[TID 13804] 07-14-10:21:33.186 FATAL Game: Validation layer: vkCmdPushConstants(): was called in VkCommandBuffer 0x264d76b2e68 which is now in an invalid state (instead of recording state) because the following objects bound to the command buffer were invalidated
 VkBuffer 0x450000000045 was destroyed
 VkBuffer 0x470000000047 was destroyed
The Vulkan spec states: commandBuffer must be in the recording state (https://docs.vulkan.org/spec/latest/chapters/descriptorsets.html#VUID-vkCmdPushConstants-commandBuffer-recording)[0m
[1;35m[1;33m[1;34m[TID 14488] 07-14-10:21:33.203 FATAL Game: Validation layer: vkCmdDispatch(): was called in VkCommandBuffer 0x264d76b2e68 which is now in an invalid state (instead of recording state) because the following objects bound to the command buffer were invalidated
 VkBuffer 0x450000000045 was destroyed
 VkBuffer 0x470000000047 was destroyed
The Vulkan spec states: commandBuffer must be in the recording state (https://docs.vulkan.org/spec/latest/chapters/dispatch.html#VUID-vkCmdDispatch-commandBuffer-recording)[0m
[1;35m[1;33m[1;34m[TID 15588] 07-14-10:21:33.221 FATAL Game: Validation layer: vkCmdDispatch(): the storage buffer descriptor [VkDescriptorSet 0x260000000026, Set 0, Binding 6, Index 0, variable "biomeRules"] is using buffer VkBuffer 0x0 that is invalid or has been destroyed.
The Vulkan spec states: Descriptors in each bound descriptor set, specified via vkCmdBindDescriptorSets, must be valid if they are accessed as described by descriptor validity by the VkPipeline bound to the pipeline bind point used by this command and the bound VkPipeline was not created with VK_PIPELINE_CREATE_DESCRIPTOR_BUFFER_BIT_EXT (https://docs.vulkan.org/spec/latest/chapters/dispatch.html#VUID-vkCmdDispatch-None-08114)[0m
[1;35m[1;33m[1;34m[TID 7860] 07-14-10:21:33.243 FATAL Game: Validation layer: vkCmdDispatch(): the storage buffer descriptor [VkDescriptorSet 0x260000000026, Set 0, Binding 5, Index 0, variable "unitReg"] is using buffer VkBuffer 0x0 that is invalid or has been destroyed.
The Vulkan spec states: Descriptors in each bound descriptor set, specified via vkCmdBindDescriptorSets, must be valid if they are accessed as described by descriptor validity by the VkPipeline bound to the pipeline bind point used by this command and the bound VkPipeline was not created with VK_PIPELINE_CREATE_DESCRIPTOR_BUFFER_BIT_EXT (https://docs.vulkan.org/spec/latest/chapters/dispatch.html#VUID-vkCmdDispatch-None-08114)[0m
[1;34m[TID 13804] 07-14-10:21:33.257 INFO WorldGeneratorGPU: Unit placement stage completed[0m
[1;35m[1;33m[1;34m[TID 14488] 07-14-10:21:33.257 FATAL Game: Validation layer: vkEndCommandBuffer(): was called in VkCommandBuffer 0x264d76b2e68 which is now in an invalid state (instead of recording state) because the following objects bound to the command buffer were invalidated
 VkBuffer 0x450000000045 was destroyed
 VkBuffer 0x470000000047 was destroyed
The Vulkan spec states: commandBuffer must be in the recording state (https://docs.vulkan.org/spec/latest/chapters/cmdbuffers.html#VUID-vkEndCommandBuffer-commandBuffer-00059)[0m
