[1;34m[TID 13204] 07-14-10:51:08.723 INFO WorldGeneratorGPU: Initialize - Creating noise generator[0m
[1;34m[TID 11944] 07-14-10:51:08.723 INFO WorldGeneratorGPU: Initialize - Set chunk dimensions to 64x128x64[0m
[1;34m[TID 8436] 07-14-10:51:08.722 INFO WorldGeneratorGPU: ChunkGeneratorGPU::Initialize - Setting device pointers[0m
[1;34m[TID 12128] 07-14-10:51:08.750 INFO UnitGPUSimplexNoise: GenNoise: Creating pipeline layout[0m
[1;34m[TID 11944] 07-14-10:51:08.751 INFO UnitGPUSimplexNoise: GenNoise: Loading shader[0m
[1;34m[TID 13204] 07-14-10:51:08.756 INFO UnitGPUSimplexNoise: GenNoise: Creating compute pipeline[0m
[1;34m[TID 8436] 07-14-10:51:09.065 INFO UnitGPUSimplexNoise: GenNoise: Binding pipeline and descriptor sets[0m
[1;34m[TID 12128] 07-14-10:51:09.065 INFO WorldGeneratorGPU: Initialize - Noise generator created[0m
[1;34m[TID 11944] 07-14-10:51:09.065 INFO WorldGeneratorGPU: Initialize - Creating descriptor sets[0m
[1;34m[TID 13204] 07-14-10:51:09.065 INFO WorldGeneratorGPU: Descriptor sets created successfully[0m
[1;34m[TID 8436] 07-14-10:51:09.066 INFO WorldGeneratorGPU: ChunkGeneratorGPU::Initialize - Descriptor sets created[0m
[1;34m[TID 13204] 07-14-10:51:09.066 INFO WorldGeneratorGPU: Initialize - Creating compute pipelines[0m
[1;34m[TID 11944] 07-14-10:51:09.232 INFO WorldGeneratorGPU: Compute pipelines created successfully[0m
[1;34m[TID 12128] 07-14-10:51:09.232 INFO WorldGeneratorGPU: Initialize - Compute pipelines created[0m
[1;34m[TID 13204] 07-14-10:51:09.232 INFO WorldGeneratorGPU: Initialize - Creating noise buffers[0m
[1;34m[TID 8436] 07-14-10:51:09.233 INFO WorldGeneratorGPU: Initialize - Noise buffers created[0m
[1;34m[TID 11944] 07-14-10:51:09.233 INFO WorldGeneratorGPU: Initialize - Creating world output buffers[0m
[1;34m[TID 12128] 07-14-10:51:09.248 INFO WorldGeneratorGPU: Initialize - World output buffers created[0m
[1;34m[TID 13204] 07-14-10:51:09.248 INFO WorldGeneratorGPU: Initialize - Initializing async queue[0m
[1;34m[TID 8436] 07-14-10:51:09.248 INFO WorldGeneratorGPU: WorldGeneratorGPU initialized successfully[0m
[1;34m[TID 11944] 07-14-10:51:09.249 ERROR UnitRegistryGPU: Failed to create staging buffer[0m
[1;34m[TID 12128] 07-14-10:51:09.251 ERROR UnitRegistryGPU: Cannot register unit: registry not initialized[0m
[1;34m[TID 8436] 07-14-10:51:09.251 ERROR UnitRegistryGPU: Cannot register unit: registry not initialized[0m
