[1;34m[TID 10608] 07-14-10:55:17.038 INFO WorldGeneratorGPU: Initialize - Set chunk dimensions to 64x128x64[0m
[1;34m[TID 15600] 07-14-10:55:17.038 INFO WorldGeneratorGPU: ChunkGeneratorGPU::Initialize - Setting device pointers[0m
[1;34m[TID 8732] 07-14-10:55:17.038 INFO WorldGeneratorGPU: Initialize - Creating noise generator[0m
[1;34m[TID 17128] 07-14-10:55:17.052 INFO UnitGPUSimplexNoise: GenNoise: Creating pipeline layout[0m
[1;34m[TID 10608] 07-14-10:55:17.052 INFO UnitGPUSimplexNoise: GenNoise: Loading shader[0m
[1;34m[TID 8732] 07-14-10:55:17.054 INFO UnitGPUSimplexNoise: GenNoise: Creating compute pipeline[0m
[1;34m[TID 15600] 07-14-10:55:17.356 INFO UnitGPUSimplexNoise: GenNoise: Binding pipeline and descriptor sets[0m
[1;34m[TID 17128] 07-14-10:55:17.356 INFO WorldGeneratorGPU: Initialize - Noise generator created[0m
[1;34m[TID 10608] 07-14-10:55:17.357 INFO WorldGeneratorGPU: Initialize - Creating descriptor sets[0m
[1;34m[TID 8732] 07-14-10:55:17.357 INFO WorldGeneratorGPU: Descriptor sets created successfully[0m
[1;34m[TID 15600] 07-14-10:55:17.358 INFO WorldGeneratorGPU: ChunkGeneratorGPU::Initialize - Descriptor sets created[0m
[1;34m[TID 10608] 07-14-10:55:17.358 INFO WorldGeneratorGPU: Initialize - Creating compute pipelines[0m
[1;34m[TID 10608] 07-14-10:55:17.526 INFO WorldGeneratorGPU: Compute pipelines created successfully[0m
[1;34m[TID 17128] 07-14-10:55:17.526 INFO WorldGeneratorGPU: Initialize - Compute pipelines created[0m
[1;34m[TID 15600] 07-14-10:55:17.526 INFO WorldGeneratorGPU: Initialize - Creating noise buffers[0m
[1;34m[TID 8732] 07-14-10:55:17.526 INFO WorldGeneratorGPU: Initialize - Noise buffers created[0m
[1;34m[TID 10608] 07-14-10:55:17.527 INFO WorldGeneratorGPU: Initialize - Creating world output buffers[0m
[1;34m[TID 15600] 07-14-10:55:17.541 INFO WorldGeneratorGPU: Initialize - World output buffers created[0m
[1;34m[TID 17128] 07-14-10:55:17.541 INFO WorldGeneratorGPU: Initialize - Initializing async queue[0m
[1;34m[TID 8732] 07-14-10:55:17.541 INFO WorldGeneratorGPU: WorldGeneratorGPU initialized successfully[0m
[1;34m[TID 10608] 07-14-10:55:17.541 INFO UnitRegistryGPU: UnitRegistryGPU initialized successfully[0m
[1;34m[TID 15600] 07-14-10:55:17.543 INFO WorldGeneratorGPU: Created lookup table buffers: maxUnitId=256[0m
[1;34m[TID 8732] 07-14-10:55:17.543 INFO WorldGeneratorGPU: Skipping polygon fence generation for integrated GPU[0m
