[1;34m[TID 17340] 07-14-12:39:59.807 INFO WorldGeneratorGPU: Initialize - Creating noise generator[0m
[1;34m[TID 11908] 07-14-12:39:59.806 INFO WorldGeneratorGPU: ChunkGeneratorGPU::Initialize - Setting device pointers[0m
[1;34m[TID 16992] 07-14-12:39:59.807 INFO WorldGeneratorGPU: Initialize - Set chunk dimensions to 64x128x64[0m
[1;34m[TID 13320] 07-14-12:39:59.854 INFO UnitGPUSimplexNoise: GenNoise: Creating pipeline layout[0m
[1;34m[TID 16992] 07-14-12:39:59.855 INFO UnitGPUSimplexNoise: GenNoise: Loading shader[0m
[1;34m[TID 11908] 07-14-12:39:59.863 INFO UnitGPUSimplexNoise: GenNoise: Creating compute pipeline[0m
[1;34m[TID 17340] 07-14-12:40:00.179 INFO UnitGPUSimplexNoise: GenNoise: Binding pipeline and descriptor sets[0m
[1;34m[TID 13320] 07-14-12:40:00.179 INFO WorldGeneratorGPU: Initialize - Noise generator created[0m
[1;34m[TID 16992] 07-14-12:40:00.179 INFO WorldGeneratorGPU: Initialize - Creating descriptor sets[0m
[1;34m[TID 11908] 07-14-12:40:00.179 INFO WorldGeneratorGPU: Descriptor sets created successfully[0m
[1;34m[TID 17340] 07-14-12:40:00.180 INFO WorldGeneratorGPU: ChunkGeneratorGPU::Initialize - Descriptor sets created[0m
[1;34m[TID 16992] 07-14-12:40:00.180 INFO WorldGeneratorGPU: Initialize - Creating compute pipelines[0m
[1;34m[TID 16992] 07-14-12:40:00.363 INFO WorldGeneratorGPU: Compute pipelines created successfully[0m
[1;34m[TID 13320] 07-14-12:40:00.363 INFO WorldGeneratorGPU: Initialize - Compute pipelines created[0m
[1;34m[TID 11908] 07-14-12:40:00.364 INFO WorldGeneratorGPU: Initialize - Noise buffers created[0m
[1;34m[TID 17340] 07-14-12:40:00.363 INFO WorldGeneratorGPU: Initialize - Creating noise buffers[0m
[1;34m[TID 16992] 07-14-12:40:00.364 INFO WorldGeneratorGPU: Initialize - Creating world output buffers[0m
[1;34m[TID 16992] 07-14-12:40:00.383 INFO WorldGeneratorGPU: Initialize - World output buffers created[0m
[1;34m[TID 17340] 07-14-12:40:00.383 INFO WorldGeneratorGPU: Initialize - Initializing async queue[0m
[1;34m[TID 11908] 07-14-12:40:00.384 INFO WorldGeneratorGPU: WorldGeneratorGPU initialized successfully[0m
[1;34m[TID 13320] 07-14-12:40:00.385 INFO UnitRegistryGPU: UnitRegistryGPU initialized successfully[0m
[1;34m[TID 16992] 07-14-12:40:00.385 WARN UnitRegistryGPU: No units registered, skipping GPU buffer update[0m
[1;34m[TID 17340] 07-14-12:40:00.387 INFO WorldGeneratorGPU: Created lookup table buffers: maxUnitId=256[0m
[1;34m[TID 17340] 07-14-12:40:00.387 INFO WorldGeneratorGPU: Skipping polygon fence generation for integrated GPU[0m
[1;35m[1;33m[1;34m[TID 13320] 07-14-12:40:00.459 FATAL Game: Validation layer: vkCmdCopyBuffer(): was called before vkBeginCommandBuffer().
The Vulkan spec states: commandBuffer must be in the recording state (https://docs.vulkan.org/spec/latest/chapters/copies.html#VUID-vkCmdCopyBuffer-commandBuffer-recording)[0m
[1;35m[1;33m[1;34m[TID 16992] 07-14-12:40:00.861 FATAL Game: Validation layer: vkCmdCopyBuffer(): was called before vkBeginCommandBuffer().
The Vulkan spec states: commandBuffer must be in the recording state (https://docs.vulkan.org/spec/latest/chapters/copies.html#VUID-vkCmdCopyBuffer-commandBuffer-recording)[0m
[1;35m[1;33m[1;34m[TID 11908] 07-14-12:40:00.870 FATAL Game: Validation layer: vkCmdPipelineBarrier(): was called before vkBeginCommandBuffer().
The Vulkan spec states: commandBuffer must be in the recording state (https://docs.vulkan.org/spec/latest/chapters/synchronization.html#VUID-vkCmdPipelineBarrier-commandBuffer-recording)[0m
[1;34m[TID 17340] 07-14-12:40:00.876 INFO WorldGeneratorGPU: Updated lookup table buffers with 0 units[0m
[1;34m[TID 13320] 07-14-12:40:00.876 INFO WorldGeneratorGPU: Starting chunk generation pipeline for dimensions 64x128x64[0m
[1;34m[TID 16992] 07-14-12:40:00.876 INFO WorldGeneratorGPU: ExecuteNoiseStage: Starting simplex noise generation[0m
[1;34m[TID 11908] 07-14-12:40:00.876 INFO WorldGeneratorGPU: ExecuteNoiseStage: Calling GenNoise[0m
[1;34m[TID 17340] 07-14-12:40:00.879 INFO WorldGeneratorGPU: ExecuteNoiseStage: GenNoise completed[0m
[1;34m[TID 16992] 07-14-12:40:00.880 INFO WorldGeneratorGPU: Noise stage completed[0m
[1;34m[TID 13320] 07-14-12:40:00.880 INFO WorldGeneratorGPU: Executing heightmap stage[0m
[1;34m[TID 11908] 07-14-12:40:00.880 INFO WorldGeneratorGPU: Executing biome stage[0m
[1;35m[1;33m[1;34m[TID 17340] 07-14-12:40:00.883 FATAL Game: Validation layer: vkUpdateDescriptorSets(): pDescriptorWrites[3].pBufferInfo[0].buffer is VK_NULL_HANDLE, and descriptorType is VK_DESCRIPTOR_TYPE_STORAGE_BUFFER.
The Vulkan spec states: If the nullDescriptor feature is not enabled, buffer must not be VK_NULL_HANDLE (https://docs.vulkan.org/spec/latest/chapters/descriptorsets.html#VUID-VkDescriptorBufferInfo-buffer-02998)[0m
[1;35m[1;33m[1;34m[TID 13320] 07-14-12:40:00.889 FATAL Game: Validation layer: vkUpdateDescriptorSets(): pDescriptorWrites[3].pBufferInfo[0].buffer found in the template update has an invalid VkBuffer 0x0 (while trying to update a descriptorType of VK_DESCRIPTOR_TYPE_STORAGE_BUFFER).
The Vulkan spec states: If buffer is not VK_NULL_HANDLE, buffer must be a valid VkBuffer handle (https://docs.vulkan.org/spec/latest/chapters/descriptorsets.html#VUID-VkDescriptorBufferInfo-buffer-parameter)[0m
[1;35m[1;33m[1;34m[TID 11908] 07-14-12:40:00.895 FATAL Game: Validation layer: vkCmdDispatch(): the storage buffer descriptor [VkDescriptorSet 0x210000000021, Set 0, Binding 3, Index 0, variable "biomeReg"] is using buffer VkBuffer 0x0 that is invalid or has been destroyed.
The Vulkan spec states: Descriptors in each bound descriptor set, specified via vkCmdBindDescriptorSets, must be valid if they are accessed as described by descriptor validity by the VkPipeline bound to the pipeline bind point used by this command and the bound VkPipeline was not created with VK_PIPELINE_CREATE_DESCRIPTOR_BUFFER_BIT_EXT (https://docs.vulkan.org/spec/latest/chapters/dispatch.html#VUID-vkCmdDispatch-None-08114)[0m
[1;34m[TID 16992] 07-14-12:40:00.906 INFO WorldGeneratorGPU: Biome stage completed[0m
[1;34m[TID 17340] 07-14-12:40:00.906 INFO WorldGeneratorGPU: Executing unit placement stage[0m
[1;35m[1;33m[1;34m[TID 13320] 07-14-12:40:00.906 FATAL Game: Validation layer: vkUpdateDescriptorSets(): pDescriptorWrites[5].pBufferInfo[0].buffer is VK_NULL_HANDLE, and descriptorType is VK_DESCRIPTOR_TYPE_STORAGE_BUFFER.
The Vulkan spec states: If the nullDescriptor feature is not enabled, buffer must not be VK_NULL_HANDLE (https://docs.vulkan.org/spec/latest/chapters/descriptorsets.html#VUID-VkDescriptorBufferInfo-buffer-02998)[0m
[1;35m[1;33m[1;34m[TID 11908] 07-14-12:40:00.911 FATAL Game: Validation layer: vkUpdateDescriptorSets(): pDescriptorWrites[6].pBufferInfo[0].buffer is VK_NULL_HANDLE, and descriptorType is VK_DESCRIPTOR_TYPE_STORAGE_BUFFER.
The Vulkan spec states: If the nullDescriptor feature is not enabled, buffer must not be VK_NULL_HANDLE (https://docs.vulkan.org/spec/latest/chapters/descriptorsets.html#VUID-VkDescriptorBufferInfo-buffer-02998)[0m
[1;35m[1;33m[1;34m[TID 16992] 07-14-12:40:00.916 FATAL Game: Validation layer: vkUpdateDescriptorSets(): pDescriptorWrites[5].pBufferInfo[0].buffer found in the template update has an invalid VkBuffer 0x0 (while trying to update a descriptorType of VK_DESCRIPTOR_TYPE_STORAGE_BUFFER).
The Vulkan spec states: If buffer is not VK_NULL_HANDLE, buffer must be a valid VkBuffer handle (https://docs.vulkan.org/spec/latest/chapters/descriptorsets.html#VUID-VkDescriptorBufferInfo-buffer-parameter)[0m
[1;35m[1;33m[1;34m[TID 17340] 07-14-12:40:00.921 FATAL Game: Validation layer: vkUpdateDescriptorSets(): pDescriptorWrites[6].pBufferInfo[0].buffer found in the template update has an invalid VkBuffer 0x0 (while trying to update a descriptorType of VK_DESCRIPTOR_TYPE_STORAGE_BUFFER).
The Vulkan spec states: If buffer is not VK_NULL_HANDLE, buffer must be a valid VkBuffer handle (https://docs.vulkan.org/spec/latest/chapters/descriptorsets.html#VUID-VkDescriptorBufferInfo-buffer-parameter)[0m
[1;35m[1;33m[1;34m[TID 13320] 07-14-12:40:00.926 FATAL Game: Validation layer: vkCmdDispatch(): the storage buffer descriptor [VkDescriptorSet 0x260000000026, Set 0, Binding 6, Index 0, variable "biomeRules"] is using buffer VkBuffer 0x0 that is invalid or has been destroyed.
The Vulkan spec states: Descriptors in each bound descriptor set, specified via vkCmdBindDescriptorSets, must be valid if they are accessed as described by descriptor validity by the VkPipeline bound to the pipeline bind point used by this command and the bound VkPipeline was not created with VK_PIPELINE_CREATE_DESCRIPTOR_BUFFER_BIT_EXT (https://docs.vulkan.org/spec/latest/chapters/dispatch.html#VUID-vkCmdDispatch-None-08114)[0m
[1;35m[1;33m[1;34m[TID 11908] 07-14-12:40:00.933 FATAL Game: Validation layer: vkCmdDispatch(): the storage buffer descriptor [VkDescriptorSet 0x260000000026, Set 0, Binding 5, Index 0, variable "unitReg"] is using buffer VkBuffer 0x0 that is invalid or has been destroyed.
The Vulkan spec states: Descriptors in each bound descriptor set, specified via vkCmdBindDescriptorSets, must be valid if they are accessed as described by descriptor validity by the VkPipeline bound to the pipeline bind point used by this command and the bound VkPipeline was not created with VK_PIPELINE_CREATE_DESCRIPTOR_BUFFER_BIT_EXT (https://docs.vulkan.org/spec/latest/chapters/dispatch.html#VUID-vkCmdDispatch-None-08114)[0m
[1;34m[TID 16992] 07-14-12:40:00.944 INFO WorldGeneratorGPU: Unit placement stage completed[0m
