[1;34m[TID 16580] 07-14-10:19:33.015 INFO WorldGeneratorGPU: Initialize - Creating noise generator[0m
[1;34m[TID 2784] 07-14-10:19:33.015 INFO WorldGeneratorGPU: Initialize - Set chunk dimensions to 64x128x64[0m
[1;34m[TID 8796] 07-14-10:19:33.015 INFO WorldGeneratorGPU: ChunkGeneratorGPU::Initialize - Setting device pointers[0m
[1;34m[TID 14732] 07-14-10:19:33.043 INFO UnitGPUSimplexNoise: GenNoise: Creating pipeline layout[0m
[1;34m[TID 16580] 07-14-10:19:33.044 INFO UnitGPUSimplexNoise: GenNoise: Loading shader[0m
[1;34m[TID 8796] 07-14-10:19:33.050 INFO UnitGPUSimplexNoise: GenNoise: Creating compute pipeline[0m
[1;34m[TID 2784] 07-14-10:19:33.400 INFO UnitGPUSimplexNoise: GenNoise: Binding pipeline and descriptor sets[0m
[1;34m[TID 16580] 07-14-10:19:33.400 INFO WorldGeneratorGPU: Initialize - Creating descriptor sets[0m
[1;34m[TID 14732] 07-14-10:19:33.400 INFO WorldGeneratorGPU: Initialize - Noise generator created[0m
[1;34m[TID 8796] 07-14-10:19:33.400 INFO WorldGeneratorGPU: Descriptor sets created successfully[0m
[1;34m[TID 2784] 07-14-10:19:33.401 INFO WorldGeneratorGPU: ChunkGeneratorGPU::Initialize - Descriptor sets created[0m
[1;34m[TID 14732] 07-14-10:19:33.401 INFO WorldGeneratorGPU: Initialize - Creating compute pipelines[0m
[1;34m[TID 16580] 07-14-10:19:33.591 INFO WorldGeneratorGPU: Compute pipelines created successfully[0m
[1;34m[TID 8796] 07-14-10:19:33.591 INFO WorldGeneratorGPU: Initialize - Compute pipelines created[0m
[1;34m[TID 2784] 07-14-10:19:33.591 INFO WorldGeneratorGPU: Initialize - Creating noise buffers[0m
[1;34m[TID 14732] 07-14-10:19:33.592 INFO WorldGeneratorGPU: Initialize - Noise buffers created[0m
[1;34m[TID 16580] 07-14-10:19:33.592 INFO WorldGeneratorGPU: Initialize - Creating world output buffers[0m
[1;34m[TID 2784] 07-14-10:19:33.611 INFO WorldGeneratorGPU: Initialize - World output buffers created[0m
[1;34m[TID 14732] 07-14-10:19:33.611 INFO WorldGeneratorGPU: Initialize - Initializing async queue[0m
[1;34m[TID 8796] 07-14-10:19:33.612 INFO WorldGeneratorGPU: WorldGeneratorGPU initialized successfully[0m
[1;34m[TID 16580] 07-14-10:19:33.614 INFO WorldGeneratorGPU: Created lookup table buffers: maxUnitId=256[0m
[1;34m[TID 8796] 07-14-10:19:33.614 INFO WorldGeneratorGPU: Skipping polygon fence generation for integrated GPU[0m
[1;34m[TID 14732] 07-14-10:19:33.620 ERROR BiomeRegistryGPU: Cannot update GPU buffer: registry not initialized[0m
[1;34m[TID 2784] 07-14-10:19:33.621 ERROR UnitRegistryGPU: Cannot update GPU buffer: registry not initialized[0m
[1;34m[TID 16580] 07-14-10:19:33.626 INFO WorldGeneratorGPU: Updated lookup table buffers with 0 units[0m
[1;34m[TID 8796] 07-14-10:19:33.626 INFO WorldGeneratorGPU: Starting chunk generation pipeline for dimensions 64x128x64[0m
[1;34m[TID 14732] 07-14-10:19:33.626 INFO WorldGeneratorGPU: ExecuteNoiseStage: Starting simplex noise generation[0m
[1;34m[TID 2784] 07-14-10:19:33.626 INFO WorldGeneratorGPU: ExecuteNoiseStage: Calling GenNoise[0m
[1;35m[1;33m[1;34m[TID 16580] 07-14-10:19:33.697 FATAL Game: Validation layer: vkCmdBindPipeline(): was called in VkCommandBuffer 0x241b22a4018 which is now in an invalid state (instead of recording state) because the following objects bound to the command buffer were invalidated
 VkBuffer 0x450000000045 was destroyed
 VkBuffer 0x470000000047 was destroyed
The Vulkan spec states: commandBuffer must be in the recording state (https://docs.vulkan.org/spec/latest/chapters/pipelines.html#VUID-vkCmdBindPipeline-commandBuffer-recording)[0m
[1;35m[1;33m[1;34m[TID 8796] 07-14-10:19:34.059 FATAL Game: Validation layer: vkCmdBindDescriptorSets(): was called in VkCommandBuffer 0x241b22a4018 which is now in an invalid state (instead of recording state) because the following objects bound to the command buffer were invalidated
 VkBuffer 0x450000000045 was destroyed
 VkBuffer 0x470000000047 was destroyed
The Vulkan spec states: commandBuffer must be in the recording state (https://docs.vulkan.org/spec/latest/chapters/descriptorsets.html#VUID-vkCmdBindDescriptorSets-commandBuffer-recording)[0m
[1;35m[1;33m[1;34m[TID 2784] 07-14-10:19:34.065 FATAL Game: Validation layer: vkCmdPushConstants(): was called in VkCommandBuffer 0x241b22a4018 which is now in an invalid state (instead of recording state) because the following objects bound to the command buffer were invalidated
 VkBuffer 0x450000000045 was destroyed
 VkBuffer 0x470000000047 was destroyed
The Vulkan spec states: commandBuffer must be in the recording state (https://docs.vulkan.org/spec/latest/chapters/descriptorsets.html#VUID-vkCmdPushConstants-commandBuffer-recording)[0m
[1;35m[1;33m[1;34m[TID 14732] 07-14-10:19:34.069 FATAL Game: Validation layer: vkCmdDispatch(): was called in VkCommandBuffer 0x241b22a4018 which is now in an invalid state (instead of recording state) because the following objects bound to the command buffer were invalidated
 VkBuffer 0x450000000045 was destroyed
 VkBuffer 0x470000000047 was destroyed
The Vulkan spec states: commandBuffer must be in the recording state (https://docs.vulkan.org/spec/latest/chapters/dispatch.html#VUID-vkCmdDispatch-commandBuffer-recording)[0m
[1;35m[1;33m[1;34m[TID 16580] 07-14-10:19:34.073 FATAL Game: Validation layer: vkCmdPipelineBarrier(): was called in VkCommandBuffer 0x241b22a4018 which is now in an invalid state (instead of recording state) because the following objects bound to the command buffer were invalidated
 VkBuffer 0x450000000045 was destroyed
 VkBuffer 0x470000000047 was destroyed
The Vulkan spec states: commandBuffer must be in the recording state (https://docs.vulkan.org/spec/latest/chapters/synchronization.html#VUID-vkCmdPipelineBarrier-commandBuffer-recording)[0m
[1;34m[TID 8796] 07-14-10:19:34.077 INFO WorldGeneratorGPU: ExecuteNoiseStage: GenNoise completed[0m
[1;35m[1;33m[1;34m[TID 2784] 07-14-10:19:34.077 FATAL Game: Validation layer: vkCmdPipelineBarrier(): was called in VkCommandBuffer 0x241b22a4018 which is now in an invalid state (instead of recording state) because the following objects bound to the command buffer were invalidated
 VkBuffer 0x450000000045 was destroyed
 VkBuffer 0x470000000047 was destroyed
The Vulkan spec states: commandBuffer must be in the recording state (https://docs.vulkan.org/spec/latest/chapters/synchronization.html#VUID-vkCmdPipelineBarrier-commandBuffer-recording)[0m
[1;35m[1;33m[1;34m[TID 14732] 07-14-10:19:34.082 FATAL Game: Validation layer: vkCmdBindPipeline(): was called in VkCommandBuffer 0x241b22a4018 which is now in an invalid state (instead of recording state) because the following objects bound to the command buffer were invalidated
 VkBuffer 0x450000000045 was destroyed
 VkBuffer 0x470000000047 was destroyed
The Vulkan spec states: commandBuffer must be in the recording state (https://docs.vulkan.org/spec/latest/chapters/pipelines.html#VUID-vkCmdBindPipeline-commandBuffer-recording)[0m
[1;35m[1;33m[1;34m[TID 16580] 07-14-10:19:34.086 FATAL Game: Validation layer: vkCmdBindDescriptorSets(): was called in VkCommandBuffer 0x241b22a4018 which is now in an invalid state (instead of recording state) because the following objects bound to the command buffer were invalidated
 VkBuffer 0x450000000045 was destroyed
 VkBuffer 0x470000000047 was destroyed
The Vulkan spec states: commandBuffer must be in the recording state (https://docs.vulkan.org/spec/latest/chapters/descriptorsets.html#VUID-vkCmdBindDescriptorSets-commandBuffer-recording)[0m
[1;35m[1;33m[1;34m[TID 2784] 07-14-10:19:34.089 FATAL Game: Validation layer: vkCmdPushConstants(): was called in VkCommandBuffer 0x241b22a4018 which is now in an invalid state (instead of recording state) because the following objects bound to the command buffer were invalidated
 VkBuffer 0x450000000045 was destroyed
 VkBuffer 0x470000000047 was destroyed
The Vulkan spec states: commandBuffer must be in the recording state (https://docs.vulkan.org/spec/latest/chapters/descriptorsets.html#VUID-vkCmdPushConstants-commandBuffer-recording)[0m
[1;35m[1;33m[1;34m[TID 8796] 07-14-10:19:34.092 FATAL Game: Validation layer: vkCmdDispatch(): was called in VkCommandBuffer 0x241b22a4018 which is now in an invalid state (instead of recording state) because the following objects bound to the command buffer were invalidated
 VkBuffer 0x450000000045 was destroyed
 VkBuffer 0x470000000047 was destroyed
The Vulkan spec states: commandBuffer must be in the recording state (https://docs.vulkan.org/spec/latest/chapters/dispatch.html#VUID-vkCmdDispatch-commandBuffer-recording)[0m
[1;35m[1;33m[1;34m[TID 14732] 07-14-10:19:34.097 FATAL Game: Validation layer: vkCmdPipelineBarrier(): was called in VkCommandBuffer 0x241b22a4018 which is now in an invalid state (instead of recording state) because the following objects bound to the command buffer were invalidated
 VkBuffer 0x450000000045 was destroyed
 VkBuffer 0x470000000047 was destroyed
The Vulkan spec states: commandBuffer must be in the recording state (https://docs.vulkan.org/spec/latest/chapters/synchronization.html#VUID-vkCmdPipelineBarrier-commandBuffer-recording)[0m
[1;35m[1;33m[1;34m[TID 16580] 07-14-10:19:34.100 FATAL Game: Validation layer: vkCmdPipelineBarrier(): was called in VkCommandBuffer 0x241b22a4018 which is now in an invalid state (instead of recording state) because the following objects bound to the command buffer were invalidated
 VkBuffer 0x450000000045 was destroyed
 VkBuffer 0x470000000047 was destroyed
The Vulkan spec states: commandBuffer must be in the recording state (https://docs.vulkan.org/spec/latest/chapters/synchronization.html#VUID-vkCmdPipelineBarrier-commandBuffer-recording)[0m
[1;35m[1;33m[1;34m[TID 2784] 07-14-10:19:34.104 FATAL Game: Validation layer: vkCmdPipelineBarrier(): was called in VkCommandBuffer 0x241b22a4018 which is now in an invalid state (instead of recording state) because the following objects bound to the command buffer were invalidated
 VkBuffer 0x450000000045 was destroyed
 VkBuffer 0x470000000047 was destroyed
The Vulkan spec states: commandBuffer must be in the recording state (https://docs.vulkan.org/spec/latest/chapters/synchronization.html#VUID-vkCmdPipelineBarrier-commandBuffer-recording)[0m
[1;35m[1;33m[1;34m[TID 8796] 07-14-10:19:34.110 FATAL Game: Validation layer: vkCmdPipelineBarrier(): was called in VkCommandBuffer 0x241b22a4018 which is now in an invalid state (instead of recording state) because the following objects bound to the command buffer were invalidated
 VkBuffer 0x450000000045 was destroyed
 VkBuffer 0x470000000047 was destroyed
The Vulkan spec states: commandBuffer must be in the recording state (https://docs.vulkan.org/spec/latest/chapters/synchronization.html#VUID-vkCmdPipelineBarrier-commandBuffer-recording)[0m
[1;34m[TID 14732] 07-14-10:19:34.117 INFO WorldGeneratorGPU: Noise stage completed[0m
[1;34m[TID 16580] 07-14-10:19:34.117 INFO WorldGeneratorGPU: Executing heightmap stage[0m
[1;35m[1;33m[1;34m[TID 2784] 07-14-10:19:34.117 FATAL Game: Validation layer: vkCmdPipelineBarrier(): was called in VkCommandBuffer 0x241b22a4018 which is now in an invalid state (instead of recording state) because the following objects bound to the command buffer were invalidated
 VkBuffer 0x450000000045 was destroyed
 VkBuffer 0x470000000047 was destroyed
The Vulkan spec states: commandBuffer must be in the recording state (https://docs.vulkan.org/spec/latest/chapters/synchronization.html#VUID-vkCmdPipelineBarrier-commandBuffer-recording)[0m
[1;35m[1;33m[1;34m[TID 8796] 07-14-10:19:34.125 FATAL Game: Validation layer: vkCmdBindPipeline(): was called in VkCommandBuffer 0x241b22a4018 which is now in an invalid state (instead of recording state) because the following objects bound to the command buffer were invalidated
 VkBuffer 0x450000000045 was destroyed
 VkBuffer 0x470000000047 was destroyed
The Vulkan spec states: commandBuffer must be in the recording state (https://docs.vulkan.org/spec/latest/chapters/pipelines.html#VUID-vkCmdBindPipeline-commandBuffer-recording)[0m
[1;35m[1;33m[1;34m[TID 14732] 07-14-10:19:34.135 FATAL Game: Validation layer: vkCmdBindDescriptorSets(): was called in VkCommandBuffer 0x241b22a4018 which is now in an invalid state (instead of recording state) because the following objects bound to the command buffer were invalidated
 VkBuffer 0x450000000045 was destroyed
 VkBuffer 0x470000000047 was destroyed
The Vulkan spec states: commandBuffer must be in the recording state (https://docs.vulkan.org/spec/latest/chapters/descriptorsets.html#VUID-vkCmdBindDescriptorSets-commandBuffer-recording)[0m
[1;35m[1;33m[1;34m[TID 2784] 07-14-10:19:34.143 FATAL Game: Validation layer: vkCmdPushConstants(): was called in VkCommandBuffer 0x241b22a4018 which is now in an invalid state (instead of recording state) because the following objects bound to the command buffer were invalidated
 VkBuffer 0x450000000045 was destroyed
 VkBuffer 0x470000000047 was destroyed
The Vulkan spec states: commandBuffer must be in the recording state (https://docs.vulkan.org/spec/latest/chapters/descriptorsets.html#VUID-vkCmdPushConstants-commandBuffer-recording)[0m
[1;35m[1;33m[1;34m[TID 16580] 07-14-10:19:34.156 FATAL Game: Validation layer: vkCmdDispatch(): was called in VkCommandBuffer 0x241b22a4018 which is now in an invalid state (instead of recording state) because the following objects bound to the command buffer were invalidated
 VkBuffer 0x450000000045 was destroyed
 VkBuffer 0x470000000047 was destroyed
The Vulkan spec states: commandBuffer must be in the recording state (https://docs.vulkan.org/spec/latest/chapters/dispatch.html#VUID-vkCmdDispatch-commandBuffer-recording)[0m
[1;35m[1;33m[1;34m[TID 8796] 07-14-10:19:34.173 FATAL Game: Validation layer: vkCmdPipelineBarrier(): was called in VkCommandBuffer 0x241b22a4018 which is now in an invalid state (instead of recording state) because the following objects bound to the command buffer were invalidated
 VkBuffer 0x450000000045 was destroyed
 VkBuffer 0x470000000047 was destroyed
The Vulkan spec states: commandBuffer must be in the recording state (https://docs.vulkan.org/spec/latest/chapters/synchronization.html#VUID-vkCmdPipelineBarrier-commandBuffer-recording)[0m
[1;34m[TID 14732] 07-14-10:19:34.179 INFO WorldGeneratorGPU: Executing biome stage[0m
[1;35m[1;33m[1;34m[TID 2784] 07-14-10:19:34.180 FATAL Game: Validation layer: vkCmdPipelineBarrier(): was called in VkCommandBuffer 0x241b22a4018 which is now in an invalid state (instead of recording state) because the following objects bound to the command buffer were invalidated
 VkBuffer 0x450000000045 was destroyed
 VkBuffer 0x470000000047 was destroyed
The Vulkan spec states: commandBuffer must be in the recording state (https://docs.vulkan.org/spec/latest/chapters/synchronization.html#VUID-vkCmdPipelineBarrier-commandBuffer-recording)[0m
[1;35m[1;33m[1;34m[TID 16580] 07-14-10:19:34.187 FATAL Game: Validation layer: (Warning - This VUID has now been reported 10 times, which is the duplicate_message_limit value, this will be the last time reporting it).
vkCmdPipelineBarrier(): was called in VkCommandBuffer 0x241b22a4018 which is now in an invalid state (instead of recording state) because the following objects bound to the command buffer were invalidated
 VkBuffer 0x450000000045 was destroyed
 VkBuffer 0x470000000047 was destroyed
The Vulkan spec states: commandBuffer must be in the recording state (https://docs.vulkan.org/spec/latest/chapters/synchronization.html#VUID-vkCmdPipelineBarrier-commandBuffer-recording)[0m
[1;35m[1;33m[1;34m[TID 8796] 07-14-10:19:34.192 FATAL Game: Validation layer: vkCmdBindPipeline(): was called in VkCommandBuffer 0x241b22a4018 which is now in an invalid state (instead of recording state) because the following objects bound to the command buffer were invalidated
 VkBuffer 0x450000000045 was destroyed
 VkBuffer 0x470000000047 was destroyed
The Vulkan spec states: commandBuffer must be in the recording state (https://docs.vulkan.org/spec/latest/chapters/pipelines.html#VUID-vkCmdBindPipeline-commandBuffer-recording)[0m
[1;35m[1;33m[1;34m[TID 14732] 07-14-10:19:34.200 FATAL Game: Validation layer: vkUpdateDescriptorSets(): pDescriptorWrites[3].pBufferInfo[0].buffer is VK_NULL_HANDLE, and descriptorType is VK_DESCRIPTOR_TYPE_STORAGE_BUFFER.
The Vulkan spec states: If the nullDescriptor feature is not enabled, buffer must not be VK_NULL_HANDLE (https://docs.vulkan.org/spec/latest/chapters/descriptorsets.html#VUID-VkDescriptorBufferInfo-buffer-02998)[0m
[1;35m[1;33m[1;34m[TID 2784] 07-14-10:19:34.206 FATAL Game: Validation layer: vkUpdateDescriptorSets(): pDescriptorWrites[3].pBufferInfo[0].buffer found in the template update has an invalid VkBuffer 0x0 (while trying to update a descriptorType of VK_DESCRIPTOR_TYPE_STORAGE_BUFFER).
The Vulkan spec states: If buffer is not VK_NULL_HANDLE, buffer must be a valid VkBuffer handle (https://docs.vulkan.org/spec/latest/chapters/descriptorsets.html#VUID-VkDescriptorBufferInfo-buffer-parameter)[0m
[1;35m[1;33m[1;34m[TID 16580] 07-14-10:19:34.213 FATAL Game: Validation layer: vkCmdBindDescriptorSets(): was called in VkCommandBuffer 0x241b22a4018 which is now in an invalid state (instead of recording state) because the following objects bound to the command buffer were invalidated
 VkBuffer 0x450000000045 was destroyed
 VkBuffer 0x470000000047 was destroyed
The Vulkan spec states: commandBuffer must be in the recording state (https://docs.vulkan.org/spec/latest/chapters/descriptorsets.html#VUID-vkCmdBindDescriptorSets-commandBuffer-recording)[0m
[1;35m[1;33m[1;34m[TID 8796] 07-14-10:19:34.219 FATAL Game: Validation layer: vkCmdPushConstants(): was called in VkCommandBuffer 0x241b22a4018 which is now in an invalid state (instead of recording state) because the following objects bound to the command buffer were invalidated
 VkBuffer 0x450000000045 was destroyed
 VkBuffer 0x470000000047 was destroyed
The Vulkan spec states: commandBuffer must be in the recording state (https://docs.vulkan.org/spec/latest/chapters/descriptorsets.html#VUID-vkCmdPushConstants-commandBuffer-recording)[0m
[1;35m[1;33m[1;34m[TID 14732] 07-14-10:19:34.224 FATAL Game: Validation layer: vkCmdDispatch(): was called in VkCommandBuffer 0x241b22a4018 which is now in an invalid state (instead of recording state) because the following objects bound to the command buffer were invalidated
 VkBuffer 0x450000000045 was destroyed
 VkBuffer 0x470000000047 was destroyed
The Vulkan spec states: commandBuffer must be in the recording state (https://docs.vulkan.org/spec/latest/chapters/dispatch.html#VUID-vkCmdDispatch-commandBuffer-recording)[0m
[1;35m[1;33m[1;34m[TID 2784] 07-14-10:19:34.230 FATAL Game: Validation layer: vkCmdDispatch(): the storage buffer descriptor [VkDescriptorSet 0x210000000021, Set 0, Binding 3, Index 0, variable "biomeReg"] is using buffer VkBuffer 0x0 that is invalid or has been destroyed.
The Vulkan spec states: Descriptors in each bound descriptor set, specified via vkCmdBindDescriptorSets, must be valid if they are accessed as described by descriptor validity by the VkPipeline bound to the pipeline bind point used by this command and the bound VkPipeline was not created with VK_PIPELINE_CREATE_DESCRIPTOR_BUFFER_BIT_EXT (https://docs.vulkan.org/spec/latest/chapters/dispatch.html#VUID-vkCmdDispatch-None-08114)[0m
[1;34m[TID 16580] 07-14-10:19:34.246 INFO WorldGeneratorGPU: Biome stage completed[0m
[1;34m[TID 8796] 07-14-10:19:34.246 INFO WorldGeneratorGPU: Executing unit placement stage[0m
[1;35m[1;33m[1;34m[TID 14732] 07-14-10:19:34.247 FATAL Game: Validation layer: vkCmdBindPipeline(): was called in VkCommandBuffer 0x241b22a4018 which is now in an invalid state (instead of recording state) because the following objects bound to the command buffer were invalidated
 VkBuffer 0x450000000045 was destroyed
 VkBuffer 0x470000000047 was destroyed
The Vulkan spec states: commandBuffer must be in the recording state (https://docs.vulkan.org/spec/latest/chapters/pipelines.html#VUID-vkCmdBindPipeline-commandBuffer-recording)[0m
[1;35m[1;33m[1;34m[TID 2784] 07-14-10:19:34.259 FATAL Game: Validation layer: vkUpdateDescriptorSets(): pDescriptorWrites[5].pBufferInfo[0].buffer is VK_NULL_HANDLE, and descriptorType is VK_DESCRIPTOR_TYPE_STORAGE_BUFFER.
The Vulkan spec states: If the nullDescriptor feature is not enabled, buffer must not be VK_NULL_HANDLE (https://docs.vulkan.org/spec/latest/chapters/descriptorsets.html#VUID-VkDescriptorBufferInfo-buffer-02998)[0m
[1;35m[1;33m[1;34m[TID 16580] 07-14-10:19:34.269 FATAL Game: Validation layer: vkUpdateDescriptorSets(): pDescriptorWrites[6].pBufferInfo[0].buffer is VK_NULL_HANDLE, and descriptorType is VK_DESCRIPTOR_TYPE_STORAGE_BUFFER.
The Vulkan spec states: If the nullDescriptor feature is not enabled, buffer must not be VK_NULL_HANDLE (https://docs.vulkan.org/spec/latest/chapters/descriptorsets.html#VUID-VkDescriptorBufferInfo-buffer-02998)[0m
[1;35m[1;33m[1;34m[TID 14732] 07-14-10:19:34.276 FATAL Game: Validation layer: vkUpdateDescriptorSets(): pDescriptorWrites[5].pBufferInfo[0].buffer found in the template update has an invalid VkBuffer 0x0 (while trying to update a descriptorType of VK_DESCRIPTOR_TYPE_STORAGE_BUFFER).
The Vulkan spec states: If buffer is not VK_NULL_HANDLE, buffer must be a valid VkBuffer handle (https://docs.vulkan.org/spec/latest/chapters/descriptorsets.html#VUID-VkDescriptorBufferInfo-buffer-parameter)[0m
[1;35m[1;33m[1;34m[TID 8796] 07-14-10:19:34.285 FATAL Game: Validation layer: vkUpdateDescriptorSets(): pDescriptorWrites[6].pBufferInfo[0].buffer found in the template update has an invalid VkBuffer 0x0 (while trying to update a descriptorType of VK_DESCRIPTOR_TYPE_STORAGE_BUFFER).
The Vulkan spec states: If buffer is not VK_NULL_HANDLE, buffer must be a valid VkBuffer handle (https://docs.vulkan.org/spec/latest/chapters/descriptorsets.html#VUID-VkDescriptorBufferInfo-buffer-parameter)[0m
[1;35m[1;33m[1;34m[TID 2784] 07-14-10:19:34.316 FATAL Game: Validation layer: vkCmdBindDescriptorSets(): was called in VkCommandBuffer 0x241b22a4018 which is now in an invalid state (instead of recording state) because the following objects bound to the command buffer were invalidated
 VkBuffer 0x450000000045 was destroyed
 VkBuffer 0x470000000047 was destroyed
The Vulkan spec states: commandBuffer must be in the recording state (https://docs.vulkan.org/spec/latest/chapters/descriptorsets.html#VUID-vkCmdBindDescriptorSets-commandBuffer-recording)[0m
[1;35m[1;33m[1;34m[TID 16580] 07-14-10:19:34.323 FATAL Game: Validation layer: vkCmdPushConstants(): was called in VkCommandBuffer 0x241b22a4018 which is now in an invalid state (instead of recording state) because the following objects bound to the command buffer were invalidated
 VkBuffer 0x450000000045 was destroyed
 VkBuffer 0x470000000047 was destroyed
The Vulkan spec states: commandBuffer must be in the recording state (https://docs.vulkan.org/spec/latest/chapters/descriptorsets.html#VUID-vkCmdPushConstants-commandBuffer-recording)[0m
[1;35m[1;33m[1;34m[TID 14732] 07-14-10:19:34.331 FATAL Game: Validation layer: vkCmdDispatch(): was called in VkCommandBuffer 0x241b22a4018 which is now in an invalid state (instead of recording state) because the following objects bound to the command buffer were invalidated
 VkBuffer 0x450000000045 was destroyed
 VkBuffer 0x470000000047 was destroyed
The Vulkan spec states: commandBuffer must be in the recording state (https://docs.vulkan.org/spec/latest/chapters/dispatch.html#VUID-vkCmdDispatch-commandBuffer-recording)[0m
[1;35m[1;33m[1;34m[TID 8796] 07-14-10:19:34.339 FATAL Game: Validation layer: vkCmdDispatch(): the storage buffer descriptor [VkDescriptorSet 0x260000000026, Set 0, Binding 6, Index 0, variable "biomeRules"] is using buffer VkBuffer 0x0 that is invalid or has been destroyed.
The Vulkan spec states: Descriptors in each bound descriptor set, specified via vkCmdBindDescriptorSets, must be valid if they are accessed as described by descriptor validity by the VkPipeline bound to the pipeline bind point used by this command and the bound VkPipeline was not created with VK_PIPELINE_CREATE_DESCRIPTOR_BUFFER_BIT_EXT (https://docs.vulkan.org/spec/latest/chapters/dispatch.html#VUID-vkCmdDispatch-None-08114)[0m
[1;35m[1;33m[1;34m[TID 2784] 07-14-10:19:34.355 FATAL Game: Validation layer: vkCmdDispatch(): the storage buffer descriptor [VkDescriptorSet 0x260000000026, Set 0, Binding 5, Index 0, variable "unitReg"] is using buffer VkBuffer 0x0 that is invalid or has been destroyed.
The Vulkan spec states: Descriptors in each bound descriptor set, specified via vkCmdBindDescriptorSets, must be valid if they are accessed as described by descriptor validity by the VkPipeline bound to the pipeline bind point used by this command and the bound VkPipeline was not created with VK_PIPELINE_CREATE_DESCRIPTOR_BUFFER_BIT_EXT (https://docs.vulkan.org/spec/latest/chapters/dispatch.html#VUID-vkCmdDispatch-None-08114)[0m
[1;34m[TID 16580] 07-14-10:19:34.363 INFO WorldGeneratorGPU: Unit placement stage completed[0m
[1;35m[1;33m[1;34m[TID 14732] 07-14-10:19:34.363 FATAL Game: Validation layer: vkEndCommandBuffer(): was called in VkCommandBuffer 0x241b22a4018 which is now in an invalid state (instead of recording state) because the following objects bound to the command buffer were invalidated
 VkBuffer 0x450000000045 was destroyed
 VkBuffer 0x470000000047 was destroyed
The Vulkan spec states: commandBuffer must be in the recording state (https://docs.vulkan.org/spec/latest/chapters/cmdbuffers.html#VUID-vkEndCommandBuffer-commandBuffer-00059)[0m
[1;35m[1;33m[1;34m[TID 8796] 07-14-10:19:34.376 FATAL Game: Validation layer: vkEndCommandBuffer(): Cannot be called for VkCommandBuffer 0x241b22a4018 when it is not in a recording state, vkBeginCommandBuffer() must first be called.
The Vulkan spec states: commandBuffer must be in the recording state (https://docs.vulkan.org/spec/latest/chapters/cmdbuffers.html#VUID-vkEndCommandBuffer-commandBuffer-00059)[0m
