[1;34m[TID 7508] 07-13-12:48:12.306 INFO WorldGeneratorGPU: Initialize - Creating noise generator[0m
[1;34m[TID 16852] 07-13-12:48:12.306 INFO WorldGeneratorGPU: Initialize - Set chunk dimensions to 64x128x64[0m
[1;34m[TID 2052] 07-13-12:48:12.305 INFO WorldGeneratorGPU: ChunkGeneratorGPU::Initialize - Setting device pointers[0m
[1;35m[1;33m[1;34m[TID 17608] 07-13-12:48:12.310 FATAL Game: Validation layer: vkBindBufferMemory(): Trying to bind VkBuffer 0x30000000003 to a memory block which is fully consumed by the buffer. The required size of the allocation is 1024, but smaller buffers like this should be sub-allocated from larger memory blocks. (Current threshold is 1048576 bytes)[0m
[1;35m[1;33m[1;34m[TID 7508] 07-13-12:48:12.716 FATAL Game: Validation layer: vkBindBufferMemory(): Trying to bind VkBuffer 0x50000000005 to a memory block which is fully consumed by the buffer. The required size of the allocation is 1024, but smaller buffers like this should be sub-allocated from larger memory blocks. (Current threshold is 1048576 bytes)[0m
[1;34m[TID 16852] 07-13-12:48:12.840 INFO WorldGeneratorGPU: Initialize - Noise generator created[0m
[1;34m[TID 2052] 07-13-12:48:12.840 INFO WorldGeneratorGPU: Initialize - Creating descriptor sets[0m
[1;34m[TID 17608] 07-13-12:48:12.840 INFO WorldGeneratorGPU: Descriptor sets created successfully[0m
[1;34m[TID 7508] 07-13-12:48:12.840 INFO WorldGeneratorGPU: ChunkGeneratorGPU::Initialize - Step 7: Descriptor sets created[0m
[1;34m[TID 16852] 07-13-12:48:12.841 INFO WorldGeneratorGPU: Initialize - Creating compute pipelines[0m
[1;35m[1;33m[1;34m[TID 17608] 07-13-12:48:13.056 FATAL Game: Validation layer: vkCreateComputePipelines(): pCreateInfos[0].stage SPIR-V (VK_SHADER_STAGE_COMPUTE_BIT) is using push constants, but no VkPushConstantRange were found in VkPipelineLayout 0x160000000016.
The Vulkan spec states: If a push constant block is declared in a shader and layout is not VK_NULL_HANDLE, a push constant range in layout must match the shader stage (https://docs.vulkan.org/spec/latest/chapters/pipelines.html#VUID-VkComputePipelineCreateInfo-layout-07987)[0m
[1;35m[1;33m[1;34m[TID 2052] 07-13-12:48:13.082 FATAL Game: Validation layer: vkCreateComputePipelines(): pCreateInfos[0].stage SPIR-V (VK_SHADER_STAGE_COMPUTE_BIT) is using push constants, but no VkPushConstantRange were found in VkPipelineLayout 0x1b000000001b.
The Vulkan spec states: If a push constant block is declared in a shader and layout is not VK_NULL_HANDLE, a push constant range in layout must match the shader stage (https://docs.vulkan.org/spec/latest/chapters/pipelines.html#VUID-VkComputePipelineCreateInfo-layout-07987)[0m
[1;35m[1;33m[1;34m[TID 16852] 07-13-12:48:13.122 FATAL Game: Validation layer: vkCreateComputePipelines(): pCreateInfos[0].stage SPIR-V (VK_SHADER_STAGE_COMPUTE_BIT) is using push constants, but no VkPushConstantRange were found in VkPipelineLayout 0x1f000000001f.
The Vulkan spec states: If a push constant block is declared in a shader and layout is not VK_NULL_HANDLE, a push constant range in layout must match the shader stage (https://docs.vulkan.org/spec/latest/chapters/pipelines.html#VUID-VkComputePipelineCreateInfo-layout-07987)[0m
[1;35m[1;33m[1;34m[TID 7508] 07-13-12:48:13.129 FATAL Game: Validation layer: vkCreateComputePipelines(): pCreateInfos[0].stage SPIR-V (VK_SHADER_STAGE_COMPUTE_BIT) uses descriptor [Set 0, Binding 1, variable "inTemp"] but the binding was not declared in the VkPipelineLayoutCreateInfo::pSetLayouts[0].
Possible VkDescriptorType that could be used are: VK_DESCRIPTOR_TYPE_STORAGE_BUFFER or VK_DESCRIPTOR_TYPE_STORAGE_BUFFER_DYNAMIC.
The Vulkan spec states: If a resource variable is declared in a shader and layout is not VK_NULL_HANDLE, the corresponding descriptor set in layout must match the shader stage (https://docs.vulkan.org/spec/latest/chapters/pipelines.html#VUID-VkComputePipelineCreateInfo-layout-07988)[0m
[1;35m[1;33m[1;34m[TID 17608] 07-13-12:48:13.133 FATAL Game: Validation layer: vkCreateComputePipelines(): pCreateInfos[0].stage SPIR-V (VK_SHADER_STAGE_COMPUTE_BIT) uses descriptor [Set 0, Binding 4, variable "inHeight"] but the binding was not declared in the VkPipelineLayoutCreateInfo::pSetLayouts[0].
Possible VkDescriptorType that could be used are: VK_DESCRIPTOR_TYPE_STORAGE_BUFFER or VK_DESCRIPTOR_TYPE_STORAGE_BUFFER_DYNAMIC.
The Vulkan spec states: If a resource variable is declared in a shader and layout is not VK_NULL_HANDLE, the corresponding descriptor set in layout must match the shader stage (https://docs.vulkan.org/spec/latest/chapters/pipelines.html#VUID-VkComputePipelineCreateInfo-layout-07988)[0m
[1;35m[1;33m[1;34m[TID 2052] 07-13-12:48:13.137 FATAL Game: Validation layer: vkCreateComputePipelines(): pCreateInfos[0].stage SPIR-V (VK_SHADER_STAGE_COMPUTE_BIT) uses descriptor [Set 0, Binding 6, variable "biomeRules"] but the binding was not declared in the VkPipelineLayoutCreateInfo::pSetLayouts[0].
Possible VkDescriptorType that could be used are: VK_DESCRIPTOR_TYPE_STORAGE_BUFFER or VK_DESCRIPTOR_TYPE_STORAGE_BUFFER_DYNAMIC.
The Vulkan spec states: If a resource variable is declared in a shader and layout is not VK_NULL_HANDLE, the corresponding descriptor set in layout must match the shader stage (https://docs.vulkan.org/spec/latest/chapters/pipelines.html#VUID-VkComputePipelineCreateInfo-layout-07988)[0m
[1;35m[1;33m[1;34m[TID 16852] 07-13-12:48:13.145 FATAL Game: Validation layer: vkCreateComputePipelines(): pCreateInfos[0].stage SPIR-V (VK_SHADER_STAGE_COMPUTE_BIT) uses descriptor [Set 0, Binding 7, variable "outUnit"] but the binding was not declared in the VkPipelineLayoutCreateInfo::pSetLayouts[0].
Possible VkDescriptorType that could be used are: VK_DESCRIPTOR_TYPE_STORAGE_BUFFER or VK_DESCRIPTOR_TYPE_STORAGE_BUFFER_DYNAMIC.
The Vulkan spec states: If a resource variable is declared in a shader and layout is not VK_NULL_HANDLE, the corresponding descriptor set in layout must match the shader stage (https://docs.vulkan.org/spec/latest/chapters/pipelines.html#VUID-VkComputePipelineCreateInfo-layout-07988)[0m
[1;35m[1;33m[1;34m[TID 7508] 07-13-12:48:13.149 FATAL Game: Validation layer: vkCreateComputePipelines(): pCreateInfos[0].stage SPIR-V (VK_SHADER_STAGE_COMPUTE_BIT) uses descriptor [Set 0, Binding 0, variable "inBiome"] but the binding was not declared in the VkPipelineLayoutCreateInfo::pSetLayouts[0].
Possible VkDescriptorType that could be used are: VK_DESCRIPTOR_TYPE_STORAGE_BUFFER or VK_DESCRIPTOR_TYPE_STORAGE_BUFFER_DYNAMIC.
The Vulkan spec states: If a resource variable is declared in a shader and layout is not VK_NULL_HANDLE, the corresponding descriptor set in layout must match the shader stage (https://docs.vulkan.org/spec/latest/chapters/pipelines.html#VUID-VkComputePipelineCreateInfo-layout-07988)[0m
[1;35m[1;33m[1;34m[TID 17608] 07-13-12:48:13.152 FATAL Game: Validation layer: vkCreateComputePipelines(): pCreateInfos[0].stage SPIR-V (VK_SHADER_STAGE_COMPUTE_BIT) uses descriptor [Set 0, Binding 5, variable "unitReg"] but the binding was not declared in the VkPipelineLayoutCreateInfo::pSetLayouts[0].
Possible VkDescriptorType that could be used are: VK_DESCRIPTOR_TYPE_STORAGE_BUFFER or VK_DESCRIPTOR_TYPE_STORAGE_BUFFER_DYNAMIC.
The Vulkan spec states: If a resource variable is declared in a shader and layout is not VK_NULL_HANDLE, the corresponding descriptor set in layout must match the shader stage (https://docs.vulkan.org/spec/latest/chapters/pipelines.html#VUID-VkComputePipelineCreateInfo-layout-07988)[0m
[1;35m[1;33m[1;34m[TID 2052] 07-13-12:48:13.160 FATAL Game: Validation layer: vkCreateComputePipelines(): pCreateInfos[0].stage SPIR-V (VK_SHADER_STAGE_COMPUTE_BIT) uses descriptor [Set 0, Binding 2, variable "inMoist"] but the binding was not declared in the VkPipelineLayoutCreateInfo::pSetLayouts[0].
Possible VkDescriptorType that could be used are: VK_DESCRIPTOR_TYPE_STORAGE_BUFFER or VK_DESCRIPTOR_TYPE_STORAGE_BUFFER_DYNAMIC.
The Vulkan spec states: If a resource variable is declared in a shader and layout is not VK_NULL_HANDLE, the corresponding descriptor set in layout must match the shader stage (https://docs.vulkan.org/spec/latest/chapters/pipelines.html#VUID-VkComputePipelineCreateInfo-layout-07988)[0m
[1;35m[1;33m[1;34m[TID 16852] 07-13-12:48:13.164 FATAL Game: Validation layer: vkCreateComputePipelines(): pCreateInfos[0].stage SPIR-V (VK_SHADER_STAGE_COMPUTE_BIT) uses descriptor [Set 0, Binding 3, variable "inElev"] but the binding was not declared in the VkPipelineLayoutCreateInfo::pSetLayouts[0].
Possible VkDescriptorType that could be used are: VK_DESCRIPTOR_TYPE_STORAGE_BUFFER or VK_DESCRIPTOR_TYPE_STORAGE_BUFFER_DYNAMIC.
The Vulkan spec states: If a resource variable is declared in a shader and layout is not VK_NULL_HANDLE, the corresponding descriptor set in layout must match the shader stage (https://docs.vulkan.org/spec/latest/chapters/pipelines.html#VUID-VkComputePipelineCreateInfo-layout-07988)[0m
[1;34m[TID 7508] 07-13-12:48:13.268 INFO WorldGeneratorGPU: Compute pipelines created successfully[0m
[1;34m[TID 2052] 07-13-12:48:13.268 INFO WorldGeneratorGPU: Initialize - Creating noise buffers[0m
[1;34m[TID 17608] 07-13-12:48:13.268 INFO WorldGeneratorGPU: Initialize - Compute pipelines created[0m
[1;34m[TID 16852] 07-13-12:48:13.270 INFO WorldGeneratorGPU: Initialize - Noise buffers created[0m
[1;34m[TID 7508] 07-13-12:48:13.270 INFO WorldGeneratorGPU: Initialize - Creating world output buffers[0m
[1;34m[TID 17608] 07-13-12:48:13.287 INFO WorldGeneratorGPU: Initialize - World output buffers created[0m
[1;34m[TID 2052] 07-13-12:48:13.287 INFO WorldGeneratorGPU: Initialize - Initializing async queue[0m
[1;34m[TID 16852] 07-13-12:48:13.287 INFO WorldGeneratorGPU: WorldGeneratorGPU initialized successfully[0m
[1;34m[TID 7508] 07-13-12:48:13.287 INFO WorldGeneratorGPU: Skipping biome stage for integrated GPU; simplify generation[0m
[1;34m[TID 17608] 07-13-12:48:13.288 INFO WorldGeneratorGPU: Skipping unit placement stage for integrated GPU; minimal generation[0m
[1;34m[TID 16852] 07-13-12:48:13.288 INFO WorldGeneratorGPU: Skipping polygon fence generation for integrated GPU[0m
[1;34m[TID 2052] 07-13-12:48:13.301 INFO WorldGeneratorGPU: Starting chunk generation pipeline for dimensions 64x128x64[0m
[1;34m[TID 17608] 07-13-12:48:13.301 INFO WorldGeneratorGPU: Executing noise stage[0m
