[1;34m[TID 744] 07-13-14:46:19.155 INFO WorldGeneratorGPU: Initialize - Creating noise generator[0m
[1;34m[TID 12872] 07-13-14:46:19.155 INFO WorldGeneratorGPU: Initialize - Set chunk dimensions to 64x128x64[0m
[1;34m[TID 3232] 07-13-14:46:19.155 INFO WorldGeneratorGPU: ChunkGeneratorGPU::Initialize - Setting device pointers[0m
[1;34m[TID 4576] 07-13-14:46:19.175 INFO WorldGeneratorGPU: Initialize - Noise generator created[0m
[1;34m[TID 3232] 07-13-14:46:19.175 INFO WorldGeneratorGPU: Descriptor sets created successfully[0m
[1;34m[TID 744] 07-13-14:46:19.175 INFO WorldGeneratorGPU: Initialize - Creating descriptor sets[0m
[1;34m[TID 12872] 07-13-14:46:19.175 INFO WorldGeneratorGPU: ChunkGeneratorGPU::Initialize - Step 7: Descriptor sets created[0m
[1;34m[TID 4576] 07-13-14:46:19.176 INFO WorldGeneratorGPU: Initialize - Creating compute pipelines[0m
[1;34m[TID 744] 07-13-14:46:19.341 INFO WorldGeneratorGPU: Compute pipelines created successfully[0m
[1;34m[TID 4576] 07-13-14:46:19.341 INFO WorldGeneratorGPU: Initialize - Compute pipelines created[0m
[1;34m[TID 3232] 07-13-14:46:19.342 INFO WorldGeneratorGPU: Initialize - Creating noise buffers[0m
[1;34m[TID 12872] 07-13-14:46:19.343 INFO WorldGeneratorGPU: Initialize - Noise buffers created[0m
[1;34m[TID 744] 07-13-14:46:19.343 INFO WorldGeneratorGPU: Initialize - Creating world output buffers[0m
[1;34m[TID 3232] 07-13-14:46:19.360 INFO WorldGeneratorGPU: Initialize - World output buffers created[0m
[1;34m[TID 4576] 07-13-14:46:19.360 INFO WorldGeneratorGPU: Initialize - Initializing async queue[0m
[1;34m[TID 12872] 07-13-14:46:19.360 INFO WorldGeneratorGPU: WorldGeneratorGPU initialized successfully[0m
[1;34m[TID 744] 07-13-14:46:19.361 INFO WorldGeneratorGPU: Skipping biome stage for integrated GPU; simplify generation[0m
[1;34m[TID 3232] 07-13-14:46:19.361 INFO WorldGeneratorGPU: Skipping unit placement stage for integrated GPU; minimal generation[0m
[1;34m[TID 4576] 07-13-14:46:19.362 INFO WorldGeneratorGPU: Skipping polygon fence generation for integrated GPU[0m
[1;34m[TID 12872] 07-13-14:46:19.365 INFO WorldGeneratorGPU: Starting chunk generation pipeline for dimensions 64x128x64[0m
[1;34m[TID 744] 07-13-14:46:19.365 INFO WorldGeneratorGPU: Executing noise stage[0m
[1;34m[TID 3232] 07-13-14:46:19.365 INFO WorldGeneratorGPU: ExecuteNoiseStage: Starting simplex noise generation[0m
[1;34m[TID 4576] 07-13-14:46:19.365 INFO WorldGeneratorGPU: ExecuteNoiseStage: Calling GenNoise[0m
[1;34m[TID 12872] 07-13-14:46:19.367 INFO UnitGPUSimplexNoise: GenNoise: Creating pipeline layout[0m
[1;34m[TID 744] 07-13-14:46:19.367 INFO UnitGPUSimplexNoise: GenNoise: Loading shader[0m
[1;34m[TID 4576] 07-13-14:46:19.381 INFO UnitGPUSimplexNoise: GenNoise: Creating compute pipeline[0m
