[1;34m[TID 9744] 07-14-10:17:45.120 INFO WorldGeneratorGPU: ChunkGeneratorGPU::Initialize - Setting device pointers[0m
[1;34m[TID 13952] 07-14-10:17:45.121 INFO WorldGeneratorGPU: Initialize - Creating noise generator[0m
[1;34m[TID 2992] 07-14-10:17:45.121 INFO WorldGeneratorGPU: Initialize - Set chunk dimensions to 64x128x64[0m
[1;34m[TID 13184] 07-14-10:17:45.153 INFO UnitGPUSimplexNoise: GenNoise: Creating pipeline layout[0m
[1;34m[TID 9744] 07-14-10:17:45.153 INFO UnitGPUSimplexNoise: GenNoise: Loading shader[0m
[1;34m[TID 2992] 07-14-10:17:45.158 INFO UnitGPUSimplexNoise: GenNoise: Creating compute pipeline[0m
[1;34m[TID 13952] 07-14-10:17:45.559 INFO UnitGPUSimplexNoise: GenNoise: Binding pipeline and descriptor sets[0m
[1;34m[TID 9744] 07-14-10:17:45.560 INFO WorldGeneratorGPU: Initialize - Creating descriptor sets[0m
[1;34m[TID 13184] 07-14-10:17:45.560 INFO WorldGeneratorGPU: Initialize - Noise generator created[0m
[1;34m[TID 2992] 07-14-10:17:45.560 INFO WorldGeneratorGPU: Descriptor sets created successfully[0m
[1;34m[TID 13952] 07-14-10:17:45.560 INFO WorldGeneratorGPU: ChunkGeneratorGPU::Initialize - Descriptor sets created[0m
[1;34m[TID 13952] 07-14-10:17:45.561 INFO WorldGeneratorGPU: Initialize - Creating compute pipelines[0m
[1;34m[TID 9744] 07-14-10:17:45.749 INFO WorldGeneratorGPU: Compute pipelines created successfully[0m
[1;34m[TID 13184] 07-14-10:17:45.749 INFO WorldGeneratorGPU: Initialize - Creating noise buffers[0m
[1;34m[TID 2992] 07-14-10:17:45.749 INFO WorldGeneratorGPU: Initialize - Compute pipelines created[0m
[1;34m[TID 13952] 07-14-10:17:45.749 INFO WorldGeneratorGPU: Initialize - Noise buffers created[0m
[1;34m[TID 9744] 07-14-10:17:45.749 INFO WorldGeneratorGPU: Initialize - Creating world output buffers[0m
[1;34m[TID 9744] 07-14-10:17:45.776 INFO WorldGeneratorGPU: Initialize - World output buffers created[0m
[1;34m[TID 13184] 07-14-10:17:45.776 INFO WorldGeneratorGPU: Initialize - Initializing async queue[0m
[1;34m[TID 13952] 07-14-10:17:45.776 INFO WorldGeneratorGPU: WorldGeneratorGPU initialized successfully[0m
[1;34m[TID 2992] 07-14-10:17:45.778 INFO WorldGeneratorGPU: Created lookup table buffers: maxUnitId=256[0m
[1;34m[TID 9744] 07-14-10:17:45.778 INFO WorldGeneratorGPU: Skipping polygon fence generation for integrated GPU[0m
[1;34m[TID 13952] 07-14-10:17:45.783 ERROR BiomeRegistryGPU: Cannot update GPU buffer: registry not initialized[0m
[1;34m[TID 13184] 07-14-10:17:45.784 ERROR UnitRegistryGPU: Cannot update GPU buffer: registry not initialized[0m
[1;34m[TID 9744] 07-14-10:17:45.788 INFO WorldGeneratorGPU: Updated lookup table buffers with 0 units[0m
[1;34m[TID 2992] 07-14-10:17:45.788 INFO WorldGeneratorGPU: Starting chunk generation pipeline for dimensions 64x128x64[0m
[1;34m[TID 13952] 07-14-10:17:45.788 INFO WorldGeneratorGPU: ExecuteNoiseStage: Starting simplex noise generation[0m
[1;34m[TID 13184] 07-14-10:17:45.789 INFO WorldGeneratorGPU: ExecuteNoiseStage: Calling GenNoise[0m
[1;35m[1;33m[1;34m[TID 13184] 07-14-10:17:45.851 FATAL Game: Validation layer: vkCmdBindPipeline(): was called in VkCommandBuffer 0x19c1823c6e8 which is now in an invalid state (instead of recording state) because the following objects bound to the command buffer were invalidated
 VkBuffer 0x450000000045 was destroyed
 VkBuffer 0x470000000047 was destroyed
The Vulkan spec states: commandBuffer must be in the recording state (https://docs.vulkan.org/spec/latest/chapters/pipelines.html#VUID-vkCmdBindPipeline-commandBuffer-recording)[0m
[1;35m[1;33m[1;34m[TID 9744] 07-14-10:17:46.075 FATAL Game: Validation layer: vkCmdBindDescriptorSets(): was called in VkCommandBuffer 0x19c1823c6e8 which is now in an invalid state (instead of recording state) because the following objects bound to the command buffer were invalidated
 VkBuffer 0x450000000045 was destroyed
 VkBuffer 0x470000000047 was destroyed
The Vulkan spec states: commandBuffer must be in the recording state (https://docs.vulkan.org/spec/latest/chapters/descriptorsets.html#VUID-vkCmdBindDescriptorSets-commandBuffer-recording)[0m
[1;35m[1;33m[1;34m[TID 2992] 07-14-10:17:46.085 FATAL Game: Validation layer: vkCmdPushConstants(): was called in VkCommandBuffer 0x19c1823c6e8 which is now in an invalid state (instead of recording state) because the following objects bound to the command buffer were invalidated
 VkBuffer 0x450000000045 was destroyed
 VkBuffer 0x470000000047 was destroyed
The Vulkan spec states: commandBuffer must be in the recording state (https://docs.vulkan.org/spec/latest/chapters/descriptorsets.html#VUID-vkCmdPushConstants-commandBuffer-recording)[0m
[1;35m[1;33m[1;34m[TID 13952] 07-14-10:17:46.093 FATAL Game: Validation layer: vkCmdDispatch(): was called in VkCommandBuffer 0x19c1823c6e8 which is now in an invalid state (instead of recording state) because the following objects bound to the command buffer were invalidated
 VkBuffer 0x450000000045 was destroyed
 VkBuffer 0x470000000047 was destroyed
The Vulkan spec states: commandBuffer must be in the recording state (https://docs.vulkan.org/spec/latest/chapters/dispatch.html#VUID-vkCmdDispatch-commandBuffer-recording)[0m
[1;35m[1;33m[1;34m[TID 13184] 07-14-10:17:46.101 FATAL Game: Validation layer: vkCmdPipelineBarrier(): was called in VkCommandBuffer 0x19c1823c6e8 which is now in an invalid state (instead of recording state) because the following objects bound to the command buffer were invalidated
 VkBuffer 0x450000000045 was destroyed
 VkBuffer 0x470000000047 was destroyed
The Vulkan spec states: commandBuffer must be in the recording state (https://docs.vulkan.org/spec/latest/chapters/synchronization.html#VUID-vkCmdPipelineBarrier-commandBuffer-recording)[0m
[1;34m[TID 9744] 07-14-10:17:46.108 INFO WorldGeneratorGPU: ExecuteNoiseStage: GenNoise completed[0m
[1;35m[1;33m[1;34m[TID 2992] 07-14-10:17:46.108 FATAL Game: Validation layer: vkCmdPipelineBarrier(): was called in VkCommandBuffer 0x19c1823c6e8 which is now in an invalid state (instead of recording state) because the following objects bound to the command buffer were invalidated
 VkBuffer 0x450000000045 was destroyed
 VkBuffer 0x470000000047 was destroyed
The Vulkan spec states: commandBuffer must be in the recording state (https://docs.vulkan.org/spec/latest/chapters/synchronization.html#VUID-vkCmdPipelineBarrier-commandBuffer-recording)[0m
[1;35m[1;33m[1;34m[TID 13952] 07-14-10:17:46.119 FATAL Game: Validation layer: vkCmdBindPipeline(): was called in VkCommandBuffer 0x19c1823c6e8 which is now in an invalid state (instead of recording state) because the following objects bound to the command buffer were invalidated
 VkBuffer 0x450000000045 was destroyed
 VkBuffer 0x470000000047 was destroyed
The Vulkan spec states: commandBuffer must be in the recording state (https://docs.vulkan.org/spec/latest/chapters/pipelines.html#VUID-vkCmdBindPipeline-commandBuffer-recording)[0m
[1;35m[1;33m[1;34m[TID 13184] 07-14-10:17:46.126 FATAL Game: Validation layer: vkCmdBindDescriptorSets(): was called in VkCommandBuffer 0x19c1823c6e8 which is now in an invalid state (instead of recording state) because the following objects bound to the command buffer were invalidated
 VkBuffer 0x450000000045 was destroyed
 VkBuffer 0x470000000047 was destroyed
The Vulkan spec states: commandBuffer must be in the recording state (https://docs.vulkan.org/spec/latest/chapters/descriptorsets.html#VUID-vkCmdBindDescriptorSets-commandBuffer-recording)[0m
[1;35m[1;33m[1;34m[TID 9744] 07-14-10:17:46.140 FATAL Game: Validation layer: vkCmdPushConstants(): was called in VkCommandBuffer 0x19c1823c6e8 which is now in an invalid state (instead of recording state) because the following objects bound to the command buffer were invalidated
 VkBuffer 0x450000000045 was destroyed
 VkBuffer 0x470000000047 was destroyed
The Vulkan spec states: commandBuffer must be in the recording state (https://docs.vulkan.org/spec/latest/chapters/descriptorsets.html#VUID-vkCmdPushConstants-commandBuffer-recording)[0m
[1;35m[1;33m[1;34m[TID 2992] 07-14-10:17:46.145 FATAL Game: Validation layer: vkCmdDispatch(): was called in VkCommandBuffer 0x19c1823c6e8 which is now in an invalid state (instead of recording state) because the following objects bound to the command buffer were invalidated
 VkBuffer 0x450000000045 was destroyed
 VkBuffer 0x470000000047 was destroyed
The Vulkan spec states: commandBuffer must be in the recording state (https://docs.vulkan.org/spec/latest/chapters/dispatch.html#VUID-vkCmdDispatch-commandBuffer-recording)[0m
[1;35m[1;33m[1;34m[TID 13952] 07-14-10:17:46.158 FATAL Game: Validation layer: vkCmdPipelineBarrier(): was called in VkCommandBuffer 0x19c1823c6e8 which is now in an invalid state (instead of recording state) because the following objects bound to the command buffer were invalidated
 VkBuffer 0x450000000045 was destroyed
 VkBuffer 0x470000000047 was destroyed
The Vulkan spec states: commandBuffer must be in the recording state (https://docs.vulkan.org/spec/latest/chapters/synchronization.html#VUID-vkCmdPipelineBarrier-commandBuffer-recording)[0m
[1;35m[1;33m[1;34m[TID 13184] 07-14-10:17:46.167 FATAL Game: Validation layer: vkCmdPipelineBarrier(): was called in VkCommandBuffer 0x19c1823c6e8 which is now in an invalid state (instead of recording state) because the following objects bound to the command buffer were invalidated
 VkBuffer 0x450000000045 was destroyed
 VkBuffer 0x470000000047 was destroyed
The Vulkan spec states: commandBuffer must be in the recording state (https://docs.vulkan.org/spec/latest/chapters/synchronization.html#VUID-vkCmdPipelineBarrier-commandBuffer-recording)[0m
[1;35m[1;33m[1;34m[TID 9744] 07-14-10:17:46.174 FATAL Game: Validation layer: vkCmdPipelineBarrier(): was called in VkCommandBuffer 0x19c1823c6e8 which is now in an invalid state (instead of recording state) because the following objects bound to the command buffer were invalidated
 VkBuffer 0x450000000045 was destroyed
 VkBuffer 0x470000000047 was destroyed
The Vulkan spec states: commandBuffer must be in the recording state (https://docs.vulkan.org/spec/latest/chapters/synchronization.html#VUID-vkCmdPipelineBarrier-commandBuffer-recording)[0m
[1;35m[1;33m[1;34m[TID 2992] 07-14-10:17:46.182 FATAL Game: Validation layer: vkCmdPipelineBarrier(): was called in VkCommandBuffer 0x19c1823c6e8 which is now in an invalid state (instead of recording state) because the following objects bound to the command buffer were invalidated
 VkBuffer 0x450000000045 was destroyed
 VkBuffer 0x470000000047 was destroyed
The Vulkan spec states: commandBuffer must be in the recording state (https://docs.vulkan.org/spec/latest/chapters/synchronization.html#VUID-vkCmdPipelineBarrier-commandBuffer-recording)[0m
[1;34m[TID 13952] 07-14-10:17:46.194 INFO WorldGeneratorGPU: Noise stage completed[0m
[1;34m[TID 13184] 07-14-10:17:46.194 INFO WorldGeneratorGPU: Executing heightmap stage[0m
[1;35m[1;33m[1;34m[TID 9744] 07-14-10:17:46.194 FATAL Game: Validation layer: vkCmdPipelineBarrier(): was called in VkCommandBuffer 0x19c1823c6e8 which is now in an invalid state (instead of recording state) because the following objects bound to the command buffer were invalidated
 VkBuffer 0x450000000045 was destroyed
 VkBuffer 0x470000000047 was destroyed
The Vulkan spec states: commandBuffer must be in the recording state (https://docs.vulkan.org/spec/latest/chapters/synchronization.html#VUID-vkCmdPipelineBarrier-commandBuffer-recording)[0m
[1;35m[1;33m[1;34m[TID 2992] 07-14-10:17:46.206 FATAL Game: Validation layer: vkCmdBindPipeline(): was called in VkCommandBuffer 0x19c1823c6e8 which is now in an invalid state (instead of recording state) because the following objects bound to the command buffer were invalidated
 VkBuffer 0x450000000045 was destroyed
 VkBuffer 0x470000000047 was destroyed
The Vulkan spec states: commandBuffer must be in the recording state (https://docs.vulkan.org/spec/latest/chapters/pipelines.html#VUID-vkCmdBindPipeline-commandBuffer-recording)[0m
[1;35m[1;33m[1;34m[TID 13952] 07-14-10:17:46.212 FATAL Game: Validation layer: vkCmdBindDescriptorSets(): was called in VkCommandBuffer 0x19c1823c6e8 which is now in an invalid state (instead of recording state) because the following objects bound to the command buffer were invalidated
 VkBuffer 0x450000000045 was destroyed
 VkBuffer 0x470000000047 was destroyed
The Vulkan spec states: commandBuffer must be in the recording state (https://docs.vulkan.org/spec/latest/chapters/descriptorsets.html#VUID-vkCmdBindDescriptorSets-commandBuffer-recording)[0m
[1;35m[1;33m[1;34m[TID 9744] 07-14-10:17:46.221 FATAL Game: Validation layer: vkCmdPushConstants(): was called in VkCommandBuffer 0x19c1823c6e8 which is now in an invalid state (instead of recording state) because the following objects bound to the command buffer were invalidated
 VkBuffer 0x450000000045 was destroyed
 VkBuffer 0x470000000047 was destroyed
The Vulkan spec states: commandBuffer must be in the recording state (https://docs.vulkan.org/spec/latest/chapters/descriptorsets.html#VUID-vkCmdPushConstants-commandBuffer-recording)[0m
[1;35m[1;33m[1;34m[TID 13184] 07-14-10:17:46.226 FATAL Game: Validation layer: vkCmdDispatch(): was called in VkCommandBuffer 0x19c1823c6e8 which is now in an invalid state (instead of recording state) because the following objects bound to the command buffer were invalidated
 VkBuffer 0x450000000045 was destroyed
 VkBuffer 0x470000000047 was destroyed
The Vulkan spec states: commandBuffer must be in the recording state (https://docs.vulkan.org/spec/latest/chapters/dispatch.html#VUID-vkCmdDispatch-commandBuffer-recording)[0m
[1;35m[1;33m[1;34m[TID 2992] 07-14-10:17:46.234 FATAL Game: Validation layer: vkCmdPipelineBarrier(): was called in VkCommandBuffer 0x19c1823c6e8 which is now in an invalid state (instead of recording state) because the following objects bound to the command buffer were invalidated
 VkBuffer 0x450000000045 was destroyed
 VkBuffer 0x470000000047 was destroyed
The Vulkan spec states: commandBuffer must be in the recording state (https://docs.vulkan.org/spec/latest/chapters/synchronization.html#VUID-vkCmdPipelineBarrier-commandBuffer-recording)[0m
[1;34m[TID 13952] 07-14-10:17:46.242 INFO WorldGeneratorGPU: Executing biome stage[0m
[1;35m[1;33m[1;34m[TID 9744] 07-14-10:17:46.242 FATAL Game: Validation layer: vkCmdPipelineBarrier(): was called in VkCommandBuffer 0x19c1823c6e8 which is now in an invalid state (instead of recording state) because the following objects bound to the command buffer were invalidated
 VkBuffer 0x450000000045 was destroyed
 VkBuffer 0x470000000047 was destroyed
The Vulkan spec states: commandBuffer must be in the recording state (https://docs.vulkan.org/spec/latest/chapters/synchronization.html#VUID-vkCmdPipelineBarrier-commandBuffer-recording)[0m
[1;35m[1;33m[1;34m[TID 13184] 07-14-10:17:46.251 FATAL Game: Validation layer: (Warning - This VUID has now been reported 10 times, which is the duplicate_message_limit value, this will be the last time reporting it).
vkCmdPipelineBarrier(): was called in VkCommandBuffer 0x19c1823c6e8 which is now in an invalid state (instead of recording state) because the following objects bound to the command buffer were invalidated
 VkBuffer 0x450000000045 was destroyed
 VkBuffer 0x470000000047 was destroyed
The Vulkan spec states: commandBuffer must be in the recording state (https://docs.vulkan.org/spec/latest/chapters/synchronization.html#VUID-vkCmdPipelineBarrier-commandBuffer-recording)[0m
[1;35m[1;33m[1;34m[TID 2992] 07-14-10:17:46.260 FATAL Game: Validation layer: vkCmdBindPipeline(): was called in VkCommandBuffer 0x19c1823c6e8 which is now in an invalid state (instead of recording state) because the following objects bound to the command buffer were invalidated
 VkBuffer 0x450000000045 was destroyed
 VkBuffer 0x470000000047 was destroyed
The Vulkan spec states: commandBuffer must be in the recording state (https://docs.vulkan.org/spec/latest/chapters/pipelines.html#VUID-vkCmdBindPipeline-commandBuffer-recording)[0m
[1;35m[1;33m[1;34m[TID 13952] 07-14-10:17:46.267 FATAL Game: Validation layer: vkUpdateDescriptorSets(): pDescriptorWrites[3].pBufferInfo[0].buffer is VK_NULL_HANDLE, and descriptorType is VK_DESCRIPTOR_TYPE_STORAGE_BUFFER.
The Vulkan spec states: If the nullDescriptor feature is not enabled, buffer must not be VK_NULL_HANDLE (https://docs.vulkan.org/spec/latest/chapters/descriptorsets.html#VUID-VkDescriptorBufferInfo-buffer-02998)[0m
[1;35m[1;33m[1;34m[TID 9744] 07-14-10:17:46.272 FATAL Game: Validation layer: vkUpdateDescriptorSets(): pDescriptorWrites[3].pBufferInfo[0].buffer found in the template update has an invalid VkBuffer 0x0 (while trying to update a descriptorType of VK_DESCRIPTOR_TYPE_STORAGE_BUFFER).
The Vulkan spec states: If buffer is not VK_NULL_HANDLE, buffer must be a valid VkBuffer handle (https://docs.vulkan.org/spec/latest/chapters/descriptorsets.html#VUID-VkDescriptorBufferInfo-buffer-parameter)[0m
[1;35m[1;33m[1;34m[TID 13184] 07-14-10:17:46.278 FATAL Game: Validation layer: vkCmdBindDescriptorSets(): was called in VkCommandBuffer 0x19c1823c6e8 which is now in an invalid state (instead of recording state) because the following objects bound to the command buffer were invalidated
 VkBuffer 0x450000000045 was destroyed
 VkBuffer 0x470000000047 was destroyed
The Vulkan spec states: commandBuffer must be in the recording state (https://docs.vulkan.org/spec/latest/chapters/descriptorsets.html#VUID-vkCmdBindDescriptorSets-commandBuffer-recording)[0m
[1;35m[1;33m[1;34m[TID 2992] 07-14-10:17:46.287 FATAL Game: Validation layer: vkCmdPushConstants(): was called in VkCommandBuffer 0x19c1823c6e8 which is now in an invalid state (instead of recording state) because the following objects bound to the command buffer were invalidated
 VkBuffer 0x450000000045 was destroyed
 VkBuffer 0x470000000047 was destroyed
The Vulkan spec states: commandBuffer must be in the recording state (https://docs.vulkan.org/spec/latest/chapters/descriptorsets.html#VUID-vkCmdPushConstants-commandBuffer-recording)[0m
[1;35m[1;33m[1;34m[TID 13952] 07-14-10:17:46.292 FATAL Game: Validation layer: vkCmdDispatch(): was called in VkCommandBuffer 0x19c1823c6e8 which is now in an invalid state (instead of recording state) because the following objects bound to the command buffer were invalidated
 VkBuffer 0x450000000045 was destroyed
 VkBuffer 0x470000000047 was destroyed
The Vulkan spec states: commandBuffer must be in the recording state (https://docs.vulkan.org/spec/latest/chapters/dispatch.html#VUID-vkCmdDispatch-commandBuffer-recording)[0m
[1;35m[1;33m[1;34m[TID 9744] 07-14-10:17:46.298 FATAL Game: Validation layer: vkCmdDispatch(): the storage buffer descriptor [VkDescriptorSet 0x210000000021, Set 0, Binding 3, Index 0, variable "biomeReg"] is using buffer VkBuffer 0x0 that is invalid or has been destroyed.
The Vulkan spec states: Descriptors in each bound descriptor set, specified via vkCmdBindDescriptorSets, must be valid if they are accessed as described by descriptor validity by the VkPipeline bound to the pipeline bind point used by this command and the bound VkPipeline was not created with VK_PIPELINE_CREATE_DESCRIPTOR_BUFFER_BIT_EXT (https://docs.vulkan.org/spec/latest/chapters/dispatch.html#VUID-vkCmdDispatch-None-08114)[0m
[1;34m[TID 13184] 07-14-10:17:46.303 INFO WorldGeneratorGPU: Biome stage completed[0m
[1;34m[TID 2992] 07-14-10:17:46.303 INFO WorldGeneratorGPU: Executing unit placement stage[0m
[1;35m[1;33m[1;34m[TID 13952] 07-14-10:17:46.303 FATAL Game: Validation layer: vkCmdBindPipeline(): was called in VkCommandBuffer 0x19c1823c6e8 which is now in an invalid state (instead of recording state) because the following objects bound to the command buffer were invalidated
 VkBuffer 0x450000000045 was destroyed
 VkBuffer 0x470000000047 was destroyed
The Vulkan spec states: commandBuffer must be in the recording state (https://docs.vulkan.org/spec/latest/chapters/pipelines.html#VUID-vkCmdBindPipeline-commandBuffer-recording)[0m
[1;35m[1;33m[1;34m[TID 9744] 07-14-10:17:46.308 FATAL Game: Validation layer: vkUpdateDescriptorSets(): pDescriptorWrites[5].pBufferInfo[0].buffer is VK_NULL_HANDLE, and descriptorType is VK_DESCRIPTOR_TYPE_STORAGE_BUFFER.
The Vulkan spec states: If the nullDescriptor feature is not enabled, buffer must not be VK_NULL_HANDLE (https://docs.vulkan.org/spec/latest/chapters/descriptorsets.html#VUID-VkDescriptorBufferInfo-buffer-02998)[0m
[1;35m[1;33m[1;34m[TID 13184] 07-14-10:17:46.313 FATAL Game: Validation layer: vkUpdateDescriptorSets(): pDescriptorWrites[6].pBufferInfo[0].buffer is VK_NULL_HANDLE, and descriptorType is VK_DESCRIPTOR_TYPE_STORAGE_BUFFER.
The Vulkan spec states: If the nullDescriptor feature is not enabled, buffer must not be VK_NULL_HANDLE (https://docs.vulkan.org/spec/latest/chapters/descriptorsets.html#VUID-VkDescriptorBufferInfo-buffer-02998)[0m
[1;35m[1;33m[1;34m[TID 2992] 07-14-10:17:46.318 FATAL Game: Validation layer: vkUpdateDescriptorSets(): pDescriptorWrites[5].pBufferInfo[0].buffer found in the template update has an invalid VkBuffer 0x0 (while trying to update a descriptorType of VK_DESCRIPTOR_TYPE_STORAGE_BUFFER).
The Vulkan spec states: If buffer is not VK_NULL_HANDLE, buffer must be a valid VkBuffer handle (https://docs.vulkan.org/spec/latest/chapters/descriptorsets.html#VUID-VkDescriptorBufferInfo-buffer-parameter)[0m
[1;35m[1;33m[1;34m[TID 13952] 07-14-10:17:46.323 FATAL Game: Validation layer: vkUpdateDescriptorSets(): pDescriptorWrites[6].pBufferInfo[0].buffer found in the template update has an invalid VkBuffer 0x0 (while trying to update a descriptorType of VK_DESCRIPTOR_TYPE_STORAGE_BUFFER).
The Vulkan spec states: If buffer is not VK_NULL_HANDLE, buffer must be a valid VkBuffer handle (https://docs.vulkan.org/spec/latest/chapters/descriptorsets.html#VUID-VkDescriptorBufferInfo-buffer-parameter)[0m
[1;35m[1;33m[1;34m[TID 9744] 07-14-10:17:46.331 FATAL Game: Validation layer: vkCmdBindDescriptorSets(): was called in VkCommandBuffer 0x19c1823c6e8 which is now in an invalid state (instead of recording state) because the following objects bound to the command buffer were invalidated
 VkBuffer 0x450000000045 was destroyed
 VkBuffer 0x470000000047 was destroyed
The Vulkan spec states: commandBuffer must be in the recording state (https://docs.vulkan.org/spec/latest/chapters/descriptorsets.html#VUID-vkCmdBindDescriptorSets-commandBuffer-recording)[0m
[1;35m[1;33m[1;34m[TID 13184] 07-14-10:17:46.336 FATAL Game: Validation layer: vkCmdPushConstants(): was called in VkCommandBuffer 0x19c1823c6e8 which is now in an invalid state (instead of recording state) because the following objects bound to the command buffer were invalidated
 VkBuffer 0x450000000045 was destroyed
 VkBuffer 0x470000000047 was destroyed
The Vulkan spec states: commandBuffer must be in the recording state (https://docs.vulkan.org/spec/latest/chapters/descriptorsets.html#VUID-vkCmdPushConstants-commandBuffer-recording)[0m
[1;35m[1;33m[1;34m[TID 2992] 07-14-10:17:46.343 FATAL Game: Validation layer: vkCmdDispatch(): was called in VkCommandBuffer 0x19c1823c6e8 which is now in an invalid state (instead of recording state) because the following objects bound to the command buffer were invalidated
 VkBuffer 0x450000000045 was destroyed
 VkBuffer 0x470000000047 was destroyed
The Vulkan spec states: commandBuffer must be in the recording state (https://docs.vulkan.org/spec/latest/chapters/dispatch.html#VUID-vkCmdDispatch-commandBuffer-recording)[0m
[1;35m[1;33m[1;34m[TID 13952] 07-14-10:17:46.351 FATAL Game: Validation layer: vkCmdDispatch(): the storage buffer descriptor [VkDescriptorSet 0x260000000026, Set 0, Binding 6, Index 0, variable "biomeRules"] is using buffer VkBuffer 0x0 that is invalid or has been destroyed.
The Vulkan spec states: Descriptors in each bound descriptor set, specified via vkCmdBindDescriptorSets, must be valid if they are accessed as described by descriptor validity by the VkPipeline bound to the pipeline bind point used by this command and the bound VkPipeline was not created with VK_PIPELINE_CREATE_DESCRIPTOR_BUFFER_BIT_EXT (https://docs.vulkan.org/spec/latest/chapters/dispatch.html#VUID-vkCmdDispatch-None-08114)[0m
[1;35m[1;33m[1;34m[TID 9744] 07-14-10:17:46.356 FATAL Game: Validation layer: vkCmdDispatch(): the storage buffer descriptor [VkDescriptorSet 0x260000000026, Set 0, Binding 5, Index 0, variable "unitReg"] is using buffer VkBuffer 0x0 that is invalid or has been destroyed.
The Vulkan spec states: Descriptors in each bound descriptor set, specified via vkCmdBindDescriptorSets, must be valid if they are accessed as described by descriptor validity by the VkPipeline bound to the pipeline bind point used by this command and the bound VkPipeline was not created with VK_PIPELINE_CREATE_DESCRIPTOR_BUFFER_BIT_EXT (https://docs.vulkan.org/spec/latest/chapters/dispatch.html#VUID-vkCmdDispatch-None-08114)[0m
[1;34m[TID 13184] 07-14-10:17:46.360 INFO WorldGeneratorGPU: Unit placement stage completed[0m
[1;35m[1;33m[1;34m[TID 2992] 07-14-10:17:46.360 FATAL Game: Validation layer: vkEndCommandBuffer(): was called in VkCommandBuffer 0x19c1823c6e8 which is now in an invalid state (instead of recording state) because the following objects bound to the command buffer were invalidated
 VkBuffer 0x450000000045 was destroyed
 VkBuffer 0x470000000047 was destroyed
The Vulkan spec states: commandBuffer must be in the recording state (https://docs.vulkan.org/spec/latest/chapters/cmdbuffers.html#VUID-vkEndCommandBuffer-commandBuffer-00059)[0m
[1;35m[1;33m[1;34m[TID 13952] 07-14-10:17:46.365 FATAL Game: Validation layer: vkEndCommandBuffer(): Cannot be called for VkCommandBuffer 0x19c1823c6e8 when it is not in a recording state, vkBeginCommandBuffer() must first be called.
The Vulkan spec states: commandBuffer must be in the recording state (https://docs.vulkan.org/spec/latest/chapters/cmdbuffers.html#VUID-vkEndCommandBuffer-commandBuffer-00059)[0m
[1;35m[1;33m[1;34m[TID 9744] 07-14-10:17:46.380 FATAL Game: Validation layer: vkAllocateCommandBuffers(): pAllocateInfo->commandPool is VK_NULL_HANDLE.[0m
[1;35m[1;33m[1;34m[TID 13184] 07-14-10:17:46.384 FATAL Game: Validation layer: vkAllocateCommandBuffers(): pAllocateInfo->commandPool Invalid VkCommandPool Object 0x0.
The Vulkan spec states: commandPool must be a valid VkCommandPool handle (https://docs.vulkan.org/spec/latest/chapters/cmdbuffers.html#VUID-VkCommandBufferAllocateInfo-commandPool-parameter)[0m
[1;34m[TID 2992] 07-14-10:17:46.393 INFO WorldGeneratorGPU: WorldGeneratorGPU shutdown complete[0m
