[1;34m[TID 6744] 07-13-14:51:40.347 INFO WorldGeneratorGPU: ChunkGeneratorGPU::Initialize - Setting device pointers[0m
[1;34m[TID 3544] 07-13-14:51:40.352 INFO WorldGeneratorGPU: Initialize - Set chunk dimensions to 64x128x64[0m
[1;34m[TID 6744] 07-13-14:51:40.353 INFO WorldGeneratorGPU: Initialize - Creating noise generator[0m
[1;34m[TID 3732] 07-13-14:51:40.439 INFO WorldGeneratorGPU: Initialize - Noise generator created[0m
[1;34m[TID 3544] 07-13-14:51:40.439 INFO WorldGeneratorGPU: Initialize - Creating descriptor sets[0m
[1;34m[TID 14968] 07-13-14:51:40.439 INFO WorldGeneratorGPU: Descriptor sets created successfully[0m
[1;34m[TID 6744] 07-13-14:51:40.439 INFO WorldGeneratorGPU: ChunkGeneratorGPU::Initialize - Step 7: Descriptor sets created[0m
[1;34m[TID 3732] 07-13-14:51:40.441 INFO WorldGeneratorGPU: Initialize - Creating compute pipelines[0m
[1;34m[TID 3732] 07-13-14:51:40.751 INFO WorldGeneratorGPU: Compute pipelines created successfully[0m
[1;34m[TID 14968] 07-13-14:51:40.751 INFO WorldGeneratorGPU: Initialize - Compute pipelines created[0m
[1;34m[TID 6744] 07-13-14:51:40.751 INFO WorldGeneratorGPU: Initialize - Creating noise buffers[0m
[1;34m[TID 3544] 07-13-14:51:40.751 INFO WorldGeneratorGPU: Initialize - Noise buffers created[0m
[1;34m[TID 6744] 07-13-14:51:40.783 INFO WorldGeneratorGPU: Initialize - Creating world output buffers[0m
[1;34m[TID 14968] 07-13-14:51:40.784 INFO WorldGeneratorGPU: Initialize - World output buffers created[0m
[1;34m[TID 3544] 07-13-14:51:40.785 INFO WorldGeneratorGPU: Initialize - Initializing async queue[0m
[1;34m[TID 3732] 07-13-14:51:40.787 INFO WorldGeneratorGPU: WorldGeneratorGPU initialized successfully[0m
[1;34m[TID 6744] 07-13-14:51:40.787 INFO WorldGeneratorGPU: Skipping biome stage for integrated GPU; simplify generation[0m
[1;34m[TID 3544] 07-13-14:51:40.789 INFO WorldGeneratorGPU: Skipping unit placement stage for integrated GPU; minimal generation[0m
[1;34m[TID 14968] 07-13-14:51:40.796 INFO WorldGeneratorGPU: Skipping polygon fence generation for integrated GPU[0m
[1;34m[TID 3732] 07-13-14:51:40.797 INFO WorldGeneratorGPU: Starting chunk generation pipeline for dimensions 64x128x64[0m
[1;34m[TID 6744] 07-13-14:51:40.797 INFO WorldGeneratorGPU: Executing noise stage[0m
[1;34m[TID 3544] 07-13-14:51:40.799 INFO WorldGeneratorGPU: ExecuteNoiseStage: Starting simplex noise generation[0m
[1;34m[TID 14968] 07-13-14:51:40.808 INFO WorldGeneratorGPU: ExecuteNoiseStage: Calling GenNoise[0m
[1;34m[TID 3732] 07-13-14:51:40.808 INFO UnitGPUSimplexNoise: GenNoise: Creating pipeline layout[0m
[1;34m[TID 14968] 07-13-14:51:40.810 INFO UnitGPUSimplexNoise: GenNoise: Loading shader[0m
[1;34m[TID 6744] 07-13-14:51:40.811 INFO UnitGPUSimplexNoise: GenNoise: Creating compute pipeline[0m
[1;34m[TID 14968] 07-13-14:51:40.861 INFO UnitGPUSimplexNoise: GenNoise: Binding pipeline and descriptor sets[0m
[1;34m[TID 6744] 07-13-14:51:40.869 INFO WorldGeneratorGPU: ExecuteNoiseStage: GenNoise completed[0m
[1;35m[1;33m[1;34m[TID 6744] 07-13-14:51:40.872 FATAL Game: Validation layer: vkCmdPipelineBarrier(): was called in VkCommandBuffer 0x1b3bc59eef8 which is now in an invalid state (instead of recording state) because the following objects bound to the command buffer were invalidated
 VkPipeline 0x3f000000003f was destroyed
The Vulkan spec states: commandBuffer must be in the recording state (https://docs.vulkan.org/spec/latest/chapters/synchronization.html#VUID-vkCmdPipelineBarrier-commandBuffer-recording)[0m
[1;35m[1;33m[1;34m[TID 3544] 07-13-14:51:41.351 FATAL Game: Validation layer: vkCmdBindPipeline(): was called in VkCommandBuffer 0x1b3bc59eef8 which is now in an invalid state (instead of recording state) because the following objects bound to the command buffer were invalidated
 VkPipeline 0x3f000000003f was destroyed
The Vulkan spec states: commandBuffer must be in the recording state (https://docs.vulkan.org/spec/latest/chapters/pipelines.html#VUID-vkCmdBindPipeline-commandBuffer-recording)[0m
[1;35m[1;33m[1;34m[TID 3732] 07-13-14:51:41.360 FATAL Game: Validation layer: vkCmdBindDescriptorSets(): was called in VkCommandBuffer 0x1b3bc59eef8 which is now in an invalid state (instead of recording state) because the following objects bound to the command buffer were invalidated
 VkPipeline 0x3f000000003f was destroyed
The Vulkan spec states: commandBuffer must be in the recording state (https://docs.vulkan.org/spec/latest/chapters/descriptorsets.html#VUID-vkCmdBindDescriptorSets-commandBuffer-recording)[0m
[1;35m[1;33m[1;34m[TID 14968] 07-13-14:51:41.373 FATAL Game: Validation layer: vkCmdPushConstants(): was called in VkCommandBuffer 0x1b3bc59eef8 which is now in an invalid state (instead of recording state) because the following objects bound to the command buffer were invalidated
 VkPipeline 0x3f000000003f was destroyed
The Vulkan spec states: commandBuffer must be in the recording state (https://docs.vulkan.org/spec/latest/chapters/descriptorsets.html#VUID-vkCmdPushConstants-commandBuffer-recording)[0m
[1;35m[1;33m[1;34m[TID 6744] 07-13-14:51:41.381 FATAL Game: Validation layer: vkCmdDispatch(): was called in VkCommandBuffer 0x1b3bc59eef8 which is now in an invalid state (instead of recording state) because the following objects bound to the command buffer were invalidated
 VkPipeline 0x3f000000003f was destroyed
The Vulkan spec states: commandBuffer must be in the recording state (https://docs.vulkan.org/spec/latest/chapters/dispatch.html#VUID-vkCmdDispatch-commandBuffer-recording)[0m
[1;35m[1;33m[1;34m[TID 3544] 07-13-14:51:41.390 FATAL Game: Validation layer: vkCmdPipelineBarrier(): was called in VkCommandBuffer 0x1b3bc59eef8 which is now in an invalid state (instead of recording state) because the following objects bound to the command buffer were invalidated
 VkPipeline 0x3f000000003f was destroyed
The Vulkan spec states: commandBuffer must be in the recording state (https://docs.vulkan.org/spec/latest/chapters/synchronization.html#VUID-vkCmdPipelineBarrier-commandBuffer-recording)[0m
[1;35m[1;33m[1;34m[TID 3732] 07-13-14:51:41.398 FATAL Game: Validation layer: vkCmdPipelineBarrier(): was called in VkCommandBuffer 0x1b3bc59eef8 which is now in an invalid state (instead of recording state) because the following objects bound to the command buffer were invalidated
 VkPipeline 0x3f000000003f was destroyed
The Vulkan spec states: commandBuffer must be in the recording state (https://docs.vulkan.org/spec/latest/chapters/synchronization.html#VUID-vkCmdPipelineBarrier-commandBuffer-recording)[0m
[1;35m[1;33m[1;34m[TID 14968] 07-13-14:51:41.406 FATAL Game: Validation layer: vkCmdPipelineBarrier(): was called in VkCommandBuffer 0x1b3bc59eef8 which is now in an invalid state (instead of recording state) because the following objects bound to the command buffer were invalidated
 VkPipeline 0x3f000000003f was destroyed
The Vulkan spec states: commandBuffer must be in the recording state (https://docs.vulkan.org/spec/latest/chapters/synchronization.html#VUID-vkCmdPipelineBarrier-commandBuffer-recording)[0m
[1;35m[1;33m[1;34m[TID 6744] 07-13-14:51:41.413 FATAL Game: Validation layer: vkCmdPipelineBarrier(): was called in VkCommandBuffer 0x1b3bc59eef8 which is now in an invalid state (instead of recording state) because the following objects bound to the command buffer were invalidated
 VkPipeline 0x3f000000003f was destroyed
The Vulkan spec states: commandBuffer must be in the recording state (https://docs.vulkan.org/spec/latest/chapters/synchronization.html#VUID-vkCmdPipelineBarrier-commandBuffer-recording)[0m
[1;34m[TID 3544] 07-13-14:51:41.437 INFO WorldGeneratorGPU: Noise stage completed[0m
[1;34m[TID 3732] 07-13-14:51:41.438 INFO WorldGeneratorGPU: Executing heightmap stage[0m
[1;35m[1;33m[1;34m[TID 14968] 07-13-14:51:41.438 FATAL Game: Validation layer: vkCmdPipelineBarrier(): was called in VkCommandBuffer 0x1b3bc59eef8 which is now in an invalid state (instead of recording state) because the following objects bound to the command buffer were invalidated
 VkPipeline 0x3f000000003f was destroyed
The Vulkan spec states: commandBuffer must be in the recording state (https://docs.vulkan.org/spec/latest/chapters/synchronization.html#VUID-vkCmdPipelineBarrier-commandBuffer-recording)[0m
[1;35m[1;33m[1;34m[TID 6744] 07-13-14:51:41.496 FATAL Game: Validation layer: vkCmdBindPipeline(): was called in VkCommandBuffer 0x1b3bc59eef8 which is now in an invalid state (instead of recording state) because the following objects bound to the command buffer were invalidated
 VkPipeline 0x3f000000003f was destroyed
The Vulkan spec states: commandBuffer must be in the recording state (https://docs.vulkan.org/spec/latest/chapters/pipelines.html#VUID-vkCmdBindPipeline-commandBuffer-recording)[0m
[1;35m[1;33m[1;34m[TID 3544] 07-13-14:51:41.521 FATAL Game: Validation layer: vkCmdBindDescriptorSets(): was called in VkCommandBuffer 0x1b3bc59eef8 which is now in an invalid state (instead of recording state) because the following objects bound to the command buffer were invalidated
 VkPipeline 0x3f000000003f was destroyed
The Vulkan spec states: commandBuffer must be in the recording state (https://docs.vulkan.org/spec/latest/chapters/descriptorsets.html#VUID-vkCmdBindDescriptorSets-commandBuffer-recording)[0m
[1;35m[1;33m[1;34m[TID 14968] 07-13-14:51:41.537 FATAL Game: Validation layer: vkCmdPushConstants(): was called in VkCommandBuffer 0x1b3bc59eef8 which is now in an invalid state (instead of recording state) because the following objects bound to the command buffer were invalidated
 VkPipeline 0x3f000000003f was destroyed
The Vulkan spec states: commandBuffer must be in the recording state (https://docs.vulkan.org/spec/latest/chapters/descriptorsets.html#VUID-vkCmdPushConstants-commandBuffer-recording)[0m
[1;35m[1;33m[1;34m[TID 3732] 07-13-14:51:41.672 FATAL Game: Validation layer: vkCmdDispatch(): was called in VkCommandBuffer 0x1b3bc59eef8 which is now in an invalid state (instead of recording state) because the following objects bound to the command buffer were invalidated
 VkPipeline 0x3f000000003f was destroyed
The Vulkan spec states: commandBuffer must be in the recording state (https://docs.vulkan.org/spec/latest/chapters/dispatch.html#VUID-vkCmdDispatch-commandBuffer-recording)[0m
[1;35m[1;33m[1;34m[TID 6744] 07-13-14:51:41.681 FATAL Game: Validation layer: vkCmdPipelineBarrier(): was called in VkCommandBuffer 0x1b3bc59eef8 which is now in an invalid state (instead of recording state) because the following objects bound to the command buffer were invalidated
 VkPipeline 0x3f000000003f was destroyed
The Vulkan spec states: commandBuffer must be in the recording state (https://docs.vulkan.org/spec/latest/chapters/synchronization.html#VUID-vkCmdPipelineBarrier-commandBuffer-recording)[0m
[1;34m[TID 3544] 07-13-14:51:41.699 INFO WorldGeneratorGPU: Executing biome stage[0m
[1;35m[1;33m[1;34m[TID 14968] 07-13-14:51:41.700 FATAL Game: Validation layer: vkCmdPipelineBarrier(): was called in VkCommandBuffer 0x1b3bc59eef8 which is now in an invalid state (instead of recording state) because the following objects bound to the command buffer were invalidated
 VkPipeline 0x3f000000003f was destroyed
The Vulkan spec states: commandBuffer must be in the recording state (https://docs.vulkan.org/spec/latest/chapters/synchronization.html#VUID-vkCmdPipelineBarrier-commandBuffer-recording)[0m
[1;35m[1;33m[1;34m[TID 3732] 07-13-14:51:41.715 FATAL Game: Validation layer: vkCmdPipelineBarrier(): was called in VkCommandBuffer 0x1b3bc59eef8 which is now in an invalid state (instead of recording state) because the following objects bound to the command buffer were invalidated
 VkPipeline 0x3f000000003f was destroyed
The Vulkan spec states: commandBuffer must be in the recording state (https://docs.vulkan.org/spec/latest/chapters/synchronization.html#VUID-vkCmdPipelineBarrier-commandBuffer-recording)[0m
[1;35m[1;33m[1;34m[TID 6744] 07-13-14:51:41.727 FATAL Game: Validation layer: (Warning - This VUID has now been reported 10 times, which is the duplicate_message_limit value, this will be the last time reporting it).
vkCmdPipelineBarrier(): was called in VkCommandBuffer 0x1b3bc59eef8 which is now in an invalid state (instead of recording state) because the following objects bound to the command buffer were invalidated
 VkPipeline 0x3f000000003f was destroyed
The Vulkan spec states: commandBuffer must be in the recording state (https://docs.vulkan.org/spec/latest/chapters/synchronization.html#VUID-vkCmdPipelineBarrier-commandBuffer-recording)[0m
[1;35m[1;33m[1;34m[TID 3544] 07-13-14:51:41.747 FATAL Game: Validation layer: vkCmdBindPipeline(): was called in VkCommandBuffer 0x1b3bc59eef8 which is now in an invalid state (instead of recording state) because the following objects bound to the command buffer were invalidated
 VkPipeline 0x3f000000003f was destroyed
The Vulkan spec states: commandBuffer must be in the recording state (https://docs.vulkan.org/spec/latest/chapters/pipelines.html#VUID-vkCmdBindPipeline-commandBuffer-recording)[0m
[1;35m[1;33m[1;34m[TID 14968] 07-13-14:51:41.767 FATAL Game: Validation layer: vkUpdateDescriptorSets(): pDescriptorWrites[3].pBufferInfo[0].buffer is VK_NULL_HANDLE, and descriptorType is VK_DESCRIPTOR_TYPE_STORAGE_BUFFER.
The Vulkan spec states: If the nullDescriptor feature is not enabled, buffer must not be VK_NULL_HANDLE (https://docs.vulkan.org/spec/latest/chapters/descriptorsets.html#VUID-VkDescriptorBufferInfo-buffer-02998)[0m
[1;35m[1;33m[1;34m[TID 3732] 07-13-14:51:41.794 FATAL Game: Validation layer: vkUpdateDescriptorSets(): pDescriptorWrites[3].pBufferInfo[0].buffer found in the template update has an invalid VkBuffer 0x0 (while trying to update a descriptorType of VK_DESCRIPTOR_TYPE_STORAGE_BUFFER).
The Vulkan spec states: If buffer is not VK_NULL_HANDLE, buffer must be a valid VkBuffer handle (https://docs.vulkan.org/spec/latest/chapters/descriptorsets.html#VUID-VkDescriptorBufferInfo-buffer-parameter)[0m
[1;35m[1;33m[1;34m[TID 6744] 07-13-14:51:41.817 FATAL Game: Validation layer: vkCmdBindDescriptorSets(): was called in VkCommandBuffer 0x1b3bc59eef8 which is now in an invalid state (instead of recording state) because the following objects bound to the command buffer were invalidated
 VkPipeline 0x3f000000003f was destroyed
The Vulkan spec states: commandBuffer must be in the recording state (https://docs.vulkan.org/spec/latest/chapters/descriptorsets.html#VUID-vkCmdBindDescriptorSets-commandBuffer-recording)[0m
[1;35m[1;33m[1;34m[TID 3544] 07-13-14:51:41.826 FATAL Game: Validation layer: vkCmdPushConstants(): was called in VkCommandBuffer 0x1b3bc59eef8 which is now in an invalid state (instead of recording state) because the following objects bound to the command buffer were invalidated
 VkPipeline 0x3f000000003f was destroyed
The Vulkan spec states: commandBuffer must be in the recording state (https://docs.vulkan.org/spec/latest/chapters/descriptorsets.html#VUID-vkCmdPushConstants-commandBuffer-recording)[0m
[1;35m[1;33m[1;34m[TID 14968] 07-13-14:51:41.838 FATAL Game: Validation layer: vkCmdDispatch(): was called in VkCommandBuffer 0x1b3bc59eef8 which is now in an invalid state (instead of recording state) because the following objects bound to the command buffer were invalidated
 VkPipeline 0x3f000000003f was destroyed
The Vulkan spec states: commandBuffer must be in the recording state (https://docs.vulkan.org/spec/latest/chapters/dispatch.html#VUID-vkCmdDispatch-commandBuffer-recording)[0m
[1;35m[1;33m[1;34m[TID 3732] 07-13-14:51:41.842 FATAL Game: Validation layer: vkCmdDispatch(): the storage buffer descriptor [VkDescriptorSet 0x1d000000001d, Set 0, Binding 3, Index 0, variable "biomeReg"] is using buffer VkBuffer 0x0 that is invalid or has been destroyed.
The Vulkan spec states: Descriptors in each bound descriptor set, specified via vkCmdBindDescriptorSets, must be valid if they are accessed as described by descriptor validity by the VkPipeline bound to the pipeline bind point used by this command and the bound VkPipeline was not created with VK_PIPELINE_CREATE_DESCRIPTOR_BUFFER_BIT_EXT (https://docs.vulkan.org/spec/latest/chapters/dispatch.html#VUID-vkCmdDispatch-None-08114)[0m
[1;34m[TID 6744] 07-13-14:51:41.878 INFO WorldGeneratorGPU: Biome stage completed[0m
[1;34m[TID 3544] 07-13-14:51:41.879 INFO WorldGeneratorGPU: Executing unit placement stage[0m
[1;35m[1;33m[1;34m[TID 14968] 07-13-14:51:41.879 FATAL Game: Validation layer: vkCmdBindPipeline(): was called in VkCommandBuffer 0x1b3bc59eef8 which is now in an invalid state (instead of recording state) because the following objects bound to the command buffer were invalidated
 VkPipeline 0x3f000000003f was destroyed
The Vulkan spec states: commandBuffer must be in the recording state (https://docs.vulkan.org/spec/latest/chapters/pipelines.html#VUID-vkCmdBindPipeline-commandBuffer-recording)[0m
[1;35m[1;33m[1;34m[TID 3732] 07-13-14:51:41.897 FATAL Game: Validation layer: vkUpdateDescriptorSets(): pDescriptorWrites[5].pBufferInfo[0].buffer is VK_NULL_HANDLE, and descriptorType is VK_DESCRIPTOR_TYPE_STORAGE_BUFFER.
The Vulkan spec states: If the nullDescriptor feature is not enabled, buffer must not be VK_NULL_HANDLE (https://docs.vulkan.org/spec/latest/chapters/descriptorsets.html#VUID-VkDescriptorBufferInfo-buffer-02998)[0m
[1;35m[1;33m[1;34m[TID 6744] 07-13-14:51:41.910 FATAL Game: Validation layer: vkUpdateDescriptorSets(): pDescriptorWrites[6].pBufferInfo[0].buffer is VK_NULL_HANDLE, and descriptorType is VK_DESCRIPTOR_TYPE_STORAGE_BUFFER.
The Vulkan spec states: If the nullDescriptor feature is not enabled, buffer must not be VK_NULL_HANDLE (https://docs.vulkan.org/spec/latest/chapters/descriptorsets.html#VUID-VkDescriptorBufferInfo-buffer-02998)[0m
[1;35m[1;33m[1;34m[TID 3544] 07-13-14:51:41.920 FATAL Game: Validation layer: vkUpdateDescriptorSets(): pDescriptorWrites[5].pBufferInfo[0].buffer found in the template update has an invalid VkBuffer 0x0 (while trying to update a descriptorType of VK_DESCRIPTOR_TYPE_STORAGE_BUFFER).
The Vulkan spec states: If buffer is not VK_NULL_HANDLE, buffer must be a valid VkBuffer handle (https://docs.vulkan.org/spec/latest/chapters/descriptorsets.html#VUID-VkDescriptorBufferInfo-buffer-parameter)[0m
[1;35m[1;33m[1;34m[TID 14968] 07-13-14:51:41.940 FATAL Game: Validation layer: vkUpdateDescriptorSets(): pDescriptorWrites[6].pBufferInfo[0].buffer found in the template update has an invalid VkBuffer 0x0 (while trying to update a descriptorType of VK_DESCRIPTOR_TYPE_STORAGE_BUFFER).
The Vulkan spec states: If buffer is not VK_NULL_HANDLE, buffer must be a valid VkBuffer handle (https://docs.vulkan.org/spec/latest/chapters/descriptorsets.html#VUID-VkDescriptorBufferInfo-buffer-parameter)[0m
[1;35m[1;33m[1;34m[TID 3732] 07-13-14:51:41.987 FATAL Game: Validation layer: vkCmdBindDescriptorSets(): was called in VkCommandBuffer 0x1b3bc59eef8 which is now in an invalid state (instead of recording state) because the following objects bound to the command buffer were invalidated
 VkPipeline 0x3f000000003f was destroyed
The Vulkan spec states: commandBuffer must be in the recording state (https://docs.vulkan.org/spec/latest/chapters/descriptorsets.html#VUID-vkCmdBindDescriptorSets-commandBuffer-recording)[0m
[1;35m[1;33m[1;34m[TID 6744] 07-13-14:51:42.008 FATAL Game: Validation layer: vkCmdPushConstants(): was called in VkCommandBuffer 0x1b3bc59eef8 which is now in an invalid state (instead of recording state) because the following objects bound to the command buffer were invalidated
 VkPipeline 0x3f000000003f was destroyed
The Vulkan spec states: commandBuffer must be in the recording state (https://docs.vulkan.org/spec/latest/chapters/descriptorsets.html#VUID-vkCmdPushConstants-commandBuffer-recording)[0m
[1;35m[1;33m[1;34m[TID 3544] 07-13-14:51:42.019 FATAL Game: Validation layer: vkCmdDispatch(): was called in VkCommandBuffer 0x1b3bc59eef8 which is now in an invalid state (instead of recording state) because the following objects bound to the command buffer were invalidated
 VkPipeline 0x3f000000003f was destroyed
The Vulkan spec states: commandBuffer must be in the recording state (https://docs.vulkan.org/spec/latest/chapters/dispatch.html#VUID-vkCmdDispatch-commandBuffer-recording)[0m
[1;35m[1;33m[1;34m[TID 14968] 07-13-14:51:42.031 FATAL Game: Validation layer: vkCmdDispatch(): the storage buffer descriptor [VkDescriptorSet 0x220000000022, Set 0, Binding 6, Index 0, variable "biomeRules"] is using buffer VkBuffer 0x0 that is invalid or has been destroyed.
The Vulkan spec states: Descriptors in each bound descriptor set, specified via vkCmdBindDescriptorSets, must be valid if they are accessed as described by descriptor validity by the VkPipeline bound to the pipeline bind point used by this command and the bound VkPipeline was not created with VK_PIPELINE_CREATE_DESCRIPTOR_BUFFER_BIT_EXT (https://docs.vulkan.org/spec/latest/chapters/dispatch.html#VUID-vkCmdDispatch-None-08114)[0m
[1;35m[1;33m[1;34m[TID 3732] 07-13-14:51:42.172 FATAL Game: Validation layer: vkCmdDispatch(): the storage buffer descriptor [VkDescriptorSet 0x220000000022, Set 0, Binding 5, Index 0, variable "unitReg"] is using buffer VkBuffer 0x0 that is invalid or has been destroyed.
The Vulkan spec states: Descriptors in each bound descriptor set, specified via vkCmdBindDescriptorSets, must be valid if they are accessed as described by descriptor validity by the VkPipeline bound to the pipeline bind point used by this command and the bound VkPipeline was not created with VK_PIPELINE_CREATE_DESCRIPTOR_BUFFER_BIT_EXT (https://docs.vulkan.org/spec/latest/chapters/dispatch.html#VUID-vkCmdDispatch-None-08114)[0m
[1;34m[TID 6744] 07-13-14:51:42.192 INFO WorldGeneratorGPU: Unit placement stage completed[0m
[1;35m[1;33m[1;34m[TID 3544] 07-13-14:51:42.192 FATAL Game: Validation layer: vkCmdCopyBuffer(): was called in VkCommandBuffer 0x1b3bc59eef8 which is now in an invalid state (instead of recording state) because the following objects bound to the command buffer were invalidated
 VkPipeline 0x3f000000003f was destroyed
The Vulkan spec states: commandBuffer must be in the recording state (https://docs.vulkan.org/spec/latest/chapters/copies.html#VUID-vkCmdCopyBuffer-commandBuffer-recording)[0m
[1;35m[1;33m[1;34m[TID 14968] 07-13-14:51:42.270 FATAL Game: Validation layer: vkEndCommandBuffer(): was called in VkCommandBuffer 0x1b3bc59eef8 which is now in an invalid state (instead of recording state) because the following objects bound to the command buffer were invalidated
 VkPipeline 0x3f000000003f was destroyed
The Vulkan spec states: commandBuffer must be in the recording state (https://docs.vulkan.org/spec/latest/chapters/cmdbuffers.html#VUID-vkEndCommandBuffer-commandBuffer-00059)[0m
