[1;34m[TID 11864] 07-13-14:44:56.936 INFO WorldGeneratorGPU: Initialize - Creating noise generator[0m
[1;34m[TID 5784] 07-13-14:44:56.936 INFO WorldGeneratorGPU: ChunkGeneratorGPU::Initialize - Setting device pointers[0m
[1;34m[TID 6048] 07-13-14:44:56.936 INFO WorldGeneratorGPU: Initialize - Set chunk dimensions to 64x128x64[0m
[1;34m[TID 5288] 07-13-14:44:56.982 INFO WorldGeneratorGPU: Initialize - Noise generator created[0m
[1;34m[TID 6048] 07-13-14:44:56.982 INFO WorldGeneratorGPU: Descriptor sets created successfully[0m
[1;34m[TID 11864] 07-13-14:44:56.982 INFO WorldGeneratorGPU: Initialize - Creating descriptor sets[0m
[1;34m[TID 5784] 07-13-14:44:56.982 INFO WorldGeneratorGPU: ChunkGeneratorGPU::Initialize - Step 7: Descriptor sets created[0m
[1;34m[TID 5288] 07-13-14:44:56.982 INFO WorldGeneratorGPU: Initialize - Creating compute pipelines[0m
[1;34m[TID 11864] 07-13-14:44:57.174 INFO WorldGeneratorGPU: Compute pipelines created successfully[0m
[1;34m[TID 6048] 07-13-14:44:57.174 INFO WorldGeneratorGPU: Initialize - Compute pipelines created[0m
[1;34m[TID 5784] 07-13-14:44:57.174 INFO WorldGeneratorGPU: Initialize - Creating noise buffers[0m
[1;34m[TID 5288] 07-13-14:44:57.175 INFO WorldGeneratorGPU: Initialize - Noise buffers created[0m
[1;34m[TID 11864] 07-13-14:44:57.175 INFO WorldGeneratorGPU: Initialize - Creating world output buffers[0m
[1;34m[TID 5784] 07-13-14:44:57.191 INFO WorldGeneratorGPU: Initialize - World output buffers created[0m
[1;34m[TID 6048] 07-13-14:44:57.192 INFO WorldGeneratorGPU: Initialize - Initializing async queue[0m
[1;34m[TID 11864] 07-13-14:44:57.192 INFO WorldGeneratorGPU: WorldGeneratorGPU initialized successfully[0m
[1;34m[TID 5288] 07-13-14:44:57.192 INFO WorldGeneratorGPU: Skipping biome stage for integrated GPU; simplify generation[0m
[1;34m[TID 5784] 07-13-14:44:57.193 INFO WorldGeneratorGPU: Skipping unit placement stage for integrated GPU; minimal generation[0m
[1;34m[TID 5288] 07-13-14:44:57.193 INFO WorldGeneratorGPU: Skipping polygon fence generation for integrated GPU[0m
[1;34m[TID 11864] 07-13-14:44:57.200 INFO WorldGeneratorGPU: Starting chunk generation pipeline for dimensions 64x128x64[0m
[1;34m[TID 6048] 07-13-14:44:57.200 INFO WorldGeneratorGPU: Executing noise stage[0m
[1;34m[TID 5784] 07-13-14:44:57.200 INFO WorldGeneratorGPU: ExecuteNoiseStage: Starting simplex noise generation[0m
[1;34m[TID 5288] 07-13-14:44:57.200 INFO WorldGeneratorGPU: ExecuteNoiseStage: Calling GenNoise[0m
[1;34m[TID 11864] 07-13-14:44:57.201 INFO UnitGPUSimplexNoise: GenNoise: Creating pipeline layout[0m
[1;34m[TID 5784] 07-13-14:44:57.201 INFO UnitGPUSimplexNoise: GenNoise: Loading shader[0m
[1;34m[TID 6048] 07-13-14:44:57.227 INFO UnitGPUSimplexNoise: GenNoise: Creating compute pipeline[0m
[1;35m[1;33m[1;34m[TID 11864] 07-13-14:44:57.298 FATAL Game: Validation layer: vkCreateComputePipelines(): pCreateInfos[0].stage SPIR-V (VK_SHADER_STAGE_COMPUTE_BIT) has a push constant buffer Block with range [0, 56] which outside the VkPushConstantRange of [0, 52].
The Vulkan spec states: If a push constant block is declared in a shader and layout is not VK_NULL_HANDLE, the block must be contained inside the push constant range in layout that matches the stage (https://docs.vulkan.org/spec/latest/chapters/pipelines.html#VUID-VkComputePipelineCreateInfo-layout-10069)[0m
[1;35m[1;33m[1;34m[TID 5288] 07-13-14:44:57.485 FATAL Game: Validation layer: vkCreateComputePipelines(): pCreateInfos[0].stage SPIR-V (VK_SHADER_STAGE_COMPUTE_BIT) uses descriptor [Set 0, Binding 3, variable "InitFlagBuffer"] but the binding was not declared in the VkPipelineLayoutCreateInfo::pSetLayouts[0].
Possible VkDescriptorType that could be used are: VK_DESCRIPTOR_TYPE_STORAGE_BUFFER or VK_DESCRIPTOR_TYPE_STORAGE_BUFFER_DYNAMIC.
The Vulkan spec states: If a resource variable is declared in a shader and layout is not VK_NULL_HANDLE, the corresponding descriptor set in layout must match the shader stage (https://docs.vulkan.org/spec/latest/chapters/pipelines.html#VUID-VkComputePipelineCreateInfo-layout-07988)[0m
