[1;34m[TID 2392] 07-13-13:05:38.496 INFO WorldGeneratorGPU: Initialize - Set chunk dimensions to 64x128x64[0m
[1;34m[TID 5692] 07-13-13:05:38.496 INFO WorldGeneratorGPU: Initialize - Creating noise generator[0m
[1;34m[TID 12876] 07-13-13:05:38.496 INFO WorldGeneratorGPU: ChunkGeneratorGPU::Initialize - Setting device pointers[0m
[1;34m[TID 7228] 07-13-13:05:38.671 INFO WorldGeneratorGPU: Initialize - Noise generator created[0m
[1;34m[TID 2392] 07-13-13:05:38.672 INFO WorldGeneratorGPU: Initialize - Creating descriptor sets[0m
[1;34m[TID 12876] 07-13-13:05:38.672 INFO WorldGeneratorGPU: Descriptor sets created successfully[0m
[1;34m[TID 5692] 07-13-13:05:38.672 INFO WorldGeneratorGPU: ChunkGeneratorGPU::Initialize - Step 7: Descriptor sets created[0m
[1;34m[TID 7228] 07-13-13:05:38.673 INFO WorldGeneratorGPU: Initialize - Creating compute pipelines[0m
[1;34m[TID 2392] 07-13-13:05:38.890 INFO WorldGeneratorGPU: Compute pipelines created successfully[0m
[1;34m[TID 5692] 07-13-13:05:38.890 INFO WorldGeneratorGPU: Initialize - Compute pipelines created[0m
[1;34m[TID 12876] 07-13-13:05:38.891 INFO WorldGeneratorGPU: Initialize - Creating noise buffers[0m
[1;34m[TID 7228] 07-13-13:05:38.891 INFO WorldGeneratorGPU: Initialize - Noise buffers created[0m
[1;34m[TID 2392] 07-13-13:05:38.892 INFO WorldGeneratorGPU: Initialize - Creating world output buffers[0m
[1;34m[TID 12876] 07-13-13:05:38.911 INFO WorldGeneratorGPU: Initialize - World output buffers created[0m
[1;34m[TID 5692] 07-13-13:05:38.911 INFO WorldGeneratorGPU: Initialize - Initializing async queue[0m
[1;34m[TID 7228] 07-13-13:05:38.911 INFO WorldGeneratorGPU: WorldGeneratorGPU initialized successfully[0m
[1;34m[TID 2392] 07-13-13:05:38.911 INFO WorldGeneratorGPU: Skipping biome stage for integrated GPU; simplify generation[0m
[1;34m[TID 12876] 07-13-13:05:38.911 INFO WorldGeneratorGPU: Skipping unit placement stage for integrated GPU; minimal generation[0m
[1;34m[TID 12876] 07-13-13:05:38.912 INFO WorldGeneratorGPU: Skipping polygon fence generation for integrated GPU[0m
[1;34m[TID 2392] 07-13-13:05:38.923 INFO WorldGeneratorGPU: Starting chunk generation pipeline for dimensions 64x128x64[0m
[1;34m[TID 7228] 07-13-13:05:38.923 INFO WorldGeneratorGPU: Executing noise stage[0m
