[1;34m[TID 18032] 07-13-12:21:05.053 INFO WorldGeneratorGPU: Initialize - Set chunk dimensions to 64x128x64[0m
[1;34m[TID 15104] 07-13-12:21:05.053 INFO WorldGeneratorGPU: ChunkGeneratorGPU::Initialize - Setting device pointers[0m
[1;34m[TID 3472] 07-13-12:21:05.053 INFO WorldGeneratorGPU: Initialize - Creating noise generator[0m
[1;35m[1;33m[1;34m[TID 9712] 07-13-12:21:05.057 FATAL Game: Validation layer: vkBindBufferMemory(): Trying to bind VkBuffer 0x30000000003 to a memory block which is fully consumed by the buffer. The required size of the allocation is 1024, but smaller buffers like this should be sub-allocated from larger memory blocks. (Current threshold is 1048576 bytes)[0m
[1;35m[1;33m[1;34m[TID 18032] 07-13-12:21:05.257 FATAL Game: Validation layer: vkBindBufferMemory(): Trying to bind VkBuffer 0x50000000005 to a memory block which is fully consumed by the buffer. The required size of the allocation is 1024, but smaller buffers like this should be sub-allocated from larger memory blocks. (Current threshold is 1048576 bytes)[0m
[1;34m[TID 3472] 07-13-12:21:05.361 INFO WorldGeneratorGPU: Initialize - Noise generator created[0m
[1;34m[TID 15104] 07-13-12:21:05.362 INFO WorldGeneratorGPU: Initialize - Creating descriptor sets[0m
[1;34m[TID 9712] 07-13-12:21:05.362 INFO WorldGeneratorGPU: Descriptor sets created successfully[0m
[1;34m[TID 18032] 07-13-12:21:05.362 INFO WorldGeneratorGPU: ChunkGeneratorGPU::Initialize - Step 7: Descriptor sets created[0m
[1;34m[TID 3472] 07-13-12:21:05.362 INFO WorldGeneratorGPU: Initialize - Creating compute pipelines[0m
[1;35m[1;33m[1;34m[TID 3472] 07-13-12:21:05.487 FATAL Game: Validation layer: vkCreateComputePipelines(): pCreateInfos[0].stage SPIR-V (VK_SHADER_STAGE_COMPUTE_BIT) is using push constants, but no VkPushConstantRange were found in VkPipelineLayout 0x160000000016.
The Vulkan spec states: If a push constant block is declared in a shader and layout is not VK_NULL_HANDLE, a push constant range in layout must match the shader stage (https://docs.vulkan.org/spec/latest/chapters/pipelines.html#VUID-VkComputePipelineCreateInfo-layout-07987)[0m
[1;35m[1;33m[1;34m[TID 15104] 07-13-12:21:05.513 FATAL Game: Validation layer: vkCreateComputePipelines(): pCreateInfos[0].stage SPIR-V (VK_SHADER_STAGE_COMPUTE_BIT) is using push constants, but no VkPushConstantRange were found in VkPipelineLayout 0x1a000000001a.
The Vulkan spec states: If a push constant block is declared in a shader and layout is not VK_NULL_HANDLE, a push constant range in layout must match the shader stage (https://docs.vulkan.org/spec/latest/chapters/pipelines.html#VUID-VkComputePipelineCreateInfo-layout-07987)[0m
[1;35m[1;33m[1;34m[TID 18032] 07-13-12:21:05.542 FATAL Game: Validation layer: vkCreateComputePipelines(): pCreateInfos[0].stage SPIR-V (VK_SHADER_STAGE_COMPUTE_BIT) is using push constants, but no VkPushConstantRange were found in VkPipelineLayout 0x1d000000001d.
The Vulkan spec states: If a push constant block is declared in a shader and layout is not VK_NULL_HANDLE, a push constant range in layout must match the shader stage (https://docs.vulkan.org/spec/latest/chapters/pipelines.html#VUID-VkComputePipelineCreateInfo-layout-07987)[0m
[1;35m[1;33m[1;34m[TID 9712] 07-13-12:21:05.549 FATAL Game: Validation layer: vkCreateComputePipelines(): pCreateInfos[0].stage SPIR-V (VK_SHADER_STAGE_COMPUTE_BIT) uses descriptor [Set 0, Binding 1, variable "inTemp"] but the binding was not declared in the VkPipelineLayoutCreateInfo::pSetLayouts[0].
Possible VkDescriptorType that could be used are: VK_DESCRIPTOR_TYPE_STORAGE_BUFFER or VK_DESCRIPTOR_TYPE_STORAGE_BUFFER_DYNAMIC.
The Vulkan spec states: If a resource variable is declared in a shader and layout is not VK_NULL_HANDLE, the corresponding descriptor set in layout must match the shader stage (https://docs.vulkan.org/spec/latest/chapters/pipelines.html#VUID-VkComputePipelineCreateInfo-layout-07988)[0m
[1;35m[1;33m[1;34m[TID 3472] 07-13-12:21:05.555 FATAL Game: Validation layer: vkCreateComputePipelines(): pCreateInfos[0].stage SPIR-V (VK_SHADER_STAGE_COMPUTE_BIT) uses descriptor [Set 0, Binding 4, variable "inHeight"] but the binding was not declared in the VkPipelineLayoutCreateInfo::pSetLayouts[0].
Possible VkDescriptorType that could be used are: VK_DESCRIPTOR_TYPE_STORAGE_BUFFER or VK_DESCRIPTOR_TYPE_STORAGE_BUFFER_DYNAMIC.
The Vulkan spec states: If a resource variable is declared in a shader and layout is not VK_NULL_HANDLE, the corresponding descriptor set in layout must match the shader stage (https://docs.vulkan.org/spec/latest/chapters/pipelines.html#VUID-VkComputePipelineCreateInfo-layout-07988)[0m
[1;35m[1;33m[1;34m[TID 15104] 07-13-12:21:05.561 FATAL Game: Validation layer: vkCreateComputePipelines(): pCreateInfos[0].stage SPIR-V (VK_SHADER_STAGE_COMPUTE_BIT) uses descriptor [Set 0, Binding 6, variable "biomeRules"] but the binding was not declared in the VkPipelineLayoutCreateInfo::pSetLayouts[0].
Possible VkDescriptorType that could be used are: VK_DESCRIPTOR_TYPE_STORAGE_BUFFER or VK_DESCRIPTOR_TYPE_STORAGE_BUFFER_DYNAMIC.
The Vulkan spec states: If a resource variable is declared in a shader and layout is not VK_NULL_HANDLE, the corresponding descriptor set in layout must match the shader stage (https://docs.vulkan.org/spec/latest/chapters/pipelines.html#VUID-VkComputePipelineCreateInfo-layout-07988)[0m
[1;35m[1;33m[1;34m[TID 18032] 07-13-12:21:05.568 FATAL Game: Validation layer: vkCreateComputePipelines(): pCreateInfos[0].stage SPIR-V (VK_SHADER_STAGE_COMPUTE_BIT) uses descriptor [Set 0, Binding 7, variable "outUnit"] but the binding was not declared in the VkPipelineLayoutCreateInfo::pSetLayouts[0].
Possible VkDescriptorType that could be used are: VK_DESCRIPTOR_TYPE_STORAGE_BUFFER or VK_DESCRIPTOR_TYPE_STORAGE_BUFFER_DYNAMIC.
The Vulkan spec states: If a resource variable is declared in a shader and layout is not VK_NULL_HANDLE, the corresponding descriptor set in layout must match the shader stage (https://docs.vulkan.org/spec/latest/chapters/pipelines.html#VUID-VkComputePipelineCreateInfo-layout-07988)[0m
[1;35m[1;33m[1;34m[TID 9712] 07-13-12:21:05.574 FATAL Game: Validation layer: vkCreateComputePipelines(): pCreateInfos[0].stage SPIR-V (VK_SHADER_STAGE_COMPUTE_BIT) uses descriptor [Set 0, Binding 0, variable "inBiome"] but the binding was not declared in the VkPipelineLayoutCreateInfo::pSetLayouts[0].
Possible VkDescriptorType that could be used are: VK_DESCRIPTOR_TYPE_STORAGE_BUFFER or VK_DESCRIPTOR_TYPE_STORAGE_BUFFER_DYNAMIC.
The Vulkan spec states: If a resource variable is declared in a shader and layout is not VK_NULL_HANDLE, the corresponding descriptor set in layout must match the shader stage (https://docs.vulkan.org/spec/latest/chapters/pipelines.html#VUID-VkComputePipelineCreateInfo-layout-07988)[0m
[1;35m[1;33m[1;34m[TID 3472] 07-13-12:21:05.581 FATAL Game: Validation layer: vkCreateComputePipelines(): pCreateInfos[0].stage SPIR-V (VK_SHADER_STAGE_COMPUTE_BIT) uses descriptor [Set 0, Binding 5, variable "unitReg"] but the binding was not declared in the VkPipelineLayoutCreateInfo::pSetLayouts[0].
Possible VkDescriptorType that could be used are: VK_DESCRIPTOR_TYPE_STORAGE_BUFFER or VK_DESCRIPTOR_TYPE_STORAGE_BUFFER_DYNAMIC.
The Vulkan spec states: If a resource variable is declared in a shader and layout is not VK_NULL_HANDLE, the corresponding descriptor set in layout must match the shader stage (https://docs.vulkan.org/spec/latest/chapters/pipelines.html#VUID-VkComputePipelineCreateInfo-layout-07988)[0m
[1;35m[1;33m[1;34m[TID 15104] 07-13-12:21:05.588 FATAL Game: Validation layer: vkCreateComputePipelines(): pCreateInfos[0].stage SPIR-V (VK_SHADER_STAGE_COMPUTE_BIT) uses descriptor [Set 0, Binding 2, variable "inMoist"] but the binding was not declared in the VkPipelineLayoutCreateInfo::pSetLayouts[0].
Possible VkDescriptorType that could be used are: VK_DESCRIPTOR_TYPE_STORAGE_BUFFER or VK_DESCRIPTOR_TYPE_STORAGE_BUFFER_DYNAMIC.
The Vulkan spec states: If a resource variable is declared in a shader and layout is not VK_NULL_HANDLE, the corresponding descriptor set in layout must match the shader stage (https://docs.vulkan.org/spec/latest/chapters/pipelines.html#VUID-VkComputePipelineCreateInfo-layout-07988)[0m
[1;35m[1;33m[1;34m[TID 18032] 07-13-12:21:05.596 FATAL Game: Validation layer: vkCreateComputePipelines(): pCreateInfos[0].stage SPIR-V (VK_SHADER_STAGE_COMPUTE_BIT) uses descriptor [Set 0, Binding 3, variable "inElev"] but the binding was not declared in the VkPipelineLayoutCreateInfo::pSetLayouts[0].
Possible VkDescriptorType that could be used are: VK_DESCRIPTOR_TYPE_STORAGE_BUFFER or VK_DESCRIPTOR_TYPE_STORAGE_BUFFER_DYNAMIC.
The Vulkan spec states: If a resource variable is declared in a shader and layout is not VK_NULL_HANDLE, the corresponding descriptor set in layout must match the shader stage (https://docs.vulkan.org/spec/latest/chapters/pipelines.html#VUID-VkComputePipelineCreateInfo-layout-07988)[0m
[1;34m[TID 9712] 07-13-12:21:05.694 INFO WorldGeneratorGPU: Compute pipelines created successfully[0m
[1;34m[TID 3472] 07-13-12:21:05.694 INFO WorldGeneratorGPU: Initialize - Compute pipelines created[0m
[1;34m[TID 15104] 07-13-12:21:05.694 INFO WorldGeneratorGPU: Initialize - Creating noise buffers[0m
[1;34m[TID 18032] 07-13-12:21:05.695 INFO WorldGeneratorGPU: Initialize - Noise buffers created[0m
[1;34m[TID 9712] 07-13-12:21:05.695 INFO WorldGeneratorGPU: Initialize - Creating world output buffers[0m
[1;34m[TID 15104] 07-13-12:21:05.716 INFO WorldGeneratorGPU: Initialize - World output buffers created[0m
[1;34m[TID 3472] 07-13-12:21:05.716 INFO WorldGeneratorGPU: Initialize - Initializing async queue[0m
[1;34m[TID 18032] 07-13-12:21:05.716 INFO WorldGeneratorGPU: WorldGeneratorGPU initialized successfully[0m
[1;34m[TID 9712] 07-13-12:21:05.717 INFO WorldGeneratorGPU: Skipping biome stage for integrated GPU; simplify generation[0m
[1;34m[TID 15104] 07-13-12:21:05.718 INFO WorldGeneratorGPU: Skipping unit placement stage for integrated GPU; minimal generation[0m
[1;34m[TID 18032] 07-13-12:21:05.718 INFO WorldGeneratorGPU: Skipping polygon fence generation for integrated GPU[0m
[1;34m[TID 18032] 07-13-12:21:05.723 WARN WorldGeneratorGPU: Cannot update polFence descriptor set: lookup table buffers not created (unit registry not set)[0m
[1;34m[TID 9712] 07-13-12:21:05.723 ERROR WorldGeneratorGPU: Failed to update polFence descriptor set[0m
[1;35m[1;33m[1;34m[TID 3472] 07-13-12:21:05.725 FATAL Game: Validation layer: vkCmdCopyBuffer(): srcBuffer (VkBuffer 0x320000000032) was created with VK_BUFFER_USAGE_2_TRANSFER_DST_BIT|VK_BUFFER_USAGE_2_STORAGE_BUFFER_BIT but requires VK_BUFFER_USAGE_2_TRANSFER_SRC_BIT.
The Vulkan spec states: srcBuffer must have been created with the VK_BUFFER_USAGE_TRANSFER_SRC_BIT usage flag set (https://docs.vulkan.org/spec/latest/chapters/copies.html#VUID-vkCmdCopyBuffer-srcBuffer-00118)[0m
[1;34m[TID 15104] 07-13-12:21:05.811 INFO WorldGeneratorGPU: WorldGeneratorGPU shutdown complete[0m
