[1;34m[TID 3788] 07-13-13:14:37.168 INFO WorldGeneratorGPU: Initialize - Set chunk dimensions to 64x128x64[0m
[1;34m[TID 10604] 07-13-13:14:37.167 INFO WorldGeneratorGPU: ChunkGeneratorGPU::Initialize - Setting device pointers[0m
[1;34m[TID 3056] 07-13-13:14:37.168 INFO WorldGeneratorGPU: Initialize - Creating noise generator[0m
[1;34m[TID 16732] 07-13-13:14:37.269 INFO WorldGeneratorGPU: Initialize - Noise generator created[0m
[1;34m[TID 3056] 07-13-13:14:37.269 INFO WorldGeneratorGPU: Descriptor sets created successfully[0m
[1;34m[TID 3788] 07-13-13:14:37.269 INFO WorldGeneratorGPU: Initialize - Creating descriptor sets[0m
[1;34m[TID 10604] 07-13-13:14:37.269 INFO WorldGeneratorGPU: ChunkGeneratorGPU::Initialize - Step 7: Descriptor sets created[0m
[1;34m[TID 16732] 07-13-13:14:37.270 INFO WorldGeneratorGPU: Initialize - Creating compute pipelines[0m
[1;34m[TID 16732] 07-13-13:14:37.455 INFO WorldGeneratorGPU: Compute pipelines created successfully[0m
[1;34m[TID 3056] 07-13-13:14:37.455 INFO WorldGeneratorGPU: Initialize - Compute pipelines created[0m
[1;34m[TID 10604] 07-13-13:14:37.455 INFO WorldGeneratorGPU: Initialize - Creating noise buffers[0m
[1;34m[TID 3788] 07-13-13:14:37.455 INFO WorldGeneratorGPU: Initialize - Noise buffers created[0m
[1;34m[TID 16732] 07-13-13:14:37.456 INFO WorldGeneratorGPU: Initialize - Creating world output buffers[0m
[1;34m[TID 16732] 07-13-13:14:37.473 INFO WorldGeneratorGPU: Initialize - World output buffers created[0m
[1;34m[TID 10604] 07-13-13:14:37.473 INFO WorldGeneratorGPU: Initialize - Initializing async queue[0m
[1;34m[TID 3788] 07-13-13:14:37.473 INFO WorldGeneratorGPU: WorldGeneratorGPU initialized successfully[0m
[1;34m[TID 3056] 07-13-13:14:37.474 INFO WorldGeneratorGPU: Skipping biome stage for integrated GPU; simplify generation[0m
[1;34m[TID 16732] 07-13-13:14:37.474 INFO WorldGeneratorGPU: Skipping unit placement stage for integrated GPU; minimal generation[0m
[1;34m[TID 10604] 07-13-13:14:37.474 INFO WorldGeneratorGPU: Skipping polygon fence generation for integrated GPU[0m
[1;34m[TID 3788] 07-13-13:14:37.482 INFO WorldGeneratorGPU: Starting chunk generation pipeline for dimensions 64x128x64[0m
[1;34m[TID 16732] 07-13-13:14:37.482 INFO WorldGeneratorGPU: Executing noise stage[0m
[1;34m[TID 10604] 07-13-13:14:37.482 INFO WorldGeneratorGPU: ExecuteNoiseStage: Starting simplex noise generation[0m
[1;34m[TID 3056] 07-13-13:14:37.483 INFO WorldGeneratorGPU: ExecuteNoiseStage: Calling GenNoise[0m
[1;34m[TID 3788] 07-13-13:14:37.483 WARN WorldGeneratorGPU: ExecuteNoiseStage: Skipping GenNoise due to pipeline creation hang[0m
[1;34m[TID 16732] 07-13-13:14:37.483 INFO WorldGeneratorGPU: ExecuteNoiseStage: GenNoise skipped[0m
[1;34m[TID 10604] 07-13-13:14:37.485 INFO WorldGeneratorGPU: Noise stage completed[0m
[1;34m[TID 3056] 07-13-13:14:37.485 INFO WorldGeneratorGPU: Executing heightmap stage[0m
[1;34m[TID 16732] 07-13-13:14:37.485 INFO WorldGeneratorGPU: Executing biome stage[0m
[1;35m[1;33m[1;34m[TID 3788] 07-13-13:14:37.552 FATAL Game: Validation layer: vkUpdateDescriptorSets(): pDescriptorWrites[3].pBufferInfo[0].buffer is VK_NULL_HANDLE, and descriptorType is VK_DESCRIPTOR_TYPE_STORAGE_BUFFER.
The Vulkan spec states: If the nullDescriptor feature is not enabled, buffer must not be VK_NULL_HANDLE (https://docs.vulkan.org/spec/latest/chapters/descriptorsets.html#VUID-VkDescriptorBufferInfo-buffer-02998)[0m
[1;35m[1;33m[1;34m[TID 16732] 07-13-13:14:37.752 FATAL Game: Validation layer: vkUpdateDescriptorSets(): pDescriptorWrites[3].pBufferInfo[0].buffer found in the template update has an invalid VkBuffer 0x0 (while trying to update a descriptorType of VK_DESCRIPTOR_TYPE_STORAGE_BUFFER).
The Vulkan spec states: If buffer is not VK_NULL_HANDLE, buffer must be a valid VkBuffer handle (https://docs.vulkan.org/spec/latest/chapters/descriptorsets.html#VUID-VkDescriptorBufferInfo-buffer-parameter)[0m
[1;35m[1;33m[1;34m[TID 3056] 07-13-13:14:37.759 FATAL Game: Validation layer: vkCmdDispatch(): the storage buffer descriptor [VkDescriptorSet 0x1c000000001c, Set 0, Binding 3, Index 0, variable "biomeReg"] is using buffer VkBuffer 0x0 that is invalid or has been destroyed.
The Vulkan spec states: Descriptors in each bound descriptor set, specified via vkCmdBindDescriptorSets, must be valid if they are accessed as described by descriptor validity by the VkPipeline bound to the pipeline bind point used by this command and the bound VkPipeline was not created with VK_PIPELINE_CREATE_DESCRIPTOR_BUFFER_BIT_EXT (https://docs.vulkan.org/spec/latest/chapters/dispatch.html#VUID-vkCmdDispatch-None-08114)[0m
[1;34m[TID 10604] 07-13-13:14:37.764 INFO WorldGeneratorGPU: Biome stage completed[0m
[1;34m[TID 3788] 07-13-13:14:37.764 INFO WorldGeneratorGPU: Executing unit placement stage[0m
[1;35m[1;33m[1;34m[TID 16732] 07-13-13:14:37.764 FATAL Game: Validation layer: vkUpdateDescriptorSets(): pDescriptorWrites[5].pBufferInfo[0].buffer is VK_NULL_HANDLE, and descriptorType is VK_DESCRIPTOR_TYPE_STORAGE_BUFFER.
The Vulkan spec states: If the nullDescriptor feature is not enabled, buffer must not be VK_NULL_HANDLE (https://docs.vulkan.org/spec/latest/chapters/descriptorsets.html#VUID-VkDescriptorBufferInfo-buffer-02998)[0m
[1;35m[1;33m[1;34m[TID 3056] 07-13-13:14:37.768 FATAL Game: Validation layer: vkUpdateDescriptorSets(): pDescriptorWrites[6].pBufferInfo[0].buffer is VK_NULL_HANDLE, and descriptorType is VK_DESCRIPTOR_TYPE_STORAGE_BUFFER.
The Vulkan spec states: If the nullDescriptor feature is not enabled, buffer must not be VK_NULL_HANDLE (https://docs.vulkan.org/spec/latest/chapters/descriptorsets.html#VUID-VkDescriptorBufferInfo-buffer-02998)[0m
[1;35m[1;33m[1;34m[TID 10604] 07-13-13:14:37.771 FATAL Game: Validation layer: vkUpdateDescriptorSets(): pDescriptorWrites[5].pBufferInfo[0].buffer found in the template update has an invalid VkBuffer 0x0 (while trying to update a descriptorType of VK_DESCRIPTOR_TYPE_STORAGE_BUFFER).
The Vulkan spec states: If buffer is not VK_NULL_HANDLE, buffer must be a valid VkBuffer handle (https://docs.vulkan.org/spec/latest/chapters/descriptorsets.html#VUID-VkDescriptorBufferInfo-buffer-parameter)[0m
[1;35m[1;33m[1;34m[TID 16732] 07-13-13:14:37.775 FATAL Game: Validation layer: vkUpdateDescriptorSets(): pDescriptorWrites[6].pBufferInfo[0].buffer found in the template update has an invalid VkBuffer 0x0 (while trying to update a descriptorType of VK_DESCRIPTOR_TYPE_STORAGE_BUFFER).
The Vulkan spec states: If buffer is not VK_NULL_HANDLE, buffer must be a valid VkBuffer handle (https://docs.vulkan.org/spec/latest/chapters/descriptorsets.html#VUID-VkDescriptorBufferInfo-buffer-parameter)[0m
[1;35m[1;33m[1;34m[TID 3056] 07-13-13:14:37.779 FATAL Game: Validation layer: vkCmdDispatch(): the storage buffer descriptor [VkDescriptorSet 0x210000000021, Set 0, Binding 6, Index 0, variable "biomeRules"] is using buffer VkBuffer 0x0 that is invalid or has been destroyed.
The Vulkan spec states: Descriptors in each bound descriptor set, specified via vkCmdBindDescriptorSets, must be valid if they are accessed as described by descriptor validity by the VkPipeline bound to the pipeline bind point used by this command and the bound VkPipeline was not created with VK_PIPELINE_CREATE_DESCRIPTOR_BUFFER_BIT_EXT (https://docs.vulkan.org/spec/latest/chapters/dispatch.html#VUID-vkCmdDispatch-None-08114)[0m
[1;35m[1;33m[1;34m[TID 3788] 07-13-13:14:37.782 FATAL Game: Validation layer: vkCmdDispatch(): the storage buffer descriptor [VkDescriptorSet 0x210000000021, Set 0, Binding 5, Index 0, variable "unitReg"] is using buffer VkBuffer 0x0 that is invalid or has been destroyed.
The Vulkan spec states: Descriptors in each bound descriptor set, specified via vkCmdBindDescriptorSets, must be valid if they are accessed as described by descriptor validity by the VkPipeline bound to the pipeline bind point used by this command and the bound VkPipeline was not created with VK_PIPELINE_CREATE_DESCRIPTOR_BUFFER_BIT_EXT (https://docs.vulkan.org/spec/latest/chapters/dispatch.html#VUID-vkCmdDispatch-None-08114)[0m
[1;34m[TID 10604] 07-13-13:14:37.786 INFO WorldGeneratorGPU: Unit placement stage completed[0m
[1;34m[TID 16732] 07-13-13:14:37.786 INFO WorldGeneratorGPU: Executing polygon fence stage[0m
[1;35m[1;33m[1;34m[TID 3056] 07-13-13:14:37.786 FATAL Game: Validation layer: vkCmdDispatch(): the descriptor [VkDescriptorSet 0x110000000011, Set 0, Binding 0, Index 0, variable "inUnits"] is being used in dispatch but has never been updated via vkUpdateDescriptorSets() or a similar call.
The Vulkan spec states: Descriptors in each bound descriptor set, specified via vkCmdBindDescriptorSets, must be valid if they are accessed as described by descriptor validity by the VkPipeline bound to the pipeline bind point used by this command and the bound VkPipeline was not created with VK_PIPELINE_CREATE_DESCRIPTOR_BUFFER_BIT_EXT (https://docs.vulkan.org/spec/latest/chapters/dispatch.html#VUID-vkCmdDispatch-None-08114)[0m
[1;35m[1;33m[1;34m[TID 3788] 07-13-13:14:37.789 FATAL Game: Validation layer: vkCmdDispatch(): the descriptor [VkDescriptorSet 0x110000000011, Set 0, Binding 1, Index 0, variable "unitLookup"] is being used in dispatch but has never been updated via vkUpdateDescriptorSets() or a similar call.
The Vulkan spec states: Descriptors in each bound descriptor set, specified via vkCmdBindDescriptorSets, must be valid if they are accessed as described by descriptor validity by the VkPipeline bound to the pipeline bind point used by this command and the bound VkPipeline was not created with VK_PIPELINE_CREATE_DESCRIPTOR_BUFFER_BIT_EXT (https://docs.vulkan.org/spec/latest/chapters/dispatch.html#VUID-vkCmdDispatch-None-08114)[0m
[1;35m[1;33m[1;34m[TID 10604] 07-13-13:14:37.794 FATAL Game: Validation layer: vkCmdDispatch(): the descriptor [VkDescriptorSet 0x110000000011, Set 0, Binding 2, Index 0, variable "curableLookup"] is being used in dispatch but has never been updated via vkUpdateDescriptorSets() or a similar call.
The Vulkan spec states: Descriptors in each bound descriptor set, specified via vkCmdBindDescriptorSets, must be valid if they are accessed as described by descriptor validity by the VkPipeline bound to the pipeline bind point used by this command and the bound VkPipeline was not created with VK_PIPELINE_CREATE_DESCRIPTOR_BUFFER_BIT_EXT (https://docs.vulkan.org/spec/latest/chapters/dispatch.html#VUID-vkCmdDispatch-None-08114)[0m
[1;35m[1;33m[1;34m[TID 3056] 07-13-13:14:37.797 FATAL Game: Validation layer: vkCmdDispatch(): the descriptor [VkDescriptorSet 0x110000000011, Set 0, Binding 3, Index 0, variable "outPolFence"] is being used in dispatch but has never been updated via vkUpdateDescriptorSets() or a similar call.
The Vulkan spec states: Descriptors in each bound descriptor set, specified via vkCmdBindDescriptorSets, must be valid if they are accessed as described by descriptor validity by the VkPipeline bound to the pipeline bind point used by this command and the bound VkPipeline was not created with VK_PIPELINE_CREATE_DESCRIPTOR_BUFFER_BIT_EXT (https://docs.vulkan.org/spec/latest/chapters/dispatch.html#VUID-vkCmdDispatch-None-08114)[0m
[1;35m[1;33m[1;34m[TID 16732] 07-13-13:14:37.805 FATAL Game: Validation layer: vkCmdDispatch(): Pipeline uses a push constant range with offset 0 and size 36, but 4 bytes were never set with vkCmdPushConstants.[0m
[1;34m[TID 3788] 07-13-13:14:37.812 INFO WorldGeneratorGPU: Polygon fence stage completed[0m
[1;34m[TID 10604] 07-13-13:14:37.891 INFO WorldGeneratorGPU: WorldGeneratorGPU shutdown complete[0m
