[1;34m[TID 16584] 07-13-12:05:52.407 INFO WorldGeneratorGPU: Initialize - Set chunk dimensions to 64x128x64[0m
[1;34m[TID 18052] 07-13-12:05:52.407 INFO WorldGeneratorGPU: Initialize - Creating noise generator[0m
[1;34m[TID 4736] 07-13-12:05:52.407 INFO WorldGeneratorGPU: ChunkGeneratorGPU::Initialize - Setting device pointers[0m
[1;35m[1;33m[1;34m[TID 13244] 07-13-12:05:52.413 FATAL Game: Validation layer: vkBindBufferMemory(): Trying to bind VkBuffer 0x30000000003 to a memory block which is fully consumed by the buffer. The required size of the allocation is 1024, but smaller buffers like this should be sub-allocated from larger memory blocks. (Current threshold is 1048576 bytes)[0m
[1;35m[1;33m[1;34m[TID 16584] 07-13-12:05:52.624 FATAL Game: Validation layer: vkBindBufferMemory(): Trying to bind VkBuffer 0x50000000005 to a memory block which is fully consumed by the buffer. The required size of the allocation is 1024, but smaller buffers like this should be sub-allocated from larger memory blocks. (Current threshold is 1048576 bytes)[0m
[1;34m[TID 4736] 07-13-12:05:52.730 INFO WorldGeneratorGPU: Initialize - Noise generator created[0m
[1;34m[TID 18052] 07-13-12:05:52.731 INFO WorldGeneratorGPU: Initialize - Creating descriptor sets[0m
[1;34m[TID 13244] 07-13-12:05:52.731 INFO WorldGeneratorGPU: Descriptor sets created successfully[0m
[1;34m[TID 16584] 07-13-12:05:52.731 INFO WorldGeneratorGPU: ChunkGeneratorGPU::Initialize - Step 7: Descriptor sets created[0m
[1;34m[TID 4736] 07-13-12:05:52.731 INFO WorldGeneratorGPU: Initialize - Creating compute pipelines[0m
[1;35m[1;33m[1;34m[TID 18052] 07-13-12:05:52.867 FATAL Game: Validation layer: vkCreateComputePipelines(): pCreateInfos[0].stage SPIR-V (VK_SHADER_STAGE_COMPUTE_BIT) is using push constants, but no VkPushConstantRange were found in VkPipelineLayout 0x160000000016.
The Vulkan spec states: If a push constant block is declared in a shader and layout is not VK_NULL_HANDLE, a push constant range in layout must match the shader stage (https://docs.vulkan.org/spec/latest/chapters/pipelines.html#VUID-VkComputePipelineCreateInfo-layout-07987)[0m
[1;35m[1;33m[1;34m[TID 16584] 07-13-12:05:52.892 FATAL Game: Validation layer: vkCreateComputePipelines(): pCreateInfos[0].stage SPIR-V (VK_SHADER_STAGE_COMPUTE_BIT) is using push constants, but no VkPushConstantRange were found in VkPipelineLayout 0x1a000000001a.
The Vulkan spec states: If a push constant block is declared in a shader and layout is not VK_NULL_HANDLE, a push constant range in layout must match the shader stage (https://docs.vulkan.org/spec/latest/chapters/pipelines.html#VUID-VkComputePipelineCreateInfo-layout-07987)[0m
[1;35m[1;33m[1;34m[TID 4736] 07-13-12:05:52.921 FATAL Game: Validation layer: vkCreateComputePipelines(): pCreateInfos[0].stage SPIR-V (VK_SHADER_STAGE_COMPUTE_BIT) is using push constants, but no VkPushConstantRange were found in VkPipelineLayout 0x1d000000001d.
The Vulkan spec states: If a push constant block is declared in a shader and layout is not VK_NULL_HANDLE, a push constant range in layout must match the shader stage (https://docs.vulkan.org/spec/latest/chapters/pipelines.html#VUID-VkComputePipelineCreateInfo-layout-07987)[0m
[1;35m[1;33m[1;34m[TID 13244] 07-13-12:05:52.925 FATAL Game: Validation layer: vkCreateComputePipelines(): pCreateInfos[0].stage SPIR-V (VK_SHADER_STAGE_COMPUTE_BIT) uses descriptor [Set 0, Binding 1, variable "inTemp"] but the binding was not declared in the VkPipelineLayoutCreateInfo::pSetLayouts[0].
Possible VkDescriptorType that could be used are: VK_DESCRIPTOR_TYPE_STORAGE_BUFFER or VK_DESCRIPTOR_TYPE_STORAGE_BUFFER_DYNAMIC.
The Vulkan spec states: If a resource variable is declared in a shader and layout is not VK_NULL_HANDLE, the corresponding descriptor set in layout must match the shader stage (https://docs.vulkan.org/spec/latest/chapters/pipelines.html#VUID-VkComputePipelineCreateInfo-layout-07988)[0m
[1;35m[1;33m[1;34m[TID 18052] 07-13-12:05:52.934 FATAL Game: Validation layer: vkCreateComputePipelines(): pCreateInfos[0].stage SPIR-V (VK_SHADER_STAGE_COMPUTE_BIT) uses descriptor [Set 0, Binding 4, variable "inHeight"] but the binding was not declared in the VkPipelineLayoutCreateInfo::pSetLayouts[0].
Possible VkDescriptorType that could be used are: VK_DESCRIPTOR_TYPE_STORAGE_BUFFER or VK_DESCRIPTOR_TYPE_STORAGE_BUFFER_DYNAMIC.
The Vulkan spec states: If a resource variable is declared in a shader and layout is not VK_NULL_HANDLE, the corresponding descriptor set in layout must match the shader stage (https://docs.vulkan.org/spec/latest/chapters/pipelines.html#VUID-VkComputePipelineCreateInfo-layout-07988)[0m
[1;35m[1;33m[1;34m[TID 16584] 07-13-12:05:52.941 FATAL Game: Validation layer: vkCreateComputePipelines(): pCreateInfos[0].stage SPIR-V (VK_SHADER_STAGE_COMPUTE_BIT) uses descriptor [Set 0, Binding 6, variable "biomeRules"] but the binding was not declared in the VkPipelineLayoutCreateInfo::pSetLayouts[0].
Possible VkDescriptorType that could be used are: VK_DESCRIPTOR_TYPE_STORAGE_BUFFER or VK_DESCRIPTOR_TYPE_STORAGE_BUFFER_DYNAMIC.
The Vulkan spec states: If a resource variable is declared in a shader and layout is not VK_NULL_HANDLE, the corresponding descriptor set in layout must match the shader stage (https://docs.vulkan.org/spec/latest/chapters/pipelines.html#VUID-VkComputePipelineCreateInfo-layout-07988)[0m
[1;35m[1;33m[1;34m[TID 4736] 07-13-12:05:52.949 FATAL Game: Validation layer: vkCreateComputePipelines(): pCreateInfos[0].stage SPIR-V (VK_SHADER_STAGE_COMPUTE_BIT) uses descriptor [Set 0, Binding 7, variable "outUnit"] but the binding was not declared in the VkPipelineLayoutCreateInfo::pSetLayouts[0].
Possible VkDescriptorType that could be used are: VK_DESCRIPTOR_TYPE_STORAGE_BUFFER or VK_DESCRIPTOR_TYPE_STORAGE_BUFFER_DYNAMIC.
The Vulkan spec states: If a resource variable is declared in a shader and layout is not VK_NULL_HANDLE, the corresponding descriptor set in layout must match the shader stage (https://docs.vulkan.org/spec/latest/chapters/pipelines.html#VUID-VkComputePipelineCreateInfo-layout-07988)[0m
[1;35m[1;33m[1;34m[TID 13244] 07-13-12:05:52.956 FATAL Game: Validation layer: vkCreateComputePipelines(): pCreateInfos[0].stage SPIR-V (VK_SHADER_STAGE_COMPUTE_BIT) uses descriptor [Set 0, Binding 0, variable "inBiome"] but the binding was not declared in the VkPipelineLayoutCreateInfo::pSetLayouts[0].
Possible VkDescriptorType that could be used are: VK_DESCRIPTOR_TYPE_STORAGE_BUFFER or VK_DESCRIPTOR_TYPE_STORAGE_BUFFER_DYNAMIC.
The Vulkan spec states: If a resource variable is declared in a shader and layout is not VK_NULL_HANDLE, the corresponding descriptor set in layout must match the shader stage (https://docs.vulkan.org/spec/latest/chapters/pipelines.html#VUID-VkComputePipelineCreateInfo-layout-07988)[0m
[1;35m[1;33m[1;34m[TID 18052] 07-13-12:05:52.967 FATAL Game: Validation layer: vkCreateComputePipelines(): pCreateInfos[0].stage SPIR-V (VK_SHADER_STAGE_COMPUTE_BIT) uses descriptor [Set 0, Binding 5, variable "unitReg"] but the binding was not declared in the VkPipelineLayoutCreateInfo::pSetLayouts[0].
Possible VkDescriptorType that could be used are: VK_DESCRIPTOR_TYPE_STORAGE_BUFFER or VK_DESCRIPTOR_TYPE_STORAGE_BUFFER_DYNAMIC.
The Vulkan spec states: If a resource variable is declared in a shader and layout is not VK_NULL_HANDLE, the corresponding descriptor set in layout must match the shader stage (https://docs.vulkan.org/spec/latest/chapters/pipelines.html#VUID-VkComputePipelineCreateInfo-layout-07988)[0m
[1;35m[1;33m[1;34m[TID 16584] 07-13-12:05:52.970 FATAL Game: Validation layer: vkCreateComputePipelines(): pCreateInfos[0].stage SPIR-V (VK_SHADER_STAGE_COMPUTE_BIT) uses descriptor [Set 0, Binding 2, variable "inMoist"] but the binding was not declared in the VkPipelineLayoutCreateInfo::pSetLayouts[0].
Possible VkDescriptorType that could be used are: VK_DESCRIPTOR_TYPE_STORAGE_BUFFER or VK_DESCRIPTOR_TYPE_STORAGE_BUFFER_DYNAMIC.
The Vulkan spec states: If a resource variable is declared in a shader and layout is not VK_NULL_HANDLE, the corresponding descriptor set in layout must match the shader stage (https://docs.vulkan.org/spec/latest/chapters/pipelines.html#VUID-VkComputePipelineCreateInfo-layout-07988)[0m
[1;35m[1;33m[1;34m[TID 4736] 07-13-12:05:52.979 FATAL Game: Validation layer: vkCreateComputePipelines(): pCreateInfos[0].stage SPIR-V (VK_SHADER_STAGE_COMPUTE_BIT) uses descriptor [Set 0, Binding 3, variable "inElev"] but the binding was not declared in the VkPipelineLayoutCreateInfo::pSetLayouts[0].
Possible VkDescriptorType that could be used are: VK_DESCRIPTOR_TYPE_STORAGE_BUFFER or VK_DESCRIPTOR_TYPE_STORAGE_BUFFER_DYNAMIC.
The Vulkan spec states: If a resource variable is declared in a shader and layout is not VK_NULL_HANDLE, the corresponding descriptor set in layout must match the shader stage (https://docs.vulkan.org/spec/latest/chapters/pipelines.html#VUID-VkComputePipelineCreateInfo-layout-07988)[0m
[1;34m[TID 13244] 07-13-12:05:53.080 INFO WorldGeneratorGPU: Compute pipelines created successfully[0m
[1;34m[TID 16584] 07-13-12:05:53.080 INFO WorldGeneratorGPU: Initialize - Creating noise buffers[0m
[1;34m[TID 18052] 07-13-12:05:53.080 INFO WorldGeneratorGPU: Initialize - Compute pipelines created[0m
[1;34m[TID 4736] 07-13-12:05:53.081 INFO WorldGeneratorGPU: Initialize - Noise buffers created[0m
[1;34m[TID 13244] 07-13-12:05:53.081 INFO WorldGeneratorGPU: Initialize - Creating world output buffers[0m
[1;34m[TID 18052] 07-13-12:05:53.098 INFO WorldGeneratorGPU: Initialize - World output buffers created[0m
[1;34m[TID 16584] 07-13-12:05:53.098 INFO WorldGeneratorGPU: Initialize - Initializing async queue[0m
[1;34m[TID 13244] 07-13-12:05:53.098 INFO WorldGeneratorGPU: WorldGeneratorGPU initialized successfully[0m
[1;34m[TID 4736] 07-13-12:05:53.098 INFO WorldGeneratorGPU: Skipping biome stage for integrated GPU; simplify generation[0m
[1;34m[TID 18052] 07-13-12:05:53.098 INFO WorldGeneratorGPU: Skipping unit placement stage for integrated GPU; minimal generation[0m
[1;34m[TID 18052] 07-13-12:05:53.098 INFO WorldGeneratorGPU: Skipping polygon fence generation for integrated GPU[0m
[1;34m[TID 13244] 07-13-12:05:53.120 INFO WorldGeneratorGPU: WorldGeneratorGPU shutdown complete[0m
[1;34m[TID 16584] 07-13-12:05:53.171 INFO WorldGeneratorGPU: ChunkGeneratorGPU::Initialize - Setting device pointers[0m
[1;34m[TID 4736] 07-13-12:05:53.171 INFO WorldGeneratorGPU: Initialize - Creating noise generator[0m
[1;34m[TID 18052] 07-13-12:05:53.171 INFO WorldGeneratorGPU: Initialize - Set chunk dimensions to 64x128x64[0m
[1;35m[1;33m[1;34m[TID 13244] 07-13-12:05:53.172 FATAL Game: Validation layer: vkBindBufferMemory(): Trying to bind VkBuffer 0x300000000030 to a memory block which is fully consumed by the buffer. The required size of the allocation is 1024, but smaller buffers like this should be sub-allocated from larger memory blocks. (Current threshold is 1048576 bytes)[0m
[1;35m[1;33m[1;34m[TID 16584] 07-13-12:05:53.175 FATAL Game: Validation layer: vkBindBufferMemory(): Trying to bind VkBuffer 0x320000000032 to a memory block which is fully consumed by the buffer. The required size of the allocation is 1024, but smaller buffers like this should be sub-allocated from larger memory blocks. (Current threshold is 1048576 bytes)[0m
[1;34m[TID 18052] 07-13-12:05:53.184 INFO WorldGeneratorGPU: Initialize - Noise generator created[0m
[1;34m[TID 4736] 07-13-12:05:53.185 INFO WorldGeneratorGPU: Initialize - Creating descriptor sets[0m
[1;34m[TID 13244] 07-13-12:05:53.185 INFO WorldGeneratorGPU: Descriptor sets created successfully[0m
[1;34m[TID 16584] 07-13-12:05:53.185 INFO WorldGeneratorGPU: ChunkGeneratorGPU::Initialize - Step 7: Descriptor sets created[0m
[1;34m[TID 16584] 07-13-12:05:53.185 INFO WorldGeneratorGPU: Initialize - Creating compute pipelines[0m
[1;35m[1;33m[1;34m[TID 13244] 07-13-12:05:53.188 FATAL Game: Validation layer: vkCreateComputePipelines(): pCreateInfos[0].stage SPIR-V (VK_SHADER_STAGE_COMPUTE_BIT) is using push constants, but no VkPushConstantRange were found in VkPipelineLayout 0x430000000043.
The Vulkan spec states: If a push constant block is declared in a shader and layout is not VK_NULL_HANDLE, a push constant range in layout must match the shader stage (https://docs.vulkan.org/spec/latest/chapters/pipelines.html#VUID-VkComputePipelineCreateInfo-layout-07987)[0m
[1;35m[1;33m[1;34m[TID 4736] 07-13-12:05:53.193 FATAL Game: Validation layer: vkCreateComputePipelines(): pCreateInfos[0].stage SPIR-V (VK_SHADER_STAGE_COMPUTE_BIT) is using push constants, but no VkPushConstantRange were found in VkPipelineLayout 0x470000000047.
The Vulkan spec states: If a push constant block is declared in a shader and layout is not VK_NULL_HANDLE, a push constant range in layout must match the shader stage (https://docs.vulkan.org/spec/latest/chapters/pipelines.html#VUID-VkComputePipelineCreateInfo-layout-07987)[0m
[1;35m[1;33m[1;34m[TID 16584] 07-13-12:05:53.201 FATAL Game: Validation layer: vkCreateComputePipelines(): pCreateInfos[0].stage SPIR-V (VK_SHADER_STAGE_COMPUTE_BIT) is using push constants, but no VkPushConstantRange were found in VkPipelineLayout 0x4a000000004a.
The Vulkan spec states: If a push constant block is declared in a shader and layout is not VK_NULL_HANDLE, a push constant range in layout must match the shader stage (https://docs.vulkan.org/spec/latest/chapters/pipelines.html#VUID-VkComputePipelineCreateInfo-layout-07987)[0m
[1;35m[1;33m[1;34m[TID 18052] 07-13-12:05:53.204 FATAL Game: Validation layer: vkCreateComputePipelines(): pCreateInfos[0].stage SPIR-V (VK_SHADER_STAGE_COMPUTE_BIT) uses descriptor [Set 0, Binding 1, variable "inTemp"] but the binding was not declared in the VkPipelineLayoutCreateInfo::pSetLayouts[0].
Possible VkDescriptorType that could be used are: VK_DESCRIPTOR_TYPE_STORAGE_BUFFER or VK_DESCRIPTOR_TYPE_STORAGE_BUFFER_DYNAMIC.
The Vulkan spec states: If a resource variable is declared in a shader and layout is not VK_NULL_HANDLE, the corresponding descriptor set in layout must match the shader stage (https://docs.vulkan.org/spec/latest/chapters/pipelines.html#VUID-VkComputePipelineCreateInfo-layout-07988)[0m
[1;35m[1;33m[1;34m[TID 13244] 07-13-12:05:53.209 FATAL Game: Validation layer: vkCreateComputePipelines(): pCreateInfos[0].stage SPIR-V (VK_SHADER_STAGE_COMPUTE_BIT) uses descriptor [Set 0, Binding 4, variable "inHeight"] but the binding was not declared in the VkPipelineLayoutCreateInfo::pSetLayouts[0].
Possible VkDescriptorType that could be used are: VK_DESCRIPTOR_TYPE_STORAGE_BUFFER or VK_DESCRIPTOR_TYPE_STORAGE_BUFFER_DYNAMIC.
The Vulkan spec states: If a resource variable is declared in a shader and layout is not VK_NULL_HANDLE, the corresponding descriptor set in layout must match the shader stage (https://docs.vulkan.org/spec/latest/chapters/pipelines.html#VUID-VkComputePipelineCreateInfo-layout-07988)[0m
[1;35m[1;33m[1;34m[TID 4736] 07-13-12:05:53.216 FATAL Game: Validation layer: vkCreateComputePipelines(): pCreateInfos[0].stage SPIR-V (VK_SHADER_STAGE_COMPUTE_BIT) uses descriptor [Set 0, Binding 6, variable "biomeRules"] but the binding was not declared in the VkPipelineLayoutCreateInfo::pSetLayouts[0].
Possible VkDescriptorType that could be used are: VK_DESCRIPTOR_TYPE_STORAGE_BUFFER or VK_DESCRIPTOR_TYPE_STORAGE_BUFFER_DYNAMIC.
The Vulkan spec states: If a resource variable is declared in a shader and layout is not VK_NULL_HANDLE, the corresponding descriptor set in layout must match the shader stage (https://docs.vulkan.org/spec/latest/chapters/pipelines.html#VUID-VkComputePipelineCreateInfo-layout-07988)[0m
[1;35m[1;33m[1;34m[TID 16584] 07-13-12:05:53.220 FATAL Game: Validation layer: vkCreateComputePipelines(): pCreateInfos[0].stage SPIR-V (VK_SHADER_STAGE_COMPUTE_BIT) uses descriptor [Set 0, Binding 7, variable "outUnit"] but the binding was not declared in the VkPipelineLayoutCreateInfo::pSetLayouts[0].
Possible VkDescriptorType that could be used are: VK_DESCRIPTOR_TYPE_STORAGE_BUFFER or VK_DESCRIPTOR_TYPE_STORAGE_BUFFER_DYNAMIC.
The Vulkan spec states: If a resource variable is declared in a shader and layout is not VK_NULL_HANDLE, the corresponding descriptor set in layout must match the shader stage (https://docs.vulkan.org/spec/latest/chapters/pipelines.html#VUID-VkComputePipelineCreateInfo-layout-07988)[0m
[1;35m[1;33m[1;34m[TID 18052] 07-13-12:05:53.224 FATAL Game: Validation layer: vkCreateComputePipelines(): pCreateInfos[0].stage SPIR-V (VK_SHADER_STAGE_COMPUTE_BIT) uses descriptor [Set 0, Binding 0, variable "inBiome"] but the binding was not declared in the VkPipelineLayoutCreateInfo::pSetLayouts[0].
Possible VkDescriptorType that could be used are: VK_DESCRIPTOR_TYPE_STORAGE_BUFFER or VK_DESCRIPTOR_TYPE_STORAGE_BUFFER_DYNAMIC.
The Vulkan spec states: If a resource variable is declared in a shader and layout is not VK_NULL_HANDLE, the corresponding descriptor set in layout must match the shader stage (https://docs.vulkan.org/spec/latest/chapters/pipelines.html#VUID-VkComputePipelineCreateInfo-layout-07988)[0m
[1;35m[1;33m[1;34m[TID 13244] 07-13-12:05:53.231 FATAL Game: Validation layer: vkCreateComputePipelines(): pCreateInfos[0].stage SPIR-V (VK_SHADER_STAGE_COMPUTE_BIT) uses descriptor [Set 0, Binding 5, variable "unitReg"] but the binding was not declared in the VkPipelineLayoutCreateInfo::pSetLayouts[0].
Possible VkDescriptorType that could be used are: VK_DESCRIPTOR_TYPE_STORAGE_BUFFER or VK_DESCRIPTOR_TYPE_STORAGE_BUFFER_DYNAMIC.
The Vulkan spec states: If a resource variable is declared in a shader and layout is not VK_NULL_HANDLE, the corresponding descriptor set in layout must match the shader stage (https://docs.vulkan.org/spec/latest/chapters/pipelines.html#VUID-VkComputePipelineCreateInfo-layout-07988)[0m
[1;35m[1;33m[1;34m[TID 4736] 07-13-12:05:53.235 FATAL Game: Validation layer: vkCreateComputePipelines(): pCreateInfos[0].stage SPIR-V (VK_SHADER_STAGE_COMPUTE_BIT) uses descriptor [Set 0, Binding 2, variable "inMoist"] but the binding was not declared in the VkPipelineLayoutCreateInfo::pSetLayouts[0].
Possible VkDescriptorType that could be used are: VK_DESCRIPTOR_TYPE_STORAGE_BUFFER or VK_DESCRIPTOR_TYPE_STORAGE_BUFFER_DYNAMIC.
The Vulkan spec states: If a resource variable is declared in a shader and layout is not VK_NULL_HANDLE, the corresponding descriptor set in layout must match the shader stage (https://docs.vulkan.org/spec/latest/chapters/pipelines.html#VUID-VkComputePipelineCreateInfo-layout-07988)[0m
[1;35m[1;33m[1;34m[TID 16584] 07-13-12:05:53.243 FATAL Game: Validation layer: vkCreateComputePipelines(): pCreateInfos[0].stage SPIR-V (VK_SHADER_STAGE_COMPUTE_BIT) uses descriptor [Set 0, Binding 3, variable "inElev"] but the binding was not declared in the VkPipelineLayoutCreateInfo::pSetLayouts[0].
Possible VkDescriptorType that could be used are: VK_DESCRIPTOR_TYPE_STORAGE_BUFFER or VK_DESCRIPTOR_TYPE_STORAGE_BUFFER_DYNAMIC.
The Vulkan spec states: If a resource variable is declared in a shader and layout is not VK_NULL_HANDLE, the corresponding descriptor set in layout must match the shader stage (https://docs.vulkan.org/spec/latest/chapters/pipelines.html#VUID-VkComputePipelineCreateInfo-layout-07988)[0m
[1;34m[TID 18052] 07-13-12:05:53.251 INFO WorldGeneratorGPU: Compute pipelines created successfully[0m
[1;34m[TID 13244] 07-13-12:05:53.251 INFO WorldGeneratorGPU: Initialize - Compute pipelines created[0m
[1;34m[TID 4736] 07-13-12:05:53.251 INFO WorldGeneratorGPU: Initialize - Creating noise buffers[0m
[1;34m[TID 16584] 07-13-12:05:53.252 INFO WorldGeneratorGPU: Initialize - Noise buffers created[0m
[1;34m[TID 18052] 07-13-12:05:53.253 INFO WorldGeneratorGPU: Initialize - Creating world output buffers[0m
[1;34m[TID 4736] 07-13-12:05:53.256 INFO WorldGeneratorGPU: Initialize - World output buffers created[0m
[1;34m[TID 13244] 07-13-12:05:53.256 INFO WorldGeneratorGPU: Initialize - Initializing async queue[0m
[1;34m[TID 18052] 07-13-12:05:53.256 INFO WorldGeneratorGPU: WorldGeneratorGPU initialized successfully[0m
[1;34m[TID 16584] 07-13-12:05:53.257 INFO WorldGeneratorGPU: Skipping biome stage for integrated GPU; simplify generation[0m
[1;34m[TID 18052] 07-13-12:05:53.259 INFO WorldGeneratorGPU: Skipping polygon fence generation for integrated GPU[0m
[1;34m[TID 16584] 07-13-12:05:53.259 INFO WorldGeneratorGPU: Skipping unit placement stage for integrated GPU; minimal generation[0m
[1;35m[1;33m[1;34m[TID 4736] 07-13-12:05:53.282 FATAL Game: Validation layer: vkUpdateDescriptorSets(): pDescriptorWrites[1].pBufferInfo[0].buffer is VK_NULL_HANDLE, and descriptorType is VK_DESCRIPTOR_TYPE_STORAGE_BUFFER.
The Vulkan spec states: If the nullDescriptor feature is not enabled, buffer must not be VK_NULL_HANDLE (https://docs.vulkan.org/spec/latest/chapters/descriptorsets.html#VUID-VkDescriptorBufferInfo-buffer-02998)[0m
[1;35m[1;33m[1;34m[TID 13244] 07-13-12:05:53.299 FATAL Game: Validation layer: vkUpdateDescriptorSets(): pDescriptorWrites[2].pBufferInfo[0].buffer is VK_NULL_HANDLE, and descriptorType is VK_DESCRIPTOR_TYPE_STORAGE_BUFFER.
The Vulkan spec states: If the nullDescriptor feature is not enabled, buffer must not be VK_NULL_HANDLE (https://docs.vulkan.org/spec/latest/chapters/descriptorsets.html#VUID-VkDescriptorBufferInfo-buffer-02998)[0m
[1;35m[1;33m[1;34m[TID 18052] 07-13-12:05:53.302 FATAL Game: Validation layer: vkUpdateDescriptorSets(): pDescriptorWrites[1].pBufferInfo[0].buffer found in the template update has an invalid VkBuffer 0x0 (while trying to update a descriptorType of VK_DESCRIPTOR_TYPE_STORAGE_BUFFER).
The Vulkan spec states: If buffer is not VK_NULL_HANDLE, buffer must be a valid VkBuffer handle (https://docs.vulkan.org/spec/latest/chapters/descriptorsets.html#VUID-VkDescriptorBufferInfo-buffer-parameter)[0m
[1;35m[1;33m[1;34m[TID 16584] 07-13-12:05:53.309 FATAL Game: Validation layer: vkUpdateDescriptorSets(): pDescriptorWrites[2].pBufferInfo[0].buffer found in the template update has an invalid VkBuffer 0x0 (while trying to update a descriptorType of VK_DESCRIPTOR_TYPE_STORAGE_BUFFER).
The Vulkan spec states: If buffer is not VK_NULL_HANDLE, buffer must be a valid VkBuffer handle (https://docs.vulkan.org/spec/latest/chapters/descriptorsets.html#VUID-VkDescriptorBufferInfo-buffer-parameter)[0m
[1;34m[TID 13244] 07-13-12:05:53.316 INFO WorldGeneratorGPU: Starting chunk generation pipeline for dimensions 64x128x64[0m
[1;34m[TID 4736] 07-13-12:05:53.316 INFO WorldGeneratorGPU: Updated polFence descriptor set with lookup table buffers[0m
[1;34m[TID 18052] 07-13-12:05:53.316 INFO WorldGeneratorGPU: Executing noise stage[0m
